[2025-07-03T05:11:36.081+0000] {local_task_job_runner.py:123} INFO - ::group::Pre task execution logs
[2025-07-03T05:11:36.107+0000] {taskinstance.py:2612} INFO - Dependencies all met for dep_context=non-requeueable deps ti=<TaskInstance: extract_raw_data_pipeline.run_dbt_trusted manual__2025-07-03T05:11:12.131774+00:00 [queued]>
[2025-07-03T05:11:36.121+0000] {taskinstance.py:2612} INFO - Dependencies all met for dep_context=requeueable deps ti=<TaskInstance: extract_raw_data_pipeline.run_dbt_trusted manual__2025-07-03T05:11:12.131774+00:00 [queued]>
[2025-07-03T05:11:36.122+0000] {taskinstance.py:2865} INFO - Starting attempt 1 of 1
[2025-07-03T05:11:36.142+0000] {taskinstance.py:2888} INFO - Executing <Task(BashOperator): run_dbt_trusted> on 2025-07-03 05:11:12.131774+00:00
[2025-07-03T05:11:36.157+0000] {warnings.py:112} WARNING - /home/***/.local/lib/python3.12/site-packages/***/task/task_runner/standard_task_runner.py:70: DeprecationWarning: This process (pid=147) is multi-threaded, use of fork() may lead to deadlocks in the child.
  pid = os.fork()

[2025-07-03T05:11:36.159+0000] {standard_task_runner.py:104} INFO - Running: ['***', 'tasks', 'run', 'extract_raw_data_pipeline', 'run_dbt_trusted', 'manual__2025-07-03T05:11:12.131774+00:00', '--job-id', '32', '--raw', '--subdir', 'DAGS_FOLDER/driven_data_pipeline.py', '--cfg-path', '/tmp/tmpsgsfn4gz']
[2025-07-03T05:11:36.160+0000] {standard_task_runner.py:72} INFO - Started process 149 to run task
[2025-07-03T05:11:36.161+0000] {standard_task_runner.py:105} INFO - Job 32: Subtask run_dbt_trusted
[2025-07-03T05:11:36.244+0000] {task_command.py:467} INFO - Running <TaskInstance: extract_raw_data_pipeline.run_dbt_trusted manual__2025-07-03T05:11:12.131774+00:00 [running]> on host f3c758e9ffe7
[2025-07-03T05:11:36.382+0000] {taskinstance.py:3131} INFO - Exporting env vars: AIRFLOW_CTX_DAG_OWNER='***' AIRFLOW_CTX_DAG_ID='extract_raw_data_pipeline' AIRFLOW_CTX_TASK_ID='run_dbt_trusted' AIRFLOW_CTX_EXECUTION_DATE='2025-07-03T05:11:12.131774+00:00' AIRFLOW_CTX_TRY_NUMBER='1' AIRFLOW_CTX_DAG_RUN_ID='manual__2025-07-03T05:11:12.131774+00:00'
[2025-07-03T05:11:36.384+0000] {taskinstance.py:731} INFO - ::endgroup::
[2025-07-03T05:11:36.404+0000] {subprocess.py:63} INFO - Tmp dir root location: /tmp
[2025-07-03T05:11:36.407+0000] {subprocess.py:75} INFO - Running command: ['/usr/bin/bash', '-c', 'cd /opt/***/dbt && dbt run --select tag:trusted']
[2025-07-03T05:11:36.432+0000] {subprocess.py:86} INFO - Output:
[2025-07-03T05:11:40.402+0000] {subprocess.py:93} INFO - [0m05:11:40  Running with dbt=1.10.3
[2025-07-03T05:11:40.975+0000] {subprocess.py:93} INFO - [0m05:11:40  Registered adapter: postgres=1.9.0
[2025-07-03T05:11:41.886+0000] {subprocess.py:93} INFO - [0m05:11:41  Found 9 models, 11 sources, 433 macros
[2025-07-03T05:11:41.894+0000] {subprocess.py:93} INFO - [0m05:11:41
[2025-07-03T05:11:41.895+0000] {subprocess.py:93} INFO - [0m05:11:41  Concurrency: 1 threads (target='dev')
[2025-07-03T05:11:41.897+0000] {subprocess.py:93} INFO - [0m05:11:41
[2025-07-03T05:11:42.255+0000] {subprocess.py:93} INFO - [0m05:11:42  1 of 4 START sql table model driven_trusted.non_pii_data ....................... [RUN]
[2025-07-03T05:11:42.634+0000] {subprocess.py:93} INFO - [0m05:11:42  1 of 4 OK created sql table model driven_trusted.non_pii_data .................. [[32mSELECT 3500[0m in 0.37s]
[2025-07-03T05:11:42.638+0000] {subprocess.py:93} INFO - [0m05:11:42  2 of 4 START sql table model driven_trusted.payment_data ....................... [RUN]
[2025-07-03T05:11:42.772+0000] {subprocess.py:93} INFO - [0m05:11:42  2 of 4 OK created sql table model driven_trusted.payment_data .................. [[32mSELECT 700[0m in 0.13s]
[2025-07-03T05:11:42.782+0000] {subprocess.py:93} INFO - [0m05:11:42  3 of 4 START sql table model driven_trusted.pii_data ........................... [RUN]
[2025-07-03T05:11:42.933+0000] {subprocess.py:93} INFO - [0m05:11:42  3 of 4 OK created sql table model driven_trusted.pii_data ...................... [[32mSELECT 3500[0m in 0.15s]
[2025-07-03T05:11:42.937+0000] {subprocess.py:93} INFO - [0m05:11:42  4 of 4 START sql table model driven_trusted.technical_data ..................... [RUN]
[2025-07-03T05:11:43.078+0000] {subprocess.py:93} INFO - [0m05:11:43  4 of 4 OK created sql table model driven_trusted.technical_data ................ [[32mSELECT 700[0m in 0.13s]
[2025-07-03T05:11:43.120+0000] {subprocess.py:93} INFO - [0m05:11:43
[2025-07-03T05:11:43.121+0000] {subprocess.py:93} INFO - [0m05:11:43  Finished running 4 table models in 0 hours 0 minutes and 1.22 seconds (1.22s).
[2025-07-03T05:11:43.225+0000] {subprocess.py:93} INFO - [0m05:11:43
[2025-07-03T05:11:43.226+0000] {subprocess.py:93} INFO - [0m05:11:43  [32mCompleted successfully[0m
[2025-07-03T05:11:43.228+0000] {subprocess.py:93} INFO - [0m05:11:43
[2025-07-03T05:11:43.229+0000] {subprocess.py:93} INFO - [0m05:11:43  Done. PASS=4 WARN=0 ERROR=0 SKIP=0 NO-OP=0 TOTAL=4
[2025-07-03T05:11:44.561+0000] {subprocess.py:97} INFO - Command exited with return code 0
[2025-07-03T05:11:44.617+0000] {taskinstance.py:340} INFO - ::group::Post task execution logs
[2025-07-03T05:11:44.618+0000] {taskinstance.py:352} INFO - Marking task as SUCCESS. dag_id=extract_raw_data_pipeline, task_id=run_dbt_trusted, run_id=manual__2025-07-03T05:11:12.131774+00:00, execution_date=20250703T051112, start_date=20250703T051136, end_date=20250703T051144
[2025-07-03T05:11:44.695+0000] {local_task_job_runner.py:266} INFO - Task exited with return code 0
[2025-07-03T05:11:44.723+0000] {taskinstance.py:3900} INFO - 0 downstream tasks scheduled from follow-on schedule check
[2025-07-03T05:11:44.725+0000] {local_task_job_runner.py:245} INFO - ::endgroup::
