[2025-07-03T04:07:03.420+0000] {local_task_job_runner.py:123} INFO - ::group::Pre task execution logs
[2025-07-03T04:07:03.461+0000] {taskinstance.py:2612} INFO - Dependencies all met for dep_context=non-requeueable deps ti=<TaskInstance: extract_raw_data_pipeline.run_dbt_staging scheduled__2025-07-02T07:58:00+00:00 [queued]>
[2025-07-03T04:07:03.480+0000] {taskinstance.py:2612} INFO - Dependencies all met for dep_context=requeueable deps ti=<TaskInstance: extract_raw_data_pipeline.run_dbt_staging scheduled__2025-07-02T07:58:00+00:00 [queued]>
[2025-07-03T04:07:03.481+0000] {taskinstance.py:2865} INFO - Starting attempt 1 of 1
[2025-07-03T04:07:03.512+0000] {taskinstance.py:2888} INFO - Executing <Task(BashOperator): run_dbt_staging> on 2025-07-02 07:58:00+00:00
[2025-07-03T04:07:03.528+0000] {warnings.py:112} WARNING - /home/***/.local/lib/python3.12/site-packages/***/task/task_runner/standard_task_runner.py:70: DeprecationWarning: This process (pid=206) is multi-threaded, use of fork() may lead to deadlocks in the child.
  pid = os.fork()

[2025-07-03T04:07:03.531+0000] {standard_task_runner.py:72} INFO - Started process 211 to run task
[2025-07-03T04:07:03.532+0000] {standard_task_runner.py:104} INFO - Running: ['***', 'tasks', 'run', 'extract_raw_data_pipeline', 'run_dbt_staging', 'scheduled__2025-07-02T07:58:00+00:00', '--job-id', '11', '--raw', '--subdir', 'DAGS_FOLDER/driven_data_pipeline.py', '--cfg-path', '/tmp/tmpd_6096f8']
[2025-07-03T04:07:03.534+0000] {standard_task_runner.py:105} INFO - Job 11: Subtask run_dbt_staging
[2025-07-03T04:07:03.639+0000] {task_command.py:467} INFO - Running <TaskInstance: extract_raw_data_pipeline.run_dbt_staging scheduled__2025-07-02T07:58:00+00:00 [running]> on host d1f480c47f95
[2025-07-03T04:07:03.873+0000] {taskinstance.py:3131} INFO - Exporting env vars: AIRFLOW_CTX_DAG_OWNER='***' AIRFLOW_CTX_DAG_ID='extract_raw_data_pipeline' AIRFLOW_CTX_TASK_ID='run_dbt_staging' AIRFLOW_CTX_EXECUTION_DATE='2025-07-02T07:58:00+00:00' AIRFLOW_CTX_TRY_NUMBER='1' AIRFLOW_CTX_DAG_RUN_ID='scheduled__2025-07-02T07:58:00+00:00'
[2025-07-03T04:07:03.875+0000] {taskinstance.py:731} INFO - ::endgroup::
[2025-07-03T04:07:03.902+0000] {subprocess.py:63} INFO - Tmp dir root location: /tmp
[2025-07-03T04:07:03.906+0000] {subprocess.py:75} INFO - Running command: ['/usr/bin/bash', '-c', 'cd /opt/***/dbt && dbt run --select tag:staging']
[2025-07-03T04:07:03.934+0000] {subprocess.py:86} INFO - Output:
[2025-07-03T04:07:09.716+0000] {subprocess.py:93} INFO - [0m04:07:09  Running with dbt=1.10.3
[2025-07-03T04:07:09.736+0000] {subprocess.py:93} INFO - [0m04:07:09  Encountered an error:
[2025-07-03T04:07:09.737+0000] {subprocess.py:93} INFO - argument of type 'NoneType' is not iterable
[2025-07-03T04:07:09.740+0000] {subprocess.py:93} INFO - [0m04:07:09  Traceback (most recent call last):
[2025-07-03T04:07:09.741+0000] {subprocess.py:93} INFO -   File "/home/***/.local/lib/python3.12/site-packages/dbt/cli/requires.py", line 161, in wrapper
[2025-07-03T04:07:09.742+0000] {subprocess.py:93} INFO -     result, success = func(*args, **kwargs)
[2025-07-03T04:07:09.744+0000] {subprocess.py:93} INFO -                       ^^^^^^^^^^^^^^^^^^^^^
[2025-07-03T04:07:09.745+0000] {subprocess.py:93} INFO -   File "/home/***/.local/lib/python3.12/site-packages/dbt/cli/requires.py", line 111, in wrapper
[2025-07-03T04:07:09.748+0000] {subprocess.py:93} INFO -     return func(*args, **kwargs)
[2025-07-03T04:07:09.749+0000] {subprocess.py:93} INFO -            ^^^^^^^^^^^^^^^^^^^^^
[2025-07-03T04:07:09.749+0000] {subprocess.py:93} INFO -   File "/home/***/.local/lib/python3.12/site-packages/dbt/cli/requires.py", line 251, in wrapper
[2025-07-03T04:07:09.750+0000] {subprocess.py:93} INFO -     profile = load_profile(flags.PROJECT_DIR, flags.VARS, flags.PROFILE, flags.TARGET, threads)
[2025-07-03T04:07:09.751+0000] {subprocess.py:93} INFO -               ^^^^^^^^^^^^^^^^^^^^^^^^^^^^^^^^^^^^^^^^^^^^^^^^^^^^^^^^^^^^^^^^^^^^^^^^^^^^^^^^^
[2025-07-03T04:07:09.752+0000] {subprocess.py:93} INFO -   File "/home/***/.local/lib/python3.12/site-packages/dbt/config/runtime.py", line 78, in load_profile
[2025-07-03T04:07:09.753+0000] {subprocess.py:93} INFO -     profile = Profile.render(
[2025-07-03T04:07:09.754+0000] {subprocess.py:93} INFO -               ^^^^^^^^^^^^^^^
[2025-07-03T04:07:09.755+0000] {subprocess.py:93} INFO -   File "/home/***/.local/lib/python3.12/site-packages/dbt/config/profile.py", line 402, in render
[2025-07-03T04:07:09.762+0000] {subprocess.py:93} INFO -     return cls.from_raw_profiles(
[2025-07-03T04:07:09.764+0000] {subprocess.py:93} INFO -            ^^^^^^^^^^^^^^^^^^^^^^
[2025-07-03T04:07:09.765+0000] {subprocess.py:93} INFO -   File "/home/***/.local/lib/python3.12/site-packages/dbt/config/profile.py", line 368, in from_raw_profiles
[2025-07-03T04:07:09.766+0000] {subprocess.py:93} INFO -     return cls.from_raw_profile_info(
[2025-07-03T04:07:09.768+0000] {subprocess.py:93} INFO -            ^^^^^^^^^^^^^^^^^^^^^^^^^^
[2025-07-03T04:07:09.769+0000] {subprocess.py:93} INFO -   File "/home/***/.local/lib/python3.12/site-packages/dbt/config/profile.py", line 314, in from_raw_profile_info
[2025-07-03T04:07:09.770+0000] {subprocess.py:93} INFO -     target_name, profile_data = cls.render_profile(
[2025-07-03T04:07:09.771+0000] {subprocess.py:93} INFO -                                 ^^^^^^^^^^^^^^^^^^^
[2025-07-03T04:07:09.772+0000] {subprocess.py:93} INFO -   File "/home/***/.local/lib/python3.12/site-packages/dbt/config/profile.py", line 280, in render_profile
[2025-07-03T04:07:09.773+0000] {subprocess.py:93} INFO -     raw_profile_data = cls._get_profile_data(raw_profile, profile_name, target_name)
[2025-07-03T04:07:09.774+0000] {subprocess.py:93} INFO -                        ^^^^^^^^^^^^^^^^^^^^^^^^^^^^^^^^^^^^^^^^^^^^^^^^^^^^^^^^^^^^^
[2025-07-03T04:07:09.775+0000] {subprocess.py:93} INFO -   File "/home/***/.local/lib/python3.12/site-packages/dbt/config/profile.py", line 205, in _get_profile_data
[2025-07-03T04:07:09.776+0000] {subprocess.py:93} INFO -     if target_name not in outputs:
[2025-07-03T04:07:09.778+0000] {subprocess.py:93} INFO -        ^^^^^^^^^^^^^^^^^^^^^^^^^^
[2025-07-03T04:07:09.779+0000] {subprocess.py:93} INFO - TypeError: argument of type 'NoneType' is not iterable
[2025-07-03T04:07:09.781+0000] {subprocess.py:93} INFO - 
[2025-07-03T04:07:10.987+0000] {subprocess.py:97} INFO - Command exited with return code 2
[2025-07-03T04:07:11.011+0000] {taskinstance.py:3310} ERROR - Task failed with exception
Traceback (most recent call last):
  File "/home/airflow/.local/lib/python3.12/site-packages/airflow/models/taskinstance.py", line 767, in _execute_task
    result = _execute_callable(context=context, **execute_callable_kwargs)
             ^^^^^^^^^^^^^^^^^^^^^^^^^^^^^^^^^^^^^^^^^^^^^^^^^^^^^^^^^^^^^
  File "/home/airflow/.local/lib/python3.12/site-packages/airflow/models/taskinstance.py", line 733, in _execute_callable
    return ExecutionCallableRunner(
           ^^^^^^^^^^^^^^^^^^^^^^^^
  File "/home/airflow/.local/lib/python3.12/site-packages/airflow/utils/operator_helpers.py", line 252, in run
    return self.func(*args, **kwargs)
           ^^^^^^^^^^^^^^^^^^^^^^^^^^
  File "/home/airflow/.local/lib/python3.12/site-packages/airflow/models/baseoperator.py", line 406, in wrapper
    return func(self, *args, **kwargs)
           ^^^^^^^^^^^^^^^^^^^^^^^^^^^
  File "/home/airflow/.local/lib/python3.12/site-packages/airflow/operators/bash.py", line 249, in execute
    raise AirflowException(
airflow.exceptions.AirflowException: Bash command failed. The command returned a non-zero exit code 2.
[2025-07-03T04:07:11.027+0000] {taskinstance.py:1225} INFO - Marking task as FAILED. dag_id=extract_raw_data_pipeline, task_id=run_dbt_staging, run_id=scheduled__2025-07-02T07:58:00+00:00, execution_date=20250702T075800, start_date=20250703T040703, end_date=20250703T040711
[2025-07-03T04:07:11.055+0000] {taskinstance.py:340} INFO - ::group::Post task execution logs
[2025-07-03T04:07:11.057+0000] {standard_task_runner.py:124} ERROR - Failed to execute job 11 for task run_dbt_staging (Bash command failed. The command returned a non-zero exit code 2.; 211)
Traceback (most recent call last):
  File "/home/airflow/.local/lib/python3.12/site-packages/airflow/task/task_runner/standard_task_runner.py", line 117, in _start_by_fork
    ret = args.func(args, dag=self.dag)
          ^^^^^^^^^^^^^^^^^^^^^^^^^^^^^
  File "/home/airflow/.local/lib/python3.12/site-packages/airflow/cli/cli_config.py", line 49, in command
    return func(*args, **kwargs)
           ^^^^^^^^^^^^^^^^^^^^^
  File "/home/airflow/.local/lib/python3.12/site-packages/airflow/utils/cli.py", line 115, in wrapper
    return f(*args, **kwargs)
           ^^^^^^^^^^^^^^^^^^
  File "/home/airflow/.local/lib/python3.12/site-packages/airflow/cli/commands/task_command.py", line 483, in task_run
    task_return_code = _run_task_by_selected_method(args, _dag, ti)
                       ^^^^^^^^^^^^^^^^^^^^^^^^^^^^^^^^^^^^^^^^^^^^
  File "/home/airflow/.local/lib/python3.12/site-packages/airflow/cli/commands/task_command.py", line 256, in _run_task_by_selected_method
    return _run_raw_task(args, ti)
           ^^^^^^^^^^^^^^^^^^^^^^^
  File "/home/airflow/.local/lib/python3.12/site-packages/airflow/cli/commands/task_command.py", line 341, in _run_raw_task
    return ti._run_raw_task(
           ^^^^^^^^^^^^^^^^^
  File "/home/airflow/.local/lib/python3.12/site-packages/airflow/utils/session.py", line 97, in wrapper
    return func(*args, session=session, **kwargs)
           ^^^^^^^^^^^^^^^^^^^^^^^^^^^^^^^^^^^^^^
  File "/home/airflow/.local/lib/python3.12/site-packages/airflow/models/taskinstance.py", line 3004, in _run_raw_task
    return _run_raw_task(
           ^^^^^^^^^^^^^^
  File "/home/airflow/.local/lib/python3.12/site-packages/airflow/models/taskinstance.py", line 273, in _run_raw_task
    TaskInstance._execute_task_with_callbacks(
  File "/home/airflow/.local/lib/python3.12/site-packages/airflow/models/taskinstance.py", line 3158, in _execute_task_with_callbacks
    result = self._execute_task(context, task_orig)
             ^^^^^^^^^^^^^^^^^^^^^^^^^^^^^^^^^^^^^^
  File "/home/airflow/.local/lib/python3.12/site-packages/airflow/models/taskinstance.py", line 3182, in _execute_task
    return _execute_task(self, context, task_orig)
           ^^^^^^^^^^^^^^^^^^^^^^^^^^^^^^^^^^^^^^^
  File "/home/airflow/.local/lib/python3.12/site-packages/airflow/models/taskinstance.py", line 767, in _execute_task
    result = _execute_callable(context=context, **execute_callable_kwargs)
             ^^^^^^^^^^^^^^^^^^^^^^^^^^^^^^^^^^^^^^^^^^^^^^^^^^^^^^^^^^^^^
  File "/home/airflow/.local/lib/python3.12/site-packages/airflow/models/taskinstance.py", line 733, in _execute_callable
    return ExecutionCallableRunner(
           ^^^^^^^^^^^^^^^^^^^^^^^^
  File "/home/airflow/.local/lib/python3.12/site-packages/airflow/utils/operator_helpers.py", line 252, in run
    return self.func(*args, **kwargs)
           ^^^^^^^^^^^^^^^^^^^^^^^^^^
  File "/home/airflow/.local/lib/python3.12/site-packages/airflow/models/baseoperator.py", line 406, in wrapper
    return func(self, *args, **kwargs)
           ^^^^^^^^^^^^^^^^^^^^^^^^^^^
  File "/home/airflow/.local/lib/python3.12/site-packages/airflow/operators/bash.py", line 249, in execute
    raise AirflowException(
airflow.exceptions.AirflowException: Bash command failed. The command returned a non-zero exit code 2.
[2025-07-03T04:07:11.109+0000] {local_task_job_runner.py:266} INFO - Task exited with return code 1
[2025-07-03T04:07:11.143+0000] {taskinstance.py:3900} INFO - 0 downstream tasks scheduled from follow-on schedule check
[2025-07-03T04:07:11.148+0000] {local_task_job_runner.py:245} INFO - ::endgroup::
[2025-07-03T04:19:42.562+0000] {local_task_job_runner.py:123} INFO - ::group::Pre task execution logs
[2025-07-03T04:19:42.584+0000] {taskinstance.py:2612} INFO - Dependencies all met for dep_context=non-requeueable deps ti=<TaskInstance: extract_raw_data_pipeline.run_dbt_staging scheduled__2025-07-02T07:58:00+00:00 [queued]>
[2025-07-03T04:19:42.593+0000] {taskinstance.py:2612} INFO - Dependencies all met for dep_context=requeueable deps ti=<TaskInstance: extract_raw_data_pipeline.run_dbt_staging scheduled__2025-07-02T07:58:00+00:00 [queued]>
[2025-07-03T04:19:42.594+0000] {taskinstance.py:2865} INFO - Starting attempt 1 of 1
[2025-07-03T04:19:42.608+0000] {taskinstance.py:2888} INFO - Executing <Task(BashOperator): run_dbt_staging> on 2025-07-02 07:58:00+00:00
[2025-07-03T04:19:42.618+0000] {warnings.py:112} WARNING - /home/***/.local/lib/python3.12/site-packages/***/task/task_runner/standard_task_runner.py:70: DeprecationWarning: This process (pid=210) is multi-threaded, use of fork() may lead to deadlocks in the child.
  pid = os.fork()

[2025-07-03T04:19:42.621+0000] {standard_task_runner.py:72} INFO - Started process 215 to run task
[2025-07-03T04:19:42.621+0000] {standard_task_runner.py:104} INFO - Running: ['***', 'tasks', 'run', 'extract_raw_data_pipeline', 'run_dbt_staging', 'scheduled__2025-07-02T07:58:00+00:00', '--job-id', '12', '--raw', '--subdir', 'DAGS_FOLDER/driven_data_pipeline.py', '--cfg-path', '/tmp/tmphx5g_qzl']
[2025-07-03T04:19:42.622+0000] {standard_task_runner.py:105} INFO - Job 12: Subtask run_dbt_staging
[2025-07-03T04:19:42.694+0000] {task_command.py:467} INFO - Running <TaskInstance: extract_raw_data_pipeline.run_dbt_staging scheduled__2025-07-02T07:58:00+00:00 [running]> on host 679dc5825cd9
[2025-07-03T04:19:42.778+0000] {taskinstance.py:3131} INFO - Exporting env vars: AIRFLOW_CTX_DAG_OWNER='***' AIRFLOW_CTX_DAG_ID='extract_raw_data_pipeline' AIRFLOW_CTX_TASK_ID='run_dbt_staging' AIRFLOW_CTX_EXECUTION_DATE='2025-07-02T07:58:00+00:00' AIRFLOW_CTX_TRY_NUMBER='1' AIRFLOW_CTX_DAG_RUN_ID='scheduled__2025-07-02T07:58:00+00:00'
[2025-07-03T04:19:42.779+0000] {taskinstance.py:731} INFO - ::endgroup::
[2025-07-03T04:19:42.794+0000] {subprocess.py:63} INFO - Tmp dir root location: /tmp
[2025-07-03T04:19:42.796+0000] {subprocess.py:75} INFO - Running command: ['/usr/bin/bash', '-c', 'cd /opt/***/dbt && dbt run --select tag:staging']
[2025-07-03T04:19:42.815+0000] {subprocess.py:86} INFO - Output:
[2025-07-03T04:19:46.146+0000] {subprocess.py:93} INFO - [0m04:19:46  Running with dbt=1.10.3
[2025-07-03T04:19:46.157+0000] {subprocess.py:93} INFO - [0m04:19:46  Encountered an error:
[2025-07-03T04:19:46.158+0000] {subprocess.py:93} INFO - argument of type 'NoneType' is not iterable
[2025-07-03T04:19:46.161+0000] {subprocess.py:93} INFO - [0m04:19:46  Traceback (most recent call last):
[2025-07-03T04:19:46.161+0000] {subprocess.py:93} INFO -   File "/home/***/.local/lib/python3.12/site-packages/dbt/cli/requires.py", line 161, in wrapper
[2025-07-03T04:19:46.162+0000] {subprocess.py:93} INFO -     result, success = func(*args, **kwargs)
[2025-07-03T04:19:46.162+0000] {subprocess.py:93} INFO -                       ^^^^^^^^^^^^^^^^^^^^^
[2025-07-03T04:19:46.163+0000] {subprocess.py:93} INFO -   File "/home/***/.local/lib/python3.12/site-packages/dbt/cli/requires.py", line 111, in wrapper
[2025-07-03T04:19:46.163+0000] {subprocess.py:93} INFO -     return func(*args, **kwargs)
[2025-07-03T04:19:46.164+0000] {subprocess.py:93} INFO -            ^^^^^^^^^^^^^^^^^^^^^
[2025-07-03T04:19:46.164+0000] {subprocess.py:93} INFO -   File "/home/***/.local/lib/python3.12/site-packages/dbt/cli/requires.py", line 251, in wrapper
[2025-07-03T04:19:46.165+0000] {subprocess.py:93} INFO -     profile = load_profile(flags.PROJECT_DIR, flags.VARS, flags.PROFILE, flags.TARGET, threads)
[2025-07-03T04:19:46.165+0000] {subprocess.py:93} INFO -               ^^^^^^^^^^^^^^^^^^^^^^^^^^^^^^^^^^^^^^^^^^^^^^^^^^^^^^^^^^^^^^^^^^^^^^^^^^^^^^^^^
[2025-07-03T04:19:46.165+0000] {subprocess.py:93} INFO -   File "/home/***/.local/lib/python3.12/site-packages/dbt/config/runtime.py", line 78, in load_profile
[2025-07-03T04:19:46.166+0000] {subprocess.py:93} INFO -     profile = Profile.render(
[2025-07-03T04:19:46.166+0000] {subprocess.py:93} INFO -               ^^^^^^^^^^^^^^^
[2025-07-03T04:19:46.166+0000] {subprocess.py:93} INFO -   File "/home/***/.local/lib/python3.12/site-packages/dbt/config/profile.py", line 402, in render
[2025-07-03T04:19:46.167+0000] {subprocess.py:93} INFO -     return cls.from_raw_profiles(
[2025-07-03T04:19:46.167+0000] {subprocess.py:93} INFO -            ^^^^^^^^^^^^^^^^^^^^^^
[2025-07-03T04:19:46.168+0000] {subprocess.py:93} INFO -   File "/home/***/.local/lib/python3.12/site-packages/dbt/config/profile.py", line 368, in from_raw_profiles
[2025-07-03T04:19:46.168+0000] {subprocess.py:93} INFO -     return cls.from_raw_profile_info(
[2025-07-03T04:19:46.168+0000] {subprocess.py:93} INFO -            ^^^^^^^^^^^^^^^^^^^^^^^^^^
[2025-07-03T04:19:46.168+0000] {subprocess.py:93} INFO -   File "/home/***/.local/lib/python3.12/site-packages/dbt/config/profile.py", line 314, in from_raw_profile_info
[2025-07-03T04:19:46.169+0000] {subprocess.py:93} INFO -     target_name, profile_data = cls.render_profile(
[2025-07-03T04:19:46.169+0000] {subprocess.py:93} INFO -                                 ^^^^^^^^^^^^^^^^^^^
[2025-07-03T04:19:46.170+0000] {subprocess.py:93} INFO -   File "/home/***/.local/lib/python3.12/site-packages/dbt/config/profile.py", line 280, in render_profile
[2025-07-03T04:19:46.170+0000] {subprocess.py:93} INFO -     raw_profile_data = cls._get_profile_data(raw_profile, profile_name, target_name)
[2025-07-03T04:19:46.170+0000] {subprocess.py:93} INFO -                        ^^^^^^^^^^^^^^^^^^^^^^^^^^^^^^^^^^^^^^^^^^^^^^^^^^^^^^^^^^^^^
[2025-07-03T04:19:46.171+0000] {subprocess.py:93} INFO -   File "/home/***/.local/lib/python3.12/site-packages/dbt/config/profile.py", line 205, in _get_profile_data
[2025-07-03T04:19:46.171+0000] {subprocess.py:93} INFO -     if target_name not in outputs:
[2025-07-03T04:19:46.172+0000] {subprocess.py:93} INFO -        ^^^^^^^^^^^^^^^^^^^^^^^^^^
[2025-07-03T04:19:46.172+0000] {subprocess.py:93} INFO - TypeError: argument of type 'NoneType' is not iterable
[2025-07-03T04:19:46.172+0000] {subprocess.py:93} INFO - 
[2025-07-03T04:19:47.215+0000] {subprocess.py:97} INFO - Command exited with return code 2
[2025-07-03T04:19:47.236+0000] {taskinstance.py:3310} ERROR - Task failed with exception
Traceback (most recent call last):
  File "/home/airflow/.local/lib/python3.12/site-packages/airflow/models/taskinstance.py", line 767, in _execute_task
    result = _execute_callable(context=context, **execute_callable_kwargs)
             ^^^^^^^^^^^^^^^^^^^^^^^^^^^^^^^^^^^^^^^^^^^^^^^^^^^^^^^^^^^^^
  File "/home/airflow/.local/lib/python3.12/site-packages/airflow/models/taskinstance.py", line 733, in _execute_callable
    return ExecutionCallableRunner(
           ^^^^^^^^^^^^^^^^^^^^^^^^
  File "/home/airflow/.local/lib/python3.12/site-packages/airflow/utils/operator_helpers.py", line 252, in run
    return self.func(*args, **kwargs)
           ^^^^^^^^^^^^^^^^^^^^^^^^^^
  File "/home/airflow/.local/lib/python3.12/site-packages/airflow/models/baseoperator.py", line 406, in wrapper
    return func(self, *args, **kwargs)
           ^^^^^^^^^^^^^^^^^^^^^^^^^^^
  File "/home/airflow/.local/lib/python3.12/site-packages/airflow/operators/bash.py", line 249, in execute
    raise AirflowException(
airflow.exceptions.AirflowException: Bash command failed. The command returned a non-zero exit code 2.
[2025-07-03T04:19:47.245+0000] {taskinstance.py:1225} INFO - Marking task as FAILED. dag_id=extract_raw_data_pipeline, task_id=run_dbt_staging, run_id=scheduled__2025-07-02T07:58:00+00:00, execution_date=20250702T075800, start_date=20250703T041942, end_date=20250703T041947
[2025-07-03T04:19:47.264+0000] {taskinstance.py:340} INFO - ::group::Post task execution logs
[2025-07-03T04:19:47.265+0000] {standard_task_runner.py:124} ERROR - Failed to execute job 12 for task run_dbt_staging (Bash command failed. The command returned a non-zero exit code 2.; 215)
Traceback (most recent call last):
  File "/home/airflow/.local/lib/python3.12/site-packages/airflow/task/task_runner/standard_task_runner.py", line 117, in _start_by_fork
    ret = args.func(args, dag=self.dag)
          ^^^^^^^^^^^^^^^^^^^^^^^^^^^^^
  File "/home/airflow/.local/lib/python3.12/site-packages/airflow/cli/cli_config.py", line 49, in command
    return func(*args, **kwargs)
           ^^^^^^^^^^^^^^^^^^^^^
  File "/home/airflow/.local/lib/python3.12/site-packages/airflow/utils/cli.py", line 115, in wrapper
    return f(*args, **kwargs)
           ^^^^^^^^^^^^^^^^^^
  File "/home/airflow/.local/lib/python3.12/site-packages/airflow/cli/commands/task_command.py", line 483, in task_run
    task_return_code = _run_task_by_selected_method(args, _dag, ti)
                       ^^^^^^^^^^^^^^^^^^^^^^^^^^^^^^^^^^^^^^^^^^^^
  File "/home/airflow/.local/lib/python3.12/site-packages/airflow/cli/commands/task_command.py", line 256, in _run_task_by_selected_method
    return _run_raw_task(args, ti)
           ^^^^^^^^^^^^^^^^^^^^^^^
  File "/home/airflow/.local/lib/python3.12/site-packages/airflow/cli/commands/task_command.py", line 341, in _run_raw_task
    return ti._run_raw_task(
           ^^^^^^^^^^^^^^^^^
  File "/home/airflow/.local/lib/python3.12/site-packages/airflow/utils/session.py", line 97, in wrapper
    return func(*args, session=session, **kwargs)
           ^^^^^^^^^^^^^^^^^^^^^^^^^^^^^^^^^^^^^^
  File "/home/airflow/.local/lib/python3.12/site-packages/airflow/models/taskinstance.py", line 3004, in _run_raw_task
    return _run_raw_task(
           ^^^^^^^^^^^^^^
  File "/home/airflow/.local/lib/python3.12/site-packages/airflow/models/taskinstance.py", line 273, in _run_raw_task
    TaskInstance._execute_task_with_callbacks(
  File "/home/airflow/.local/lib/python3.12/site-packages/airflow/models/taskinstance.py", line 3158, in _execute_task_with_callbacks
    result = self._execute_task(context, task_orig)
             ^^^^^^^^^^^^^^^^^^^^^^^^^^^^^^^^^^^^^^
  File "/home/airflow/.local/lib/python3.12/site-packages/airflow/models/taskinstance.py", line 3182, in _execute_task
    return _execute_task(self, context, task_orig)
           ^^^^^^^^^^^^^^^^^^^^^^^^^^^^^^^^^^^^^^^
  File "/home/airflow/.local/lib/python3.12/site-packages/airflow/models/taskinstance.py", line 767, in _execute_task
    result = _execute_callable(context=context, **execute_callable_kwargs)
             ^^^^^^^^^^^^^^^^^^^^^^^^^^^^^^^^^^^^^^^^^^^^^^^^^^^^^^^^^^^^^
  File "/home/airflow/.local/lib/python3.12/site-packages/airflow/models/taskinstance.py", line 733, in _execute_callable
    return ExecutionCallableRunner(
           ^^^^^^^^^^^^^^^^^^^^^^^^
  File "/home/airflow/.local/lib/python3.12/site-packages/airflow/utils/operator_helpers.py", line 252, in run
    return self.func(*args, **kwargs)
           ^^^^^^^^^^^^^^^^^^^^^^^^^^
  File "/home/airflow/.local/lib/python3.12/site-packages/airflow/models/baseoperator.py", line 406, in wrapper
    return func(self, *args, **kwargs)
           ^^^^^^^^^^^^^^^^^^^^^^^^^^^
  File "/home/airflow/.local/lib/python3.12/site-packages/airflow/operators/bash.py", line 249, in execute
    raise AirflowException(
airflow.exceptions.AirflowException: Bash command failed. The command returned a non-zero exit code 2.
[2025-07-03T04:19:47.297+0000] {local_task_job_runner.py:266} INFO - Task exited with return code 1
[2025-07-03T04:19:47.322+0000] {taskinstance.py:3900} INFO - 0 downstream tasks scheduled from follow-on schedule check
[2025-07-03T04:19:47.327+0000] {local_task_job_runner.py:245} INFO - ::endgroup::
[2025-07-03T05:05:03.480+0000] {local_task_job_runner.py:123} INFO - ::group::Pre task execution logs
[2025-07-03T05:05:03.500+0000] {taskinstance.py:2612} INFO - Dependencies all met for dep_context=non-requeueable deps ti=<TaskInstance: extract_raw_data_pipeline.run_dbt_staging scheduled__2025-07-02T07:58:00+00:00 [queued]>
[2025-07-03T05:05:03.509+0000] {taskinstance.py:2612} INFO - Dependencies all met for dep_context=requeueable deps ti=<TaskInstance: extract_raw_data_pipeline.run_dbt_staging scheduled__2025-07-02T07:58:00+00:00 [queued]>
[2025-07-03T05:05:03.509+0000] {taskinstance.py:2865} INFO - Starting attempt 1 of 1
[2025-07-03T05:05:03.522+0000] {taskinstance.py:2888} INFO - Executing <Task(BashOperator): run_dbt_staging> on 2025-07-02 07:58:00+00:00
[2025-07-03T05:05:03.532+0000] {warnings.py:112} WARNING - /home/***/.local/lib/python3.12/site-packages/***/task/task_runner/standard_task_runner.py:70: DeprecationWarning: This process (pid=157) is multi-threaded, use of fork() may lead to deadlocks in the child.
  pid = os.fork()

[2025-07-03T05:05:03.535+0000] {standard_task_runner.py:72} INFO - Started process 159 to run task
[2025-07-03T05:05:03.534+0000] {standard_task_runner.py:104} INFO - Running: ['***', 'tasks', 'run', 'extract_raw_data_pipeline', 'run_dbt_staging', 'scheduled__2025-07-02T07:58:00+00:00', '--job-id', '9', '--raw', '--subdir', 'DAGS_FOLDER/driven_data_pipeline.py', '--cfg-path', '/tmp/tmpw1bshxgx']
[2025-07-03T05:05:03.536+0000] {standard_task_runner.py:105} INFO - Job 9: Subtask run_dbt_staging
[2025-07-03T05:05:03.662+0000] {task_command.py:467} INFO - Running <TaskInstance: extract_raw_data_pipeline.run_dbt_staging scheduled__2025-07-02T07:58:00+00:00 [running]> on host 74cc1e0326f4
[2025-07-03T05:05:03.737+0000] {taskinstance.py:3131} INFO - Exporting env vars: AIRFLOW_CTX_DAG_OWNER='***' AIRFLOW_CTX_DAG_ID='extract_raw_data_pipeline' AIRFLOW_CTX_TASK_ID='run_dbt_staging' AIRFLOW_CTX_EXECUTION_DATE='2025-07-02T07:58:00+00:00' AIRFLOW_CTX_TRY_NUMBER='1' AIRFLOW_CTX_DAG_RUN_ID='scheduled__2025-07-02T07:58:00+00:00'
[2025-07-03T05:05:03.738+0000] {taskinstance.py:731} INFO - ::endgroup::
[2025-07-03T05:05:03.755+0000] {subprocess.py:63} INFO - Tmp dir root location: /tmp
[2025-07-03T05:05:03.757+0000] {subprocess.py:75} INFO - Running command: ['/usr/bin/bash', '-c', 'cd /opt/***/dbt && dbt run --select tag:staging']
[2025-07-03T05:05:03.772+0000] {subprocess.py:86} INFO - Output:
[2025-07-03T05:05:06.760+0000] {subprocess.py:93} INFO - [0m05:05:06  Running with dbt=1.10.3
[2025-07-03T05:05:06.769+0000] {subprocess.py:93} INFO - [0m05:05:06  Encountered an error:
[2025-07-03T05:05:06.769+0000] {subprocess.py:93} INFO - argument of type 'NoneType' is not iterable
[2025-07-03T05:05:06.772+0000] {subprocess.py:93} INFO - [0m05:05:06  Traceback (most recent call last):
[2025-07-03T05:05:06.772+0000] {subprocess.py:93} INFO -   File "/home/***/.local/lib/python3.12/site-packages/dbt/cli/requires.py", line 161, in wrapper
[2025-07-03T05:05:06.773+0000] {subprocess.py:93} INFO -     result, success = func(*args, **kwargs)
[2025-07-03T05:05:06.773+0000] {subprocess.py:93} INFO -                       ^^^^^^^^^^^^^^^^^^^^^
[2025-07-03T05:05:06.774+0000] {subprocess.py:93} INFO -   File "/home/***/.local/lib/python3.12/site-packages/dbt/cli/requires.py", line 111, in wrapper
[2025-07-03T05:05:06.774+0000] {subprocess.py:93} INFO -     return func(*args, **kwargs)
[2025-07-03T05:05:06.775+0000] {subprocess.py:93} INFO -            ^^^^^^^^^^^^^^^^^^^^^
[2025-07-03T05:05:06.775+0000] {subprocess.py:93} INFO -   File "/home/***/.local/lib/python3.12/site-packages/dbt/cli/requires.py", line 251, in wrapper
[2025-07-03T05:05:06.775+0000] {subprocess.py:93} INFO -     profile = load_profile(flags.PROJECT_DIR, flags.VARS, flags.PROFILE, flags.TARGET, threads)
[2025-07-03T05:05:06.776+0000] {subprocess.py:93} INFO -               ^^^^^^^^^^^^^^^^^^^^^^^^^^^^^^^^^^^^^^^^^^^^^^^^^^^^^^^^^^^^^^^^^^^^^^^^^^^^^^^^^
[2025-07-03T05:05:06.776+0000] {subprocess.py:93} INFO -   File "/home/***/.local/lib/python3.12/site-packages/dbt/config/runtime.py", line 78, in load_profile
[2025-07-03T05:05:06.776+0000] {subprocess.py:93} INFO -     profile = Profile.render(
[2025-07-03T05:05:06.777+0000] {subprocess.py:93} INFO -               ^^^^^^^^^^^^^^^
[2025-07-03T05:05:06.777+0000] {subprocess.py:93} INFO -   File "/home/***/.local/lib/python3.12/site-packages/dbt/config/profile.py", line 402, in render
[2025-07-03T05:05:06.777+0000] {subprocess.py:93} INFO -     return cls.from_raw_profiles(
[2025-07-03T05:05:06.778+0000] {subprocess.py:93} INFO -            ^^^^^^^^^^^^^^^^^^^^^^
[2025-07-03T05:05:06.778+0000] {subprocess.py:93} INFO -   File "/home/***/.local/lib/python3.12/site-packages/dbt/config/profile.py", line 368, in from_raw_profiles
[2025-07-03T05:05:06.779+0000] {subprocess.py:93} INFO -     return cls.from_raw_profile_info(
[2025-07-03T05:05:06.779+0000] {subprocess.py:93} INFO -            ^^^^^^^^^^^^^^^^^^^^^^^^^^
[2025-07-03T05:05:06.780+0000] {subprocess.py:93} INFO -   File "/home/***/.local/lib/python3.12/site-packages/dbt/config/profile.py", line 314, in from_raw_profile_info
[2025-07-03T05:05:06.780+0000] {subprocess.py:93} INFO -     target_name, profile_data = cls.render_profile(
[2025-07-03T05:05:06.781+0000] {subprocess.py:93} INFO -                                 ^^^^^^^^^^^^^^^^^^^
[2025-07-03T05:05:06.781+0000] {subprocess.py:93} INFO -   File "/home/***/.local/lib/python3.12/site-packages/dbt/config/profile.py", line 280, in render_profile
[2025-07-03T05:05:06.781+0000] {subprocess.py:93} INFO -     raw_profile_data = cls._get_profile_data(raw_profile, profile_name, target_name)
[2025-07-03T05:05:06.782+0000] {subprocess.py:93} INFO -                        ^^^^^^^^^^^^^^^^^^^^^^^^^^^^^^^^^^^^^^^^^^^^^^^^^^^^^^^^^^^^^
[2025-07-03T05:05:06.782+0000] {subprocess.py:93} INFO -   File "/home/***/.local/lib/python3.12/site-packages/dbt/config/profile.py", line 205, in _get_profile_data
[2025-07-03T05:05:06.782+0000] {subprocess.py:93} INFO -     if target_name not in outputs:
[2025-07-03T05:05:06.783+0000] {subprocess.py:93} INFO -        ^^^^^^^^^^^^^^^^^^^^^^^^^^
[2025-07-03T05:05:06.783+0000] {subprocess.py:93} INFO - TypeError: argument of type 'NoneType' is not iterable
[2025-07-03T05:05:06.783+0000] {subprocess.py:93} INFO - 
[2025-07-03T05:05:07.837+0000] {subprocess.py:97} INFO - Command exited with return code 2
[2025-07-03T05:05:07.854+0000] {taskinstance.py:3310} ERROR - Task failed with exception
Traceback (most recent call last):
  File "/home/airflow/.local/lib/python3.12/site-packages/airflow/models/taskinstance.py", line 767, in _execute_task
    result = _execute_callable(context=context, **execute_callable_kwargs)
             ^^^^^^^^^^^^^^^^^^^^^^^^^^^^^^^^^^^^^^^^^^^^^^^^^^^^^^^^^^^^^
  File "/home/airflow/.local/lib/python3.12/site-packages/airflow/models/taskinstance.py", line 733, in _execute_callable
    return ExecutionCallableRunner(
           ^^^^^^^^^^^^^^^^^^^^^^^^
  File "/home/airflow/.local/lib/python3.12/site-packages/airflow/utils/operator_helpers.py", line 252, in run
    return self.func(*args, **kwargs)
           ^^^^^^^^^^^^^^^^^^^^^^^^^^
  File "/home/airflow/.local/lib/python3.12/site-packages/airflow/models/baseoperator.py", line 406, in wrapper
    return func(self, *args, **kwargs)
           ^^^^^^^^^^^^^^^^^^^^^^^^^^^
  File "/home/airflow/.local/lib/python3.12/site-packages/airflow/operators/bash.py", line 249, in execute
    raise AirflowException(
airflow.exceptions.AirflowException: Bash command failed. The command returned a non-zero exit code 2.
[2025-07-03T05:05:07.861+0000] {taskinstance.py:1225} INFO - Marking task as FAILED. dag_id=extract_raw_data_pipeline, task_id=run_dbt_staging, run_id=scheduled__2025-07-02T07:58:00+00:00, execution_date=20250702T075800, start_date=20250703T050503, end_date=20250703T050507
[2025-07-03T05:05:07.875+0000] {taskinstance.py:340} INFO - ::group::Post task execution logs
[2025-07-03T05:05:07.877+0000] {standard_task_runner.py:124} ERROR - Failed to execute job 9 for task run_dbt_staging (Bash command failed. The command returned a non-zero exit code 2.; 159)
Traceback (most recent call last):
  File "/home/airflow/.local/lib/python3.12/site-packages/airflow/task/task_runner/standard_task_runner.py", line 117, in _start_by_fork
    ret = args.func(args, dag=self.dag)
          ^^^^^^^^^^^^^^^^^^^^^^^^^^^^^
  File "/home/airflow/.local/lib/python3.12/site-packages/airflow/cli/cli_config.py", line 49, in command
    return func(*args, **kwargs)
           ^^^^^^^^^^^^^^^^^^^^^
  File "/home/airflow/.local/lib/python3.12/site-packages/airflow/utils/cli.py", line 115, in wrapper
    return f(*args, **kwargs)
           ^^^^^^^^^^^^^^^^^^
  File "/home/airflow/.local/lib/python3.12/site-packages/airflow/cli/commands/task_command.py", line 483, in task_run
    task_return_code = _run_task_by_selected_method(args, _dag, ti)
                       ^^^^^^^^^^^^^^^^^^^^^^^^^^^^^^^^^^^^^^^^^^^^
  File "/home/airflow/.local/lib/python3.12/site-packages/airflow/cli/commands/task_command.py", line 256, in _run_task_by_selected_method
    return _run_raw_task(args, ti)
           ^^^^^^^^^^^^^^^^^^^^^^^
  File "/home/airflow/.local/lib/python3.12/site-packages/airflow/cli/commands/task_command.py", line 341, in _run_raw_task
    return ti._run_raw_task(
           ^^^^^^^^^^^^^^^^^
  File "/home/airflow/.local/lib/python3.12/site-packages/airflow/utils/session.py", line 97, in wrapper
    return func(*args, session=session, **kwargs)
           ^^^^^^^^^^^^^^^^^^^^^^^^^^^^^^^^^^^^^^
  File "/home/airflow/.local/lib/python3.12/site-packages/airflow/models/taskinstance.py", line 3004, in _run_raw_task
    return _run_raw_task(
           ^^^^^^^^^^^^^^
  File "/home/airflow/.local/lib/python3.12/site-packages/airflow/models/taskinstance.py", line 273, in _run_raw_task
    TaskInstance._execute_task_with_callbacks(
  File "/home/airflow/.local/lib/python3.12/site-packages/airflow/models/taskinstance.py", line 3158, in _execute_task_with_callbacks
    result = self._execute_task(context, task_orig)
             ^^^^^^^^^^^^^^^^^^^^^^^^^^^^^^^^^^^^^^
  File "/home/airflow/.local/lib/python3.12/site-packages/airflow/models/taskinstance.py", line 3182, in _execute_task
    return _execute_task(self, context, task_orig)
           ^^^^^^^^^^^^^^^^^^^^^^^^^^^^^^^^^^^^^^^
  File "/home/airflow/.local/lib/python3.12/site-packages/airflow/models/taskinstance.py", line 767, in _execute_task
    result = _execute_callable(context=context, **execute_callable_kwargs)
             ^^^^^^^^^^^^^^^^^^^^^^^^^^^^^^^^^^^^^^^^^^^^^^^^^^^^^^^^^^^^^
  File "/home/airflow/.local/lib/python3.12/site-packages/airflow/models/taskinstance.py", line 733, in _execute_callable
    return ExecutionCallableRunner(
           ^^^^^^^^^^^^^^^^^^^^^^^^
  File "/home/airflow/.local/lib/python3.12/site-packages/airflow/utils/operator_helpers.py", line 252, in run
    return self.func(*args, **kwargs)
           ^^^^^^^^^^^^^^^^^^^^^^^^^^
  File "/home/airflow/.local/lib/python3.12/site-packages/airflow/models/baseoperator.py", line 406, in wrapper
    return func(self, *args, **kwargs)
           ^^^^^^^^^^^^^^^^^^^^^^^^^^^
  File "/home/airflow/.local/lib/python3.12/site-packages/airflow/operators/bash.py", line 249, in execute
    raise AirflowException(
airflow.exceptions.AirflowException: Bash command failed. The command returned a non-zero exit code 2.
[2025-07-03T05:05:07.930+0000] {local_task_job_runner.py:266} INFO - Task exited with return code 1
[2025-07-03T05:05:07.958+0000] {taskinstance.py:3900} INFO - 0 downstream tasks scheduled from follow-on schedule check
[2025-07-03T05:05:07.963+0000] {local_task_job_runner.py:245} INFO - ::endgroup::
[2025-07-03T05:31:13.014+0000] {local_task_job_runner.py:123} INFO - ::group::Pre task execution logs
[2025-07-03T05:31:13.066+0000] {taskinstance.py:2612} INFO - Dependencies all met for dep_context=non-requeueable deps ti=<TaskInstance: extract_raw_data_pipeline.run_dbt_staging scheduled__2025-07-02T07:58:00+00:00 [queued]>
[2025-07-03T05:31:13.084+0000] {taskinstance.py:2612} INFO - Dependencies all met for dep_context=requeueable deps ti=<TaskInstance: extract_raw_data_pipeline.run_dbt_staging scheduled__2025-07-02T07:58:00+00:00 [queued]>
[2025-07-03T05:31:13.085+0000] {taskinstance.py:2865} INFO - Starting attempt 1 of 1
[2025-07-03T05:31:13.112+0000] {taskinstance.py:2888} INFO - Executing <Task(BashOperator): run_dbt_staging> on 2025-07-02 07:58:00+00:00
[2025-07-03T05:31:13.127+0000] {warnings.py:112} WARNING - /home/***/.local/lib/python3.12/site-packages/***/task/task_runner/standard_task_runner.py:70: DeprecationWarning: This process (pid=195) is multi-threaded, use of fork() may lead to deadlocks in the child.
  pid = os.fork()

[2025-07-03T05:31:13.130+0000] {standard_task_runner.py:72} INFO - Started process 199 to run task
[2025-07-03T05:31:13.130+0000] {standard_task_runner.py:104} INFO - Running: ['***', 'tasks', 'run', 'extract_raw_data_pipeline', 'run_dbt_staging', 'scheduled__2025-07-02T07:58:00+00:00', '--job-id', '11', '--raw', '--subdir', 'DAGS_FOLDER/driven_data_pipeline.py', '--cfg-path', '/tmp/tmps3sqa2oy']
[2025-07-03T05:31:13.133+0000] {standard_task_runner.py:105} INFO - Job 11: Subtask run_dbt_staging
[2025-07-03T05:31:13.294+0000] {task_command.py:467} INFO - Running <TaskInstance: extract_raw_data_pipeline.run_dbt_staging scheduled__2025-07-02T07:58:00+00:00 [running]> on host a16ad527543b
[2025-07-03T05:31:13.413+0000] {taskinstance.py:3131} INFO - Exporting env vars: AIRFLOW_CTX_DAG_OWNER='***' AIRFLOW_CTX_DAG_ID='extract_raw_data_pipeline' AIRFLOW_CTX_TASK_ID='run_dbt_staging' AIRFLOW_CTX_EXECUTION_DATE='2025-07-02T07:58:00+00:00' AIRFLOW_CTX_TRY_NUMBER='1' AIRFLOW_CTX_DAG_RUN_ID='scheduled__2025-07-02T07:58:00+00:00'
[2025-07-03T05:31:13.415+0000] {taskinstance.py:731} INFO - ::endgroup::
[2025-07-03T05:31:13.434+0000] {subprocess.py:63} INFO - Tmp dir root location: /tmp
[2025-07-03T05:31:13.438+0000] {subprocess.py:75} INFO - Running command: ['/usr/bin/bash', '-c', 'cd /opt/***/dbt && dbt run --select tag:staging']
[2025-07-03T05:31:13.462+0000] {subprocess.py:86} INFO - Output:
[2025-07-03T05:31:16.979+0000] {subprocess.py:93} INFO - [0m05:31:16  Running with dbt=1.10.3
[2025-07-03T05:31:16.987+0000] {subprocess.py:93} INFO - [0m05:31:16  Encountered an error:
[2025-07-03T05:31:16.988+0000] {subprocess.py:93} INFO - argument of type 'NoneType' is not iterable
[2025-07-03T05:31:16.990+0000] {subprocess.py:93} INFO - [0m05:31:16  Traceback (most recent call last):
[2025-07-03T05:31:16.990+0000] {subprocess.py:93} INFO -   File "/home/***/.local/lib/python3.12/site-packages/dbt/cli/requires.py", line 161, in wrapper
[2025-07-03T05:31:16.991+0000] {subprocess.py:93} INFO -     result, success = func(*args, **kwargs)
[2025-07-03T05:31:16.992+0000] {subprocess.py:93} INFO -                       ^^^^^^^^^^^^^^^^^^^^^
[2025-07-03T05:31:16.992+0000] {subprocess.py:93} INFO -   File "/home/***/.local/lib/python3.12/site-packages/dbt/cli/requires.py", line 111, in wrapper
[2025-07-03T05:31:16.992+0000] {subprocess.py:93} INFO -     return func(*args, **kwargs)
[2025-07-03T05:31:16.993+0000] {subprocess.py:93} INFO -            ^^^^^^^^^^^^^^^^^^^^^
[2025-07-03T05:31:16.993+0000] {subprocess.py:93} INFO -   File "/home/***/.local/lib/python3.12/site-packages/dbt/cli/requires.py", line 251, in wrapper
[2025-07-03T05:31:16.994+0000] {subprocess.py:93} INFO -     profile = load_profile(flags.PROJECT_DIR, flags.VARS, flags.PROFILE, flags.TARGET, threads)
[2025-07-03T05:31:16.994+0000] {subprocess.py:93} INFO -               ^^^^^^^^^^^^^^^^^^^^^^^^^^^^^^^^^^^^^^^^^^^^^^^^^^^^^^^^^^^^^^^^^^^^^^^^^^^^^^^^^
[2025-07-03T05:31:16.994+0000] {subprocess.py:93} INFO -   File "/home/***/.local/lib/python3.12/site-packages/dbt/config/runtime.py", line 78, in load_profile
[2025-07-03T05:31:16.995+0000] {subprocess.py:93} INFO -     profile = Profile.render(
[2025-07-03T05:31:16.995+0000] {subprocess.py:93} INFO -               ^^^^^^^^^^^^^^^
[2025-07-03T05:31:16.996+0000] {subprocess.py:93} INFO -   File "/home/***/.local/lib/python3.12/site-packages/dbt/config/profile.py", line 402, in render
[2025-07-03T05:31:16.996+0000] {subprocess.py:93} INFO -     return cls.from_raw_profiles(
[2025-07-03T05:31:16.996+0000] {subprocess.py:93} INFO -            ^^^^^^^^^^^^^^^^^^^^^^
[2025-07-03T05:31:16.996+0000] {subprocess.py:93} INFO -   File "/home/***/.local/lib/python3.12/site-packages/dbt/config/profile.py", line 368, in from_raw_profiles
[2025-07-03T05:31:16.997+0000] {subprocess.py:93} INFO -     return cls.from_raw_profile_info(
[2025-07-03T05:31:16.997+0000] {subprocess.py:93} INFO -            ^^^^^^^^^^^^^^^^^^^^^^^^^^
[2025-07-03T05:31:16.998+0000] {subprocess.py:93} INFO -   File "/home/***/.local/lib/python3.12/site-packages/dbt/config/profile.py", line 314, in from_raw_profile_info
[2025-07-03T05:31:16.998+0000] {subprocess.py:93} INFO -     target_name, profile_data = cls.render_profile(
[2025-07-03T05:31:16.998+0000] {subprocess.py:93} INFO -                                 ^^^^^^^^^^^^^^^^^^^
[2025-07-03T05:31:17.000+0000] {subprocess.py:93} INFO -   File "/home/***/.local/lib/python3.12/site-packages/dbt/config/profile.py", line 280, in render_profile
[2025-07-03T05:31:17.000+0000] {subprocess.py:93} INFO -     raw_profile_data = cls._get_profile_data(raw_profile, profile_name, target_name)
[2025-07-03T05:31:17.000+0000] {subprocess.py:93} INFO -                        ^^^^^^^^^^^^^^^^^^^^^^^^^^^^^^^^^^^^^^^^^^^^^^^^^^^^^^^^^^^^^
[2025-07-03T05:31:17.001+0000] {subprocess.py:93} INFO -   File "/home/***/.local/lib/python3.12/site-packages/dbt/config/profile.py", line 205, in _get_profile_data
[2025-07-03T05:31:17.001+0000] {subprocess.py:93} INFO -     if target_name not in outputs:
[2025-07-03T05:31:17.002+0000] {subprocess.py:93} INFO -        ^^^^^^^^^^^^^^^^^^^^^^^^^^
[2025-07-03T05:31:17.002+0000] {subprocess.py:93} INFO - TypeError: argument of type 'NoneType' is not iterable
[2025-07-03T05:31:17.002+0000] {subprocess.py:93} INFO - 
[2025-07-03T05:31:18.183+0000] {subprocess.py:97} INFO - Command exited with return code 2
[2025-07-03T05:31:18.211+0000] {taskinstance.py:3310} ERROR - Task failed with exception
Traceback (most recent call last):
  File "/home/airflow/.local/lib/python3.12/site-packages/airflow/models/taskinstance.py", line 767, in _execute_task
    result = _execute_callable(context=context, **execute_callable_kwargs)
             ^^^^^^^^^^^^^^^^^^^^^^^^^^^^^^^^^^^^^^^^^^^^^^^^^^^^^^^^^^^^^
  File "/home/airflow/.local/lib/python3.12/site-packages/airflow/models/taskinstance.py", line 733, in _execute_callable
    return ExecutionCallableRunner(
           ^^^^^^^^^^^^^^^^^^^^^^^^
  File "/home/airflow/.local/lib/python3.12/site-packages/airflow/utils/operator_helpers.py", line 252, in run
    return self.func(*args, **kwargs)
           ^^^^^^^^^^^^^^^^^^^^^^^^^^
  File "/home/airflow/.local/lib/python3.12/site-packages/airflow/models/baseoperator.py", line 406, in wrapper
    return func(self, *args, **kwargs)
           ^^^^^^^^^^^^^^^^^^^^^^^^^^^
  File "/home/airflow/.local/lib/python3.12/site-packages/airflow/operators/bash.py", line 249, in execute
    raise AirflowException(
airflow.exceptions.AirflowException: Bash command failed. The command returned a non-zero exit code 2.
[2025-07-03T05:31:18.224+0000] {taskinstance.py:1225} INFO - Marking task as FAILED. dag_id=extract_raw_data_pipeline, task_id=run_dbt_staging, run_id=scheduled__2025-07-02T07:58:00+00:00, execution_date=20250702T075800, start_date=20250703T053113, end_date=20250703T053118
[2025-07-03T05:31:18.244+0000] {taskinstance.py:340} INFO - ::group::Post task execution logs
[2025-07-03T05:31:18.245+0000] {standard_task_runner.py:124} ERROR - Failed to execute job 11 for task run_dbt_staging (Bash command failed. The command returned a non-zero exit code 2.; 199)
Traceback (most recent call last):
  File "/home/airflow/.local/lib/python3.12/site-packages/airflow/task/task_runner/standard_task_runner.py", line 117, in _start_by_fork
    ret = args.func(args, dag=self.dag)
          ^^^^^^^^^^^^^^^^^^^^^^^^^^^^^
  File "/home/airflow/.local/lib/python3.12/site-packages/airflow/cli/cli_config.py", line 49, in command
    return func(*args, **kwargs)
           ^^^^^^^^^^^^^^^^^^^^^
  File "/home/airflow/.local/lib/python3.12/site-packages/airflow/utils/cli.py", line 115, in wrapper
    return f(*args, **kwargs)
           ^^^^^^^^^^^^^^^^^^
  File "/home/airflow/.local/lib/python3.12/site-packages/airflow/cli/commands/task_command.py", line 483, in task_run
    task_return_code = _run_task_by_selected_method(args, _dag, ti)
                       ^^^^^^^^^^^^^^^^^^^^^^^^^^^^^^^^^^^^^^^^^^^^
  File "/home/airflow/.local/lib/python3.12/site-packages/airflow/cli/commands/task_command.py", line 256, in _run_task_by_selected_method
    return _run_raw_task(args, ti)
           ^^^^^^^^^^^^^^^^^^^^^^^
  File "/home/airflow/.local/lib/python3.12/site-packages/airflow/cli/commands/task_command.py", line 341, in _run_raw_task
    return ti._run_raw_task(
           ^^^^^^^^^^^^^^^^^
  File "/home/airflow/.local/lib/python3.12/site-packages/airflow/utils/session.py", line 97, in wrapper
    return func(*args, session=session, **kwargs)
           ^^^^^^^^^^^^^^^^^^^^^^^^^^^^^^^^^^^^^^
  File "/home/airflow/.local/lib/python3.12/site-packages/airflow/models/taskinstance.py", line 3004, in _run_raw_task
    return _run_raw_task(
           ^^^^^^^^^^^^^^
  File "/home/airflow/.local/lib/python3.12/site-packages/airflow/models/taskinstance.py", line 273, in _run_raw_task
    TaskInstance._execute_task_with_callbacks(
  File "/home/airflow/.local/lib/python3.12/site-packages/airflow/models/taskinstance.py", line 3158, in _execute_task_with_callbacks
    result = self._execute_task(context, task_orig)
             ^^^^^^^^^^^^^^^^^^^^^^^^^^^^^^^^^^^^^^
  File "/home/airflow/.local/lib/python3.12/site-packages/airflow/models/taskinstance.py", line 3182, in _execute_task
    return _execute_task(self, context, task_orig)
           ^^^^^^^^^^^^^^^^^^^^^^^^^^^^^^^^^^^^^^^
  File "/home/airflow/.local/lib/python3.12/site-packages/airflow/models/taskinstance.py", line 767, in _execute_task
    result = _execute_callable(context=context, **execute_callable_kwargs)
             ^^^^^^^^^^^^^^^^^^^^^^^^^^^^^^^^^^^^^^^^^^^^^^^^^^^^^^^^^^^^^
  File "/home/airflow/.local/lib/python3.12/site-packages/airflow/models/taskinstance.py", line 733, in _execute_callable
    return ExecutionCallableRunner(
           ^^^^^^^^^^^^^^^^^^^^^^^^
  File "/home/airflow/.local/lib/python3.12/site-packages/airflow/utils/operator_helpers.py", line 252, in run
    return self.func(*args, **kwargs)
           ^^^^^^^^^^^^^^^^^^^^^^^^^^
  File "/home/airflow/.local/lib/python3.12/site-packages/airflow/models/baseoperator.py", line 406, in wrapper
    return func(self, *args, **kwargs)
           ^^^^^^^^^^^^^^^^^^^^^^^^^^^
  File "/home/airflow/.local/lib/python3.12/site-packages/airflow/operators/bash.py", line 249, in execute
    raise AirflowException(
airflow.exceptions.AirflowException: Bash command failed. The command returned a non-zero exit code 2.
[2025-07-03T05:31:18.306+0000] {local_task_job_runner.py:266} INFO - Task exited with return code 1
[2025-07-03T05:31:18.339+0000] {taskinstance.py:3900} INFO - 0 downstream tasks scheduled from follow-on schedule check
[2025-07-03T05:31:18.346+0000] {local_task_job_runner.py:245} INFO - ::endgroup::
[2025-07-03T05:48:48.876+0000] {local_task_job_runner.py:123} INFO - ::group::Pre task execution logs
[2025-07-03T05:48:48.897+0000] {taskinstance.py:2612} INFO - Dependencies all met for dep_context=non-requeueable deps ti=<TaskInstance: extract_raw_data_pipeline.run_dbt_staging scheduled__2025-07-02T07:58:00+00:00 [queued]>
[2025-07-03T05:48:48.906+0000] {taskinstance.py:2612} INFO - Dependencies all met for dep_context=requeueable deps ti=<TaskInstance: extract_raw_data_pipeline.run_dbt_staging scheduled__2025-07-02T07:58:00+00:00 [queued]>
[2025-07-03T05:48:48.906+0000] {taskinstance.py:2865} INFO - Starting attempt 1 of 1
[2025-07-03T05:48:48.919+0000] {taskinstance.py:2888} INFO - Executing <Task(BashOperator): run_dbt_staging> on 2025-07-02 07:58:00+00:00
[2025-07-03T05:48:48.930+0000] {warnings.py:112} WARNING - /home/***/.local/lib/python3.12/site-packages/***/task/task_runner/standard_task_runner.py:70: DeprecationWarning: This process (pid=195) is multi-threaded, use of fork() may lead to deadlocks in the child.
  pid = os.fork()

[2025-07-03T05:48:48.932+0000] {standard_task_runner.py:72} INFO - Started process 199 to run task
[2025-07-03T05:48:48.933+0000] {standard_task_runner.py:104} INFO - Running: ['***', 'tasks', 'run', 'extract_raw_data_pipeline', 'run_dbt_staging', 'scheduled__2025-07-02T07:58:00+00:00', '--job-id', '11', '--raw', '--subdir', 'DAGS_FOLDER/driven_data_pipeline.py', '--cfg-path', '/tmp/tmpkv5unila']
[2025-07-03T05:48:48.934+0000] {standard_task_runner.py:105} INFO - Job 11: Subtask run_dbt_staging
[2025-07-03T05:48:49.079+0000] {task_command.py:467} INFO - Running <TaskInstance: extract_raw_data_pipeline.run_dbt_staging scheduled__2025-07-02T07:58:00+00:00 [running]> on host 384b142d1c6e
[2025-07-03T05:48:49.176+0000] {taskinstance.py:3131} INFO - Exporting env vars: AIRFLOW_CTX_DAG_OWNER='***' AIRFLOW_CTX_DAG_ID='extract_raw_data_pipeline' AIRFLOW_CTX_TASK_ID='run_dbt_staging' AIRFLOW_CTX_EXECUTION_DATE='2025-07-02T07:58:00+00:00' AIRFLOW_CTX_TRY_NUMBER='1' AIRFLOW_CTX_DAG_RUN_ID='scheduled__2025-07-02T07:58:00+00:00'
[2025-07-03T05:48:49.177+0000] {taskinstance.py:731} INFO - ::endgroup::
[2025-07-03T05:48:49.196+0000] {subprocess.py:63} INFO - Tmp dir root location: /tmp
[2025-07-03T05:48:49.199+0000] {subprocess.py:75} INFO - Running command: ['/usr/bin/bash', '-c', 'cd /opt/***/dbt && dbt run --select tag:staging']
[2025-07-03T05:48:49.221+0000] {subprocess.py:86} INFO - Output:
[2025-07-03T05:48:52.591+0000] {subprocess.py:93} INFO - [0m05:48:52  Running with dbt=1.10.3
[2025-07-03T05:48:53.033+0000] {subprocess.py:93} INFO - [0m05:48:53  Registered adapter: postgres=1.9.0
[2025-07-03T05:48:53.189+0000] {subprocess.py:93} INFO - [0m05:48:53  Unable to do partial parsing because saved manifest not found. Starting full parse.
[2025-07-03T05:48:54.943+0000] {subprocess.py:93} INFO - [0m05:48:54  Found 9 models, 11 sources, 433 macros
[2025-07-03T05:48:54.950+0000] {subprocess.py:93} INFO - [0m05:48:54
[2025-07-03T05:48:54.952+0000] {subprocess.py:93} INFO - [0m05:48:54  Concurrency: 1 threads (target='dev')
[2025-07-03T05:48:54.953+0000] {subprocess.py:93} INFO - [0m05:48:54
[2025-07-03T05:48:55.195+0000] {subprocess.py:93} INFO - [0m05:48:55  1 of 5 START sql table model driven_staging.dim_address ........................ [RUN]
[2025-07-03T05:48:55.401+0000] {subprocess.py:93} INFO - [0m05:48:55  1 of 5 ERROR creating sql table model driven_staging.dim_address ............... [[31mERROR[0m in 0.19s]
[2025-07-03T05:48:55.409+0000] {subprocess.py:93} INFO - [0m05:48:55  2 of 5 START sql table model driven_staging.dim_date ........................... [RUN]
[2025-07-03T05:48:55.505+0000] {subprocess.py:93} INFO - [0m05:48:55  2 of 5 ERROR creating sql table model driven_staging.dim_date .................. [[31mERROR[0m in 0.09s]
[2025-07-03T05:48:55.516+0000] {subprocess.py:93} INFO - [0m05:48:55  3 of 5 START sql table model driven_staging.dim_finance ........................ [RUN]
[2025-07-03T05:48:55.592+0000] {subprocess.py:93} INFO - [0m05:48:55  3 of 5 ERROR creating sql table model driven_staging.dim_finance ............... [[31mERROR[0m in 0.07s]
[2025-07-03T05:48:55.595+0000] {subprocess.py:93} INFO - [0m05:48:55  4 of 5 START sql table model driven_staging.dim_person ......................... [RUN]
[2025-07-03T05:48:55.671+0000] {subprocess.py:93} INFO - [0m05:48:55  4 of 5 ERROR creating sql table model driven_staging.dim_person ................ [[31mERROR[0m in 0.07s]
[2025-07-03T05:48:55.673+0000] {subprocess.py:93} INFO - [0m05:48:55  5 of 5 START sql table model driven_staging.fact_network_usage ................. [RUN]
[2025-07-03T05:48:55.747+0000] {subprocess.py:93} INFO - [0m05:48:55  5 of 5 ERROR creating sql table model driven_staging.fact_network_usage ........ [[31mERROR[0m in 0.07s]
[2025-07-03T05:48:55.769+0000] {subprocess.py:93} INFO - [0m05:48:55
[2025-07-03T05:48:55.769+0000] {subprocess.py:93} INFO - [0m05:48:55  Finished running 5 table models in 0 hours 0 minutes and 0.81 seconds (0.81s).
[2025-07-03T05:48:55.829+0000] {subprocess.py:93} INFO - [0m05:48:55
[2025-07-03T05:48:55.830+0000] {subprocess.py:93} INFO - [0m05:48:55  [31mCompleted with 5 errors, 0 partial successes, and 0 warnings:[0m
[2025-07-03T05:48:55.831+0000] {subprocess.py:93} INFO - [0m05:48:55
[2025-07-03T05:48:55.832+0000] {subprocess.py:93} INFO - [0m05:48:55  [31mFailure in model staging_dim_address (models/staging_dim_address.sql)[0m
[2025-07-03T05:48:55.832+0000] {subprocess.py:93} INFO - [0m05:48:55    Database Error in model staging_dim_address (models/staging_dim_address.sql)
[2025-07-03T05:48:55.833+0000] {subprocess.py:93} INFO -   relation "dim_address" already exists
[2025-07-03T05:48:55.833+0000] {subprocess.py:93} INFO -   compiled code at target/run/dbt_driven_data/models/staging_dim_address.sql
[2025-07-03T05:48:55.833+0000] {subprocess.py:93} INFO - [0m05:48:55
[2025-07-03T05:48:55.834+0000] {subprocess.py:93} INFO - [0m05:48:55    compiled code at target/compiled/dbt_driven_data/models/staging_dim_address.sql
[2025-07-03T05:48:55.834+0000] {subprocess.py:93} INFO - [0m05:48:55
[2025-07-03T05:48:55.835+0000] {subprocess.py:93} INFO - [0m05:48:55  [31mFailure in model staging_dim_date (models/staging_dim_date.sql)[0m
[2025-07-03T05:48:55.836+0000] {subprocess.py:93} INFO - [0m05:48:55    Database Error in model staging_dim_date (models/staging_dim_date.sql)
[2025-07-03T05:48:55.836+0000] {subprocess.py:93} INFO -   relation "dim_date" already exists
[2025-07-03T05:48:55.837+0000] {subprocess.py:93} INFO -   compiled code at target/run/dbt_driven_data/models/staging_dim_date.sql
[2025-07-03T05:48:55.837+0000] {subprocess.py:93} INFO - [0m05:48:55
[2025-07-03T05:48:55.837+0000] {subprocess.py:93} INFO - [0m05:48:55    compiled code at target/compiled/dbt_driven_data/models/staging_dim_date.sql
[2025-07-03T05:48:55.838+0000] {subprocess.py:93} INFO - [0m05:48:55
[2025-07-03T05:48:55.838+0000] {subprocess.py:93} INFO - [0m05:48:55  [31mFailure in model staging_dim_finance (models/staging_dim_finance.sql)[0m
[2025-07-03T05:48:55.839+0000] {subprocess.py:93} INFO - [0m05:48:55    Database Error in model staging_dim_finance (models/staging_dim_finance.sql)
[2025-07-03T05:48:55.839+0000] {subprocess.py:93} INFO -   relation "dim_finance" already exists
[2025-07-03T05:48:55.839+0000] {subprocess.py:93} INFO -   compiled code at target/run/dbt_driven_data/models/staging_dim_finance.sql
[2025-07-03T05:48:55.840+0000] {subprocess.py:93} INFO - [0m05:48:55
[2025-07-03T05:48:55.840+0000] {subprocess.py:93} INFO - [0m05:48:55    compiled code at target/compiled/dbt_driven_data/models/staging_dim_finance.sql
[2025-07-03T05:48:55.840+0000] {subprocess.py:93} INFO - [0m05:48:55
[2025-07-03T05:48:55.842+0000] {subprocess.py:93} INFO - [0m05:48:55  [31mFailure in model staging_dim_person (models/staging_dim_person.sql)[0m
[2025-07-03T05:48:55.843+0000] {subprocess.py:93} INFO - [0m05:48:55    Database Error in model staging_dim_person (models/staging_dim_person.sql)
[2025-07-03T05:48:55.843+0000] {subprocess.py:93} INFO -   relation "dim_person" already exists
[2025-07-03T05:48:55.843+0000] {subprocess.py:93} INFO -   compiled code at target/run/dbt_driven_data/models/staging_dim_person.sql
[2025-07-03T05:48:55.844+0000] {subprocess.py:93} INFO - [0m05:48:55
[2025-07-03T05:48:55.844+0000] {subprocess.py:93} INFO - [0m05:48:55    compiled code at target/compiled/dbt_driven_data/models/staging_dim_person.sql
[2025-07-03T05:48:55.844+0000] {subprocess.py:93} INFO - [0m05:48:55
[2025-07-03T05:48:55.844+0000] {subprocess.py:93} INFO - [0m05:48:55  [31mFailure in model staging_fact_network_usage (models/staging_fact_network_usage.sql)[0m
[2025-07-03T05:48:55.845+0000] {subprocess.py:93} INFO - [0m05:48:55    Database Error in model staging_fact_network_usage (models/staging_fact_network_usage.sql)
[2025-07-03T05:48:55.845+0000] {subprocess.py:93} INFO -   relation "fact_network_usage" already exists
[2025-07-03T05:48:55.846+0000] {subprocess.py:93} INFO -   compiled code at target/run/dbt_driven_data/models/staging_fact_network_usage.sql
[2025-07-03T05:48:55.846+0000] {subprocess.py:93} INFO - [0m05:48:55
[2025-07-03T05:48:55.846+0000] {subprocess.py:93} INFO - [0m05:48:55    compiled code at target/compiled/dbt_driven_data/models/staging_fact_network_usage.sql
[2025-07-03T05:48:55.847+0000] {subprocess.py:93} INFO - [0m05:48:55
[2025-07-03T05:48:55.848+0000] {subprocess.py:93} INFO - [0m05:48:55  Done. PASS=0 WARN=0 ERROR=5 SKIP=0 NO-OP=0 TOTAL=5
[2025-07-03T05:48:57.259+0000] {subprocess.py:97} INFO - Command exited with return code 1
[2025-07-03T05:48:57.276+0000] {taskinstance.py:3310} ERROR - Task failed with exception
Traceback (most recent call last):
  File "/home/airflow/.local/lib/python3.12/site-packages/airflow/models/taskinstance.py", line 767, in _execute_task
    result = _execute_callable(context=context, **execute_callable_kwargs)
             ^^^^^^^^^^^^^^^^^^^^^^^^^^^^^^^^^^^^^^^^^^^^^^^^^^^^^^^^^^^^^
  File "/home/airflow/.local/lib/python3.12/site-packages/airflow/models/taskinstance.py", line 733, in _execute_callable
    return ExecutionCallableRunner(
           ^^^^^^^^^^^^^^^^^^^^^^^^
  File "/home/airflow/.local/lib/python3.12/site-packages/airflow/utils/operator_helpers.py", line 252, in run
    return self.func(*args, **kwargs)
           ^^^^^^^^^^^^^^^^^^^^^^^^^^
  File "/home/airflow/.local/lib/python3.12/site-packages/airflow/models/baseoperator.py", line 406, in wrapper
    return func(self, *args, **kwargs)
           ^^^^^^^^^^^^^^^^^^^^^^^^^^^
  File "/home/airflow/.local/lib/python3.12/site-packages/airflow/operators/bash.py", line 249, in execute
    raise AirflowException(
airflow.exceptions.AirflowException: Bash command failed. The command returned a non-zero exit code 1.
[2025-07-03T05:48:57.285+0000] {taskinstance.py:1225} INFO - Marking task as FAILED. dag_id=extract_raw_data_pipeline, task_id=run_dbt_staging, run_id=scheduled__2025-07-02T07:58:00+00:00, execution_date=20250702T075800, start_date=20250703T054848, end_date=20250703T054857
[2025-07-03T05:48:57.302+0000] {taskinstance.py:340} INFO - ::group::Post task execution logs
[2025-07-03T05:48:57.303+0000] {standard_task_runner.py:124} ERROR - Failed to execute job 11 for task run_dbt_staging (Bash command failed. The command returned a non-zero exit code 1.; 199)
Traceback (most recent call last):
  File "/home/airflow/.local/lib/python3.12/site-packages/airflow/task/task_runner/standard_task_runner.py", line 117, in _start_by_fork
    ret = args.func(args, dag=self.dag)
          ^^^^^^^^^^^^^^^^^^^^^^^^^^^^^
  File "/home/airflow/.local/lib/python3.12/site-packages/airflow/cli/cli_config.py", line 49, in command
    return func(*args, **kwargs)
           ^^^^^^^^^^^^^^^^^^^^^
  File "/home/airflow/.local/lib/python3.12/site-packages/airflow/utils/cli.py", line 115, in wrapper
    return f(*args, **kwargs)
           ^^^^^^^^^^^^^^^^^^
  File "/home/airflow/.local/lib/python3.12/site-packages/airflow/cli/commands/task_command.py", line 483, in task_run
    task_return_code = _run_task_by_selected_method(args, _dag, ti)
                       ^^^^^^^^^^^^^^^^^^^^^^^^^^^^^^^^^^^^^^^^^^^^
  File "/home/airflow/.local/lib/python3.12/site-packages/airflow/cli/commands/task_command.py", line 256, in _run_task_by_selected_method
    return _run_raw_task(args, ti)
           ^^^^^^^^^^^^^^^^^^^^^^^
  File "/home/airflow/.local/lib/python3.12/site-packages/airflow/cli/commands/task_command.py", line 341, in _run_raw_task
    return ti._run_raw_task(
           ^^^^^^^^^^^^^^^^^
  File "/home/airflow/.local/lib/python3.12/site-packages/airflow/utils/session.py", line 97, in wrapper
    return func(*args, session=session, **kwargs)
           ^^^^^^^^^^^^^^^^^^^^^^^^^^^^^^^^^^^^^^
  File "/home/airflow/.local/lib/python3.12/site-packages/airflow/models/taskinstance.py", line 3004, in _run_raw_task
    return _run_raw_task(
           ^^^^^^^^^^^^^^
  File "/home/airflow/.local/lib/python3.12/site-packages/airflow/models/taskinstance.py", line 273, in _run_raw_task
    TaskInstance._execute_task_with_callbacks(
  File "/home/airflow/.local/lib/python3.12/site-packages/airflow/models/taskinstance.py", line 3158, in _execute_task_with_callbacks
    result = self._execute_task(context, task_orig)
             ^^^^^^^^^^^^^^^^^^^^^^^^^^^^^^^^^^^^^^
  File "/home/airflow/.local/lib/python3.12/site-packages/airflow/models/taskinstance.py", line 3182, in _execute_task
    return _execute_task(self, context, task_orig)
           ^^^^^^^^^^^^^^^^^^^^^^^^^^^^^^^^^^^^^^^
  File "/home/airflow/.local/lib/python3.12/site-packages/airflow/models/taskinstance.py", line 767, in _execute_task
    result = _execute_callable(context=context, **execute_callable_kwargs)
             ^^^^^^^^^^^^^^^^^^^^^^^^^^^^^^^^^^^^^^^^^^^^^^^^^^^^^^^^^^^^^
  File "/home/airflow/.local/lib/python3.12/site-packages/airflow/models/taskinstance.py", line 733, in _execute_callable
    return ExecutionCallableRunner(
           ^^^^^^^^^^^^^^^^^^^^^^^^
  File "/home/airflow/.local/lib/python3.12/site-packages/airflow/utils/operator_helpers.py", line 252, in run
    return self.func(*args, **kwargs)
           ^^^^^^^^^^^^^^^^^^^^^^^^^^
  File "/home/airflow/.local/lib/python3.12/site-packages/airflow/models/baseoperator.py", line 406, in wrapper
    return func(self, *args, **kwargs)
           ^^^^^^^^^^^^^^^^^^^^^^^^^^^
  File "/home/airflow/.local/lib/python3.12/site-packages/airflow/operators/bash.py", line 249, in execute
    raise AirflowException(
airflow.exceptions.AirflowException: Bash command failed. The command returned a non-zero exit code 1.
[2025-07-03T05:48:57.349+0000] {local_task_job_runner.py:266} INFO - Task exited with return code 1
[2025-07-03T05:48:57.372+0000] {taskinstance.py:3900} INFO - 0 downstream tasks scheduled from follow-on schedule check
[2025-07-03T05:48:57.376+0000] {local_task_job_runner.py:245} INFO - ::endgroup::
