[2025-07-02T14:42:26.573+0000] {local_task_job_runner.py:123} INFO - ::group::Pre task execution logs
[2025-07-02T14:42:26.626+0000] {taskinstance.py:2612} INFO - Dependencies all met for dep_context=non-requeueable deps ti=<TaskInstance: extract_raw_data_pipeline.create_raw_schema scheduled__2025-07-02T07:58:00+00:00 [queued]>
[2025-07-02T14:42:26.666+0000] {taskinstance.py:2612} INFO - Dependencies all met for dep_context=requeueable deps ti=<TaskInstance: extract_raw_data_pipeline.create_raw_schema scheduled__2025-07-02T07:58:00+00:00 [queued]>
[2025-07-02T14:42:26.668+0000] {taskinstance.py:2865} INFO - Starting attempt 1 of 1
[2025-07-02T14:42:26.726+0000] {taskinstance.py:2888} INFO - Executing <Task(SQLExecuteQueryOperator): create_raw_schema> on 2025-07-02 07:58:00+00:00
[2025-07-02T14:42:26.800+0000] {standard_task_runner.py:104} INFO - Running: ['***', 'tasks', 'run', 'extract_raw_data_pipeline', 'create_raw_schema', 'scheduled__2025-07-02T07:58:00+00:00', '--job-id', '11', '--raw', '--subdir', 'DAGS_FOLDER/driven_data_pipeline.py', '--cfg-path', '/tmp/tmpj1__eukn']
[2025-07-02T14:42:26.796+0000] {warnings.py:112} WARNING - /home/***/.local/lib/python3.12/site-packages/***/task/task_runner/standard_task_runner.py:70: DeprecationWarning: This process (pid=98) is multi-threaded, use of fork() may lead to deadlocks in the child.
  pid = os.fork()

[2025-07-02T14:42:26.812+0000] {standard_task_runner.py:72} INFO - Started process 109 to run task
[2025-07-02T14:42:26.808+0000] {standard_task_runner.py:105} INFO - Job 11: Subtask create_raw_schema
[2025-07-02T14:42:27.132+0000] {task_command.py:467} INFO - Running <TaskInstance: extract_raw_data_pipeline.create_raw_schema scheduled__2025-07-02T07:58:00+00:00 [running]> on host 22138e16e53d
[2025-07-02T14:42:27.444+0000] {taskinstance.py:3131} INFO - Exporting env vars: AIRFLOW_CTX_DAG_OWNER='***' AIRFLOW_CTX_DAG_ID='extract_raw_data_pipeline' AIRFLOW_CTX_TASK_ID='create_raw_schema' AIRFLOW_CTX_EXECUTION_DATE='2025-07-02T07:58:00+00:00' AIRFLOW_CTX_TRY_NUMBER='1' AIRFLOW_CTX_DAG_RUN_ID='scheduled__2025-07-02T07:58:00+00:00'
[2025-07-02T14:42:27.457+0000] {taskinstance.py:731} INFO - ::endgroup::
[2025-07-02T14:42:27.723+0000] {sql.py:266} INFO - Executing: CREATE SCHEMA IF NOT EXISTS driven_raw;
[2025-07-02T14:42:27.802+0000] {base.py:84} INFO - Retrieving connection 'postgres_conn'
[2025-07-02T14:42:27.991+0000] {base.py:84} INFO - Retrieving connection 'postgres_conn'
[2025-07-02T14:42:28.041+0000] {sql.py:509} INFO - Running statement: CREATE SCHEMA IF NOT EXISTS driven_raw;, parameters: None
[2025-07-02T14:42:28.118+0000] {taskinstance.py:340} INFO - ::group::Post task execution logs
[2025-07-02T14:42:28.120+0000] {taskinstance.py:352} INFO - Marking task as SUCCESS. dag_id=extract_raw_data_pipeline, task_id=create_raw_schema, run_id=scheduled__2025-07-02T07:58:00+00:00, execution_date=20250702T075800, start_date=20250702T144226, end_date=20250702T144228
[2025-07-02T14:42:28.470+0000] {local_task_job_runner.py:266} INFO - Task exited with return code 0
[2025-07-02T14:42:28.600+0000] {taskinstance.py:3900} INFO - 0 downstream tasks scheduled from follow-on schedule check
[2025-07-02T14:42:28.609+0000] {local_task_job_runner.py:245} INFO - ::endgroup::
[2025-07-02T15:22:59.641+0000] {local_task_job_runner.py:123} INFO - ::group::Pre task execution logs
[2025-07-02T15:22:59.699+0000] {taskinstance.py:2612} INFO - Dependencies all met for dep_context=non-requeueable deps ti=<TaskInstance: extract_raw_data_pipeline.create_raw_schema scheduled__2025-07-02T07:58:00+00:00 [queued]>
[2025-07-02T15:22:59.724+0000] {taskinstance.py:2612} INFO - Dependencies all met for dep_context=requeueable deps ti=<TaskInstance: extract_raw_data_pipeline.create_raw_schema scheduled__2025-07-02T07:58:00+00:00 [queued]>
[2025-07-02T15:22:59.725+0000] {taskinstance.py:2865} INFO - Starting attempt 1 of 1
[2025-07-02T15:22:59.757+0000] {taskinstance.py:2888} INFO - Executing <Task(SQLExecuteQueryOperator): create_raw_schema> on 2025-07-02 07:58:00+00:00
[2025-07-02T15:22:59.789+0000] {warnings.py:112} WARNING - /home/***/.local/lib/python3.12/site-packages/***/task/task_runner/standard_task_runner.py:70: DeprecationWarning: This process (pid=117) is multi-threaded, use of fork() may lead to deadlocks in the child.
  pid = os.fork()

[2025-07-02T15:22:59.794+0000] {standard_task_runner.py:104} INFO - Running: ['***', 'tasks', 'run', 'extract_raw_data_pipeline', 'create_raw_schema', 'scheduled__2025-07-02T07:58:00+00:00', '--job-id', '9', '--raw', '--subdir', 'DAGS_FOLDER/driven_data_pipeline.py', '--cfg-path', '/tmp/tmpj3hxhu7n']
[2025-07-02T15:22:59.797+0000] {standard_task_runner.py:72} INFO - Started process 125 to run task
[2025-07-02T15:22:59.797+0000] {standard_task_runner.py:105} INFO - Job 9: Subtask create_raw_schema
[2025-07-02T15:23:00.017+0000] {task_command.py:467} INFO - Running <TaskInstance: extract_raw_data_pipeline.create_raw_schema scheduled__2025-07-02T07:58:00+00:00 [running]> on host 65c754792d38
[2025-07-02T15:23:00.329+0000] {taskinstance.py:3131} INFO - Exporting env vars: AIRFLOW_CTX_DAG_OWNER='***' AIRFLOW_CTX_DAG_ID='extract_raw_data_pipeline' AIRFLOW_CTX_TASK_ID='create_raw_schema' AIRFLOW_CTX_EXECUTION_DATE='2025-07-02T07:58:00+00:00' AIRFLOW_CTX_TRY_NUMBER='1' AIRFLOW_CTX_DAG_RUN_ID='scheduled__2025-07-02T07:58:00+00:00'
[2025-07-02T15:23:00.333+0000] {taskinstance.py:731} INFO - ::endgroup::
[2025-07-02T15:23:00.427+0000] {sql.py:266} INFO - Executing: CREATE SCHEMA IF NOT EXISTS driven_raw;
[2025-07-02T15:23:00.491+0000] {taskinstance.py:3310} ERROR - Task failed with exception
Traceback (most recent call last):
  File "/home/airflow/.local/lib/python3.12/site-packages/airflow/models/taskinstance.py", line 767, in _execute_task
    result = _execute_callable(context=context, **execute_callable_kwargs)
             ^^^^^^^^^^^^^^^^^^^^^^^^^^^^^^^^^^^^^^^^^^^^^^^^^^^^^^^^^^^^^
  File "/home/airflow/.local/lib/python3.12/site-packages/airflow/models/taskinstance.py", line 733, in _execute_callable
    return ExecutionCallableRunner(
           ^^^^^^^^^^^^^^^^^^^^^^^^
  File "/home/airflow/.local/lib/python3.12/site-packages/airflow/utils/operator_helpers.py", line 252, in run
    return self.func(*args, **kwargs)
           ^^^^^^^^^^^^^^^^^^^^^^^^^^
  File "/home/airflow/.local/lib/python3.12/site-packages/airflow/models/baseoperator.py", line 406, in wrapper
    return func(self, *args, **kwargs)
           ^^^^^^^^^^^^^^^^^^^^^^^^^^^
  File "/home/airflow/.local/lib/python3.12/site-packages/airflow/providers/common/sql/operators/sql.py", line 267, in execute
    hook = self.get_db_hook()
           ^^^^^^^^^^^^^^^^^^
  File "/home/airflow/.local/lib/python3.12/site-packages/airflow/providers/common/sql/operators/sql.py", line 178, in get_db_hook
    return self._hook
           ^^^^^^^^^^
  File "/usr/local/lib/python3.12/functools.py", line 993, in __get__
    val = self.func(instance)
          ^^^^^^^^^^^^^^^^^^^
  File "/home/airflow/.local/lib/python3.12/site-packages/airflow/providers/common/sql/operators/sql.py", line 153, in _hook
    conn = BaseHook.get_connection(conn_id)
           ^^^^^^^^^^^^^^^^^^^^^^^^^^^^^^^^
  File "/home/airflow/.local/lib/python3.12/site-packages/airflow/hooks/base.py", line 83, in get_connection
    conn = Connection.get_connection_from_secrets(conn_id)
           ^^^^^^^^^^^^^^^^^^^^^^^^^^^^^^^^^^^^^^^^^^^^^^^
  File "/home/airflow/.local/lib/python3.12/site-packages/airflow/models/connection.py", line 537, in get_connection_from_secrets
    raise AirflowNotFoundException(f"The conn_id `{conn_id}` isn't defined")
airflow.exceptions.AirflowNotFoundException: The conn_id `postgres_conn` isn't defined
[2025-07-02T15:23:00.534+0000] {taskinstance.py:1225} INFO - Marking task as FAILED. dag_id=extract_raw_data_pipeline, task_id=create_raw_schema, run_id=scheduled__2025-07-02T07:58:00+00:00, execution_date=20250702T075800, start_date=20250702T152259, end_date=20250702T152300
[2025-07-02T15:23:00.573+0000] {taskinstance.py:340} INFO - ::group::Post task execution logs
[2025-07-02T15:23:00.575+0000] {standard_task_runner.py:124} ERROR - Failed to execute job 9 for task create_raw_schema (The conn_id `postgres_conn` isn't defined; 125)
Traceback (most recent call last):
  File "/home/airflow/.local/lib/python3.12/site-packages/airflow/task/task_runner/standard_task_runner.py", line 117, in _start_by_fork
    ret = args.func(args, dag=self.dag)
          ^^^^^^^^^^^^^^^^^^^^^^^^^^^^^
  File "/home/airflow/.local/lib/python3.12/site-packages/airflow/cli/cli_config.py", line 49, in command
    return func(*args, **kwargs)
           ^^^^^^^^^^^^^^^^^^^^^
  File "/home/airflow/.local/lib/python3.12/site-packages/airflow/utils/cli.py", line 115, in wrapper
    return f(*args, **kwargs)
           ^^^^^^^^^^^^^^^^^^
  File "/home/airflow/.local/lib/python3.12/site-packages/airflow/cli/commands/task_command.py", line 483, in task_run
    task_return_code = _run_task_by_selected_method(args, _dag, ti)
                       ^^^^^^^^^^^^^^^^^^^^^^^^^^^^^^^^^^^^^^^^^^^^
  File "/home/airflow/.local/lib/python3.12/site-packages/airflow/cli/commands/task_command.py", line 256, in _run_task_by_selected_method
    return _run_raw_task(args, ti)
           ^^^^^^^^^^^^^^^^^^^^^^^
  File "/home/airflow/.local/lib/python3.12/site-packages/airflow/cli/commands/task_command.py", line 341, in _run_raw_task
    return ti._run_raw_task(
           ^^^^^^^^^^^^^^^^^
  File "/home/airflow/.local/lib/python3.12/site-packages/airflow/utils/session.py", line 97, in wrapper
    return func(*args, session=session, **kwargs)
           ^^^^^^^^^^^^^^^^^^^^^^^^^^^^^^^^^^^^^^
  File "/home/airflow/.local/lib/python3.12/site-packages/airflow/models/taskinstance.py", line 3004, in _run_raw_task
    return _run_raw_task(
           ^^^^^^^^^^^^^^
  File "/home/airflow/.local/lib/python3.12/site-packages/airflow/models/taskinstance.py", line 273, in _run_raw_task
    TaskInstance._execute_task_with_callbacks(
  File "/home/airflow/.local/lib/python3.12/site-packages/airflow/models/taskinstance.py", line 3158, in _execute_task_with_callbacks
    result = self._execute_task(context, task_orig)
             ^^^^^^^^^^^^^^^^^^^^^^^^^^^^^^^^^^^^^^
  File "/home/airflow/.local/lib/python3.12/site-packages/airflow/models/taskinstance.py", line 3182, in _execute_task
    return _execute_task(self, context, task_orig)
           ^^^^^^^^^^^^^^^^^^^^^^^^^^^^^^^^^^^^^^^
  File "/home/airflow/.local/lib/python3.12/site-packages/airflow/models/taskinstance.py", line 767, in _execute_task
    result = _execute_callable(context=context, **execute_callable_kwargs)
             ^^^^^^^^^^^^^^^^^^^^^^^^^^^^^^^^^^^^^^^^^^^^^^^^^^^^^^^^^^^^^
  File "/home/airflow/.local/lib/python3.12/site-packages/airflow/models/taskinstance.py", line 733, in _execute_callable
    return ExecutionCallableRunner(
           ^^^^^^^^^^^^^^^^^^^^^^^^
  File "/home/airflow/.local/lib/python3.12/site-packages/airflow/utils/operator_helpers.py", line 252, in run
    return self.func(*args, **kwargs)
           ^^^^^^^^^^^^^^^^^^^^^^^^^^
  File "/home/airflow/.local/lib/python3.12/site-packages/airflow/models/baseoperator.py", line 406, in wrapper
    return func(self, *args, **kwargs)
           ^^^^^^^^^^^^^^^^^^^^^^^^^^^
  File "/home/airflow/.local/lib/python3.12/site-packages/airflow/providers/common/sql/operators/sql.py", line 267, in execute
    hook = self.get_db_hook()
           ^^^^^^^^^^^^^^^^^^
  File "/home/airflow/.local/lib/python3.12/site-packages/airflow/providers/common/sql/operators/sql.py", line 178, in get_db_hook
    return self._hook
           ^^^^^^^^^^
  File "/usr/local/lib/python3.12/functools.py", line 993, in __get__
    val = self.func(instance)
          ^^^^^^^^^^^^^^^^^^^
  File "/home/airflow/.local/lib/python3.12/site-packages/airflow/providers/common/sql/operators/sql.py", line 153, in _hook
    conn = BaseHook.get_connection(conn_id)
           ^^^^^^^^^^^^^^^^^^^^^^^^^^^^^^^^
  File "/home/airflow/.local/lib/python3.12/site-packages/airflow/hooks/base.py", line 83, in get_connection
    conn = Connection.get_connection_from_secrets(conn_id)
           ^^^^^^^^^^^^^^^^^^^^^^^^^^^^^^^^^^^^^^^^^^^^^^^
  File "/home/airflow/.local/lib/python3.12/site-packages/airflow/models/connection.py", line 537, in get_connection_from_secrets
    raise AirflowNotFoundException(f"The conn_id `{conn_id}` isn't defined")
airflow.exceptions.AirflowNotFoundException: The conn_id `postgres_conn` isn't defined
[2025-07-02T15:23:00.656+0000] {local_task_job_runner.py:266} INFO - Task exited with return code 1
[2025-07-02T15:23:00.701+0000] {taskinstance.py:3900} INFO - 0 downstream tasks scheduled from follow-on schedule check
[2025-07-02T15:23:00.708+0000] {local_task_job_runner.py:245} INFO - ::endgroup::
[2025-07-03T01:50:57.559+0000] {local_task_job_runner.py:123} INFO - ::group::Pre task execution logs
[2025-07-03T01:50:57.853+0000] {taskinstance.py:2612} INFO - Dependencies all met for dep_context=non-requeueable deps ti=<TaskInstance: extract_raw_data_pipeline.create_raw_schema scheduled__2025-07-02T07:58:00+00:00 [queued]>
[2025-07-03T01:50:57.913+0000] {taskinstance.py:2612} INFO - Dependencies all met for dep_context=requeueable deps ti=<TaskInstance: extract_raw_data_pipeline.create_raw_schema scheduled__2025-07-02T07:58:00+00:00 [queued]>
[2025-07-03T01:50:57.919+0000] {taskinstance.py:2865} INFO - Starting attempt 1 of 1
[2025-07-03T01:50:57.997+0000] {taskinstance.py:2888} INFO - Executing <Task(SQLExecuteQueryOperator): create_raw_schema> on 2025-07-02 07:58:00+00:00
[2025-07-03T01:50:58.037+0000] {warnings.py:112} WARNING - /home/***/.local/lib/python3.12/site-packages/***/task/task_runner/standard_task_runner.py:70: DeprecationWarning: This process (pid=146) is multi-threaded, use of fork() may lead to deadlocks in the child.
  pid = os.fork()

[2025-07-03T01:50:58.051+0000] {standard_task_runner.py:72} INFO - Started process 156 to run task
[2025-07-03T01:50:58.052+0000] {standard_task_runner.py:104} INFO - Running: ['***', 'tasks', 'run', 'extract_raw_data_pipeline', 'create_raw_schema', 'scheduled__2025-07-02T07:58:00+00:00', '--job-id', '5', '--raw', '--subdir', 'DAGS_FOLDER/driven_data_pipeline.py', '--cfg-path', '/tmp/tmpjznw3cg8']
[2025-07-03T01:50:58.059+0000] {standard_task_runner.py:105} INFO - Job 5: Subtask create_raw_schema
[2025-07-03T01:50:58.417+0000] {task_command.py:467} INFO - Running <TaskInstance: extract_raw_data_pipeline.create_raw_schema scheduled__2025-07-02T07:58:00+00:00 [running]> on host 4967ca9b28a5
[2025-07-03T01:50:59.115+0000] {taskinstance.py:3131} INFO - Exporting env vars: AIRFLOW_CTX_DAG_OWNER='***' AIRFLOW_CTX_DAG_ID='extract_raw_data_pipeline' AIRFLOW_CTX_TASK_ID='create_raw_schema' AIRFLOW_CTX_EXECUTION_DATE='2025-07-02T07:58:00+00:00' AIRFLOW_CTX_TRY_NUMBER='1' AIRFLOW_CTX_DAG_RUN_ID='scheduled__2025-07-02T07:58:00+00:00'
[2025-07-03T01:50:59.121+0000] {taskinstance.py:731} INFO - ::endgroup::
[2025-07-03T01:50:59.206+0000] {sql.py:266} INFO - Executing: CREATE SCHEMA IF NOT EXISTS driven_raw;
[2025-07-03T01:50:59.252+0000] {base.py:84} INFO - Retrieving connection 'postgres_conn'
[2025-07-03T01:50:59.356+0000] {base.py:84} INFO - Retrieving connection 'postgres_conn'
[2025-07-03T01:50:59.391+0000] {sql.py:509} INFO - Running statement: CREATE SCHEMA IF NOT EXISTS driven_raw;, parameters: None
[2025-07-03T01:50:59.454+0000] {taskinstance.py:340} INFO - ::group::Post task execution logs
[2025-07-03T01:50:59.456+0000] {taskinstance.py:352} INFO - Marking task as SUCCESS. dag_id=extract_raw_data_pipeline, task_id=create_raw_schema, run_id=scheduled__2025-07-02T07:58:00+00:00, execution_date=20250702T075800, start_date=20250703T015057, end_date=20250703T015059
[2025-07-03T01:50:59.555+0000] {local_task_job_runner.py:266} INFO - Task exited with return code 0
[2025-07-03T01:50:59.614+0000] {taskinstance.py:3900} INFO - 0 downstream tasks scheduled from follow-on schedule check
[2025-07-03T01:50:59.621+0000] {local_task_job_runner.py:245} INFO - ::endgroup::
[2025-07-03T04:06:50.242+0000] {local_task_job_runner.py:123} INFO - ::group::Pre task execution logs
[2025-07-03T04:06:50.291+0000] {taskinstance.py:2612} INFO - Dependencies all met for dep_context=non-requeueable deps ti=<TaskInstance: extract_raw_data_pipeline.create_raw_schema scheduled__2025-07-02T07:58:00+00:00 [queued]>
[2025-07-03T04:06:50.316+0000] {taskinstance.py:2612} INFO - Dependencies all met for dep_context=requeueable deps ti=<TaskInstance: extract_raw_data_pipeline.create_raw_schema scheduled__2025-07-02T07:58:00+00:00 [queued]>
[2025-07-03T04:06:50.317+0000] {taskinstance.py:2865} INFO - Starting attempt 1 of 1
[2025-07-03T04:06:50.349+0000] {taskinstance.py:2888} INFO - Executing <Task(SQLExecuteQueryOperator): create_raw_schema> on 2025-07-02 07:58:00+00:00
[2025-07-03T04:06:50.371+0000] {warnings.py:112} WARNING - /home/***/.local/lib/python3.12/site-packages/***/task/task_runner/standard_task_runner.py:70: DeprecationWarning: This process (pid=152) is multi-threaded, use of fork() may lead to deadlocks in the child.
  pid = os.fork()

[2025-07-03T04:06:50.376+0000] {standard_task_runner.py:72} INFO - Started process 160 to run task
[2025-07-03T04:06:50.375+0000] {standard_task_runner.py:104} INFO - Running: ['***', 'tasks', 'run', 'extract_raw_data_pipeline', 'create_raw_schema', 'scheduled__2025-07-02T07:58:00+00:00', '--job-id', '4', '--raw', '--subdir', 'DAGS_FOLDER/driven_data_pipeline.py', '--cfg-path', '/tmp/tmpq4v54e06']
[2025-07-03T04:06:50.380+0000] {standard_task_runner.py:105} INFO - Job 4: Subtask create_raw_schema
[2025-07-03T04:06:50.585+0000] {task_command.py:467} INFO - Running <TaskInstance: extract_raw_data_pipeline.create_raw_schema scheduled__2025-07-02T07:58:00+00:00 [running]> on host d1f480c47f95
[2025-07-03T04:06:50.907+0000] {taskinstance.py:3131} INFO - Exporting env vars: AIRFLOW_CTX_DAG_OWNER='***' AIRFLOW_CTX_DAG_ID='extract_raw_data_pipeline' AIRFLOW_CTX_TASK_ID='create_raw_schema' AIRFLOW_CTX_EXECUTION_DATE='2025-07-02T07:58:00+00:00' AIRFLOW_CTX_TRY_NUMBER='1' AIRFLOW_CTX_DAG_RUN_ID='scheduled__2025-07-02T07:58:00+00:00'
[2025-07-03T04:06:50.911+0000] {taskinstance.py:731} INFO - ::endgroup::
[2025-07-03T04:06:51.025+0000] {sql.py:266} INFO - Executing: CREATE SCHEMA IF NOT EXISTS driven_raw;
[2025-07-03T04:06:51.068+0000] {base.py:84} INFO - Retrieving connection 'postgres_conn'
[2025-07-03T04:06:51.124+0000] {base.py:84} INFO - Retrieving connection 'postgres_conn'
[2025-07-03T04:06:51.141+0000] {sql.py:509} INFO - Running statement: CREATE SCHEMA IF NOT EXISTS driven_raw;, parameters: None
[2025-07-03T04:06:51.202+0000] {taskinstance.py:340} INFO - ::group::Post task execution logs
[2025-07-03T04:06:51.207+0000] {taskinstance.py:352} INFO - Marking task as SUCCESS. dag_id=extract_raw_data_pipeline, task_id=create_raw_schema, run_id=scheduled__2025-07-02T07:58:00+00:00, execution_date=20250702T075800, start_date=20250703T040650, end_date=20250703T040651
[2025-07-03T04:06:51.338+0000] {local_task_job_runner.py:266} INFO - Task exited with return code 0
[2025-07-03T04:06:51.423+0000] {taskinstance.py:3900} INFO - 0 downstream tasks scheduled from follow-on schedule check
[2025-07-03T04:06:51.428+0000] {local_task_job_runner.py:245} INFO - ::endgroup::
[2025-07-03T04:19:38.626+0000] {local_task_job_runner.py:123} INFO - ::group::Pre task execution logs
[2025-07-03T04:19:38.664+0000] {taskinstance.py:2612} INFO - Dependencies all met for dep_context=non-requeueable deps ti=<TaskInstance: extract_raw_data_pipeline.create_raw_schema scheduled__2025-07-02T07:58:00+00:00 [queued]>
[2025-07-03T04:19:38.679+0000] {taskinstance.py:2612} INFO - Dependencies all met for dep_context=requeueable deps ti=<TaskInstance: extract_raw_data_pipeline.create_raw_schema scheduled__2025-07-02T07:58:00+00:00 [queued]>
[2025-07-03T04:19:38.680+0000] {taskinstance.py:2865} INFO - Starting attempt 1 of 1
[2025-07-03T04:19:38.699+0000] {taskinstance.py:2888} INFO - Executing <Task(SQLExecuteQueryOperator): create_raw_schema> on 2025-07-02 07:58:00+00:00
[2025-07-03T04:19:38.710+0000] {warnings.py:112} WARNING - /home/***/.local/lib/python3.12/site-packages/***/task/task_runner/standard_task_runner.py:70: DeprecationWarning: This process (pid=148) is multi-threaded, use of fork() may lead to deadlocks in the child.
  pid = os.fork()

[2025-07-03T04:19:38.715+0000] {standard_task_runner.py:72} INFO - Started process 175 to run task
[2025-07-03T04:19:38.714+0000] {standard_task_runner.py:104} INFO - Running: ['***', 'tasks', 'run', 'extract_raw_data_pipeline', 'create_raw_schema', 'scheduled__2025-07-02T07:58:00+00:00', '--job-id', '6', '--raw', '--subdir', 'DAGS_FOLDER/driven_data_pipeline.py', '--cfg-path', '/tmp/tmpiizhr39k']
[2025-07-03T04:19:38.716+0000] {standard_task_runner.py:105} INFO - Job 6: Subtask create_raw_schema
[2025-07-03T04:19:38.796+0000] {task_command.py:467} INFO - Running <TaskInstance: extract_raw_data_pipeline.create_raw_schema scheduled__2025-07-02T07:58:00+00:00 [running]> on host 679dc5825cd9
[2025-07-03T04:19:38.911+0000] {taskinstance.py:3131} INFO - Exporting env vars: AIRFLOW_CTX_DAG_OWNER='***' AIRFLOW_CTX_DAG_ID='extract_raw_data_pipeline' AIRFLOW_CTX_TASK_ID='create_raw_schema' AIRFLOW_CTX_EXECUTION_DATE='2025-07-02T07:58:00+00:00' AIRFLOW_CTX_TRY_NUMBER='1' AIRFLOW_CTX_DAG_RUN_ID='scheduled__2025-07-02T07:58:00+00:00'
[2025-07-03T04:19:38.912+0000] {taskinstance.py:731} INFO - ::endgroup::
[2025-07-03T04:19:38.937+0000] {sql.py:266} INFO - Executing: CREATE SCHEMA IF NOT EXISTS driven_raw;
[2025-07-03T04:19:38.958+0000] {base.py:84} INFO - Retrieving connection 'postgres_conn'
[2025-07-03T04:19:38.992+0000] {base.py:84} INFO - Retrieving connection 'postgres_conn'
[2025-07-03T04:19:38.998+0000] {sql.py:509} INFO - Running statement: CREATE SCHEMA IF NOT EXISTS driven_raw;, parameters: None
[2025-07-03T04:19:39.019+0000] {taskinstance.py:340} INFO - ::group::Post task execution logs
[2025-07-03T04:19:39.021+0000] {taskinstance.py:352} INFO - Marking task as SUCCESS. dag_id=extract_raw_data_pipeline, task_id=create_raw_schema, run_id=scheduled__2025-07-02T07:58:00+00:00, execution_date=20250702T075800, start_date=20250703T041938, end_date=20250703T041939
[2025-07-03T04:19:39.104+0000] {local_task_job_runner.py:266} INFO - Task exited with return code 0
[2025-07-03T04:19:39.120+0000] {local_task_job_runner.py:245} INFO - ::endgroup::
[2025-07-03T04:52:30.039+0000] {local_task_job_runner.py:123} INFO - ::group::Pre task execution logs
[2025-07-03T04:52:30.121+0000] {taskinstance.py:2612} INFO - Dependencies all met for dep_context=non-requeueable deps ti=<TaskInstance: extract_raw_data_pipeline.create_raw_schema scheduled__2025-07-02T07:58:00+00:00 [queued]>
[2025-07-03T04:52:30.149+0000] {taskinstance.py:2612} INFO - Dependencies all met for dep_context=requeueable deps ti=<TaskInstance: extract_raw_data_pipeline.create_raw_schema scheduled__2025-07-02T07:58:00+00:00 [queued]>
[2025-07-03T04:52:30.150+0000] {taskinstance.py:2865} INFO - Starting attempt 1 of 1
[2025-07-03T04:52:30.187+0000] {taskinstance.py:2888} INFO - Executing <Task(SQLExecuteQueryOperator): create_raw_schema> on 2025-07-02 07:58:00+00:00
[2025-07-03T04:52:30.205+0000] {warnings.py:112} WARNING - /home/***/.local/lib/python3.12/site-packages/***/task/task_runner/standard_task_runner.py:70: DeprecationWarning: This process (pid=119) is multi-threaded, use of fork() may lead to deadlocks in the child.
  pid = os.fork()

[2025-07-03T04:52:30.210+0000] {standard_task_runner.py:72} INFO - Started process 153 to run task
[2025-07-03T04:52:30.209+0000] {standard_task_runner.py:104} INFO - Running: ['***', 'tasks', 'run', 'extract_raw_data_pipeline', 'create_raw_schema', 'scheduled__2025-07-02T07:58:00+00:00', '--job-id', '6', '--raw', '--subdir', 'DAGS_FOLDER/driven_data_pipeline.py', '--cfg-path', '/tmp/tmp7mefcjxp']
[2025-07-03T04:52:30.212+0000] {standard_task_runner.py:105} INFO - Job 6: Subtask create_raw_schema
[2025-07-03T04:52:30.380+0000] {task_command.py:467} INFO - Running <TaskInstance: extract_raw_data_pipeline.create_raw_schema scheduled__2025-07-02T07:58:00+00:00 [running]> on host 62959f25eb14
[2025-07-03T04:52:30.558+0000] {taskinstance.py:3131} INFO - Exporting env vars: AIRFLOW_CTX_DAG_OWNER='***' AIRFLOW_CTX_DAG_ID='extract_raw_data_pipeline' AIRFLOW_CTX_TASK_ID='create_raw_schema' AIRFLOW_CTX_EXECUTION_DATE='2025-07-02T07:58:00+00:00' AIRFLOW_CTX_TRY_NUMBER='1' AIRFLOW_CTX_DAG_RUN_ID='scheduled__2025-07-02T07:58:00+00:00'
[2025-07-03T04:52:30.560+0000] {taskinstance.py:731} INFO - ::endgroup::
[2025-07-03T04:52:30.591+0000] {sql.py:266} INFO - Executing: CREATE SCHEMA IF NOT EXISTS driven_raw;
[2025-07-03T04:52:30.609+0000] {base.py:84} INFO - Retrieving connection 'postgres_conn'
[2025-07-03T04:52:30.649+0000] {base.py:84} INFO - Retrieving connection 'postgres_conn'
[2025-07-03T04:52:30.656+0000] {sql.py:509} INFO - Running statement: CREATE SCHEMA IF NOT EXISTS driven_raw;, parameters: None
[2025-07-03T04:52:30.676+0000] {taskinstance.py:340} INFO - ::group::Post task execution logs
[2025-07-03T04:52:30.677+0000] {taskinstance.py:352} INFO - Marking task as SUCCESS. dag_id=extract_raw_data_pipeline, task_id=create_raw_schema, run_id=scheduled__2025-07-02T07:58:00+00:00, execution_date=20250702T075800, start_date=20250703T045230, end_date=20250703T045230
[2025-07-03T04:52:30.725+0000] {local_task_job_runner.py:266} INFO - Task exited with return code 0
[2025-07-03T04:52:30.775+0000] {taskinstance.py:3900} INFO - 1 downstream tasks scheduled from follow-on schedule check
[2025-07-03T04:52:30.779+0000] {local_task_job_runner.py:245} INFO - ::endgroup::
[2025-07-03T04:56:58.004+0000] {local_task_job_runner.py:123} INFO - ::group::Pre task execution logs
[2025-07-03T04:56:58.056+0000] {taskinstance.py:2612} INFO - Dependencies all met for dep_context=non-requeueable deps ti=<TaskInstance: extract_raw_data_pipeline.create_raw_schema scheduled__2025-07-02T07:58:00+00:00 [queued]>
[2025-07-03T04:56:58.079+0000] {taskinstance.py:2612} INFO - Dependencies all met for dep_context=requeueable deps ti=<TaskInstance: extract_raw_data_pipeline.create_raw_schema scheduled__2025-07-02T07:58:00+00:00 [queued]>
[2025-07-03T04:56:58.094+0000] {taskinstance.py:2865} INFO - Starting attempt 1 of 1
[2025-07-03T04:56:58.126+0000] {taskinstance.py:2888} INFO - Executing <Task(SQLExecuteQueryOperator): create_raw_schema> on 2025-07-02 07:58:00+00:00
[2025-07-03T04:56:58.148+0000] {warnings.py:112} WARNING - /home/***/.local/lib/python3.12/site-packages/***/task/task_runner/standard_task_runner.py:70: DeprecationWarning: This process (pid=118) is multi-threaded, use of fork() may lead to deadlocks in the child.
  pid = os.fork()

[2025-07-03T04:56:58.155+0000] {standard_task_runner.py:72} INFO - Started process 125 to run task
[2025-07-03T04:56:58.154+0000] {standard_task_runner.py:104} INFO - Running: ['***', 'tasks', 'run', 'extract_raw_data_pipeline', 'create_raw_schema', 'scheduled__2025-07-02T07:58:00+00:00', '--job-id', '4', '--raw', '--subdir', 'DAGS_FOLDER/driven_data_pipeline.py', '--cfg-path', '/tmp/tmpzl9h9ae_']
[2025-07-03T04:56:58.156+0000] {standard_task_runner.py:105} INFO - Job 4: Subtask create_raw_schema
[2025-07-03T04:56:58.419+0000] {task_command.py:467} INFO - Running <TaskInstance: extract_raw_data_pipeline.create_raw_schema scheduled__2025-07-02T07:58:00+00:00 [running]> on host 2487b648c76a
[2025-07-03T04:56:58.597+0000] {taskinstance.py:3131} INFO - Exporting env vars: AIRFLOW_CTX_DAG_OWNER='***' AIRFLOW_CTX_DAG_ID='extract_raw_data_pipeline' AIRFLOW_CTX_TASK_ID='create_raw_schema' AIRFLOW_CTX_EXECUTION_DATE='2025-07-02T07:58:00+00:00' AIRFLOW_CTX_TRY_NUMBER='1' AIRFLOW_CTX_DAG_RUN_ID='scheduled__2025-07-02T07:58:00+00:00'
[2025-07-03T04:56:58.599+0000] {taskinstance.py:731} INFO - ::endgroup::
[2025-07-03T04:56:58.651+0000] {sql.py:266} INFO - Executing: CREATE SCHEMA IF NOT EXISTS driven_raw;
[2025-07-03T04:56:58.669+0000] {base.py:84} INFO - Retrieving connection 'postgres_conn'
[2025-07-03T04:56:58.689+0000] {base.py:84} INFO - Retrieving connection 'postgres_conn'
[2025-07-03T04:56:58.697+0000] {sql.py:509} INFO - Running statement: CREATE SCHEMA IF NOT EXISTS driven_raw;, parameters: None
[2025-07-03T04:56:58.724+0000] {taskinstance.py:340} INFO - ::group::Post task execution logs
[2025-07-03T04:56:58.725+0000] {taskinstance.py:352} INFO - Marking task as SUCCESS. dag_id=extract_raw_data_pipeline, task_id=create_raw_schema, run_id=scheduled__2025-07-02T07:58:00+00:00, execution_date=20250702T075800, start_date=20250703T045658, end_date=20250703T045658
[2025-07-03T04:56:58.783+0000] {local_task_job_runner.py:266} INFO - Task exited with return code 0
[2025-07-03T04:56:58.819+0000] {taskinstance.py:3900} INFO - 0 downstream tasks scheduled from follow-on schedule check
[2025-07-03T04:56:58.821+0000] {local_task_job_runner.py:245} INFO - ::endgroup::
[2025-07-03T05:04:57.718+0000] {local_task_job_runner.py:123} INFO - ::group::Pre task execution logs
[2025-07-03T05:04:57.744+0000] {taskinstance.py:2612} INFO - Dependencies all met for dep_context=non-requeueable deps ti=<TaskInstance: extract_raw_data_pipeline.create_raw_schema scheduled__2025-07-02T07:58:00+00:00 [queued]>
[2025-07-03T05:04:57.753+0000] {taskinstance.py:2612} INFO - Dependencies all met for dep_context=requeueable deps ti=<TaskInstance: extract_raw_data_pipeline.create_raw_schema scheduled__2025-07-02T07:58:00+00:00 [queued]>
[2025-07-03T05:04:57.754+0000] {taskinstance.py:2865} INFO - Starting attempt 1 of 1
[2025-07-03T05:04:57.771+0000] {taskinstance.py:2888} INFO - Executing <Task(SQLExecuteQueryOperator): create_raw_schema> on 2025-07-02 07:58:00+00:00
[2025-07-03T05:04:57.785+0000] {warnings.py:112} WARNING - /home/***/.local/lib/python3.12/site-packages/***/task/task_runner/standard_task_runner.py:70: DeprecationWarning: This process (pid=117) is multi-threaded, use of fork() may lead to deadlocks in the child.
  pid = os.fork()

[2025-07-03T05:04:57.787+0000] {standard_task_runner.py:104} INFO - Running: ['***', 'tasks', 'run', 'extract_raw_data_pipeline', 'create_raw_schema', 'scheduled__2025-07-02T07:58:00+00:00', '--job-id', '3', '--raw', '--subdir', 'DAGS_FOLDER/driven_data_pipeline.py', '--cfg-path', '/tmp/tmpojyqnvc6']
[2025-07-03T05:04:57.789+0000] {standard_task_runner.py:105} INFO - Job 3: Subtask create_raw_schema
[2025-07-03T05:04:57.788+0000] {standard_task_runner.py:72} INFO - Started process 125 to run task
[2025-07-03T05:04:57.932+0000] {task_command.py:467} INFO - Running <TaskInstance: extract_raw_data_pipeline.create_raw_schema scheduled__2025-07-02T07:58:00+00:00 [running]> on host 74cc1e0326f4
[2025-07-03T05:04:58.039+0000] {taskinstance.py:3131} INFO - Exporting env vars: AIRFLOW_CTX_DAG_OWNER='***' AIRFLOW_CTX_DAG_ID='extract_raw_data_pipeline' AIRFLOW_CTX_TASK_ID='create_raw_schema' AIRFLOW_CTX_EXECUTION_DATE='2025-07-02T07:58:00+00:00' AIRFLOW_CTX_TRY_NUMBER='1' AIRFLOW_CTX_DAG_RUN_ID='scheduled__2025-07-02T07:58:00+00:00'
[2025-07-03T05:04:58.041+0000] {taskinstance.py:731} INFO - ::endgroup::
[2025-07-03T05:04:58.063+0000] {sql.py:266} INFO - Executing: CREATE SCHEMA IF NOT EXISTS driven_raw;
[2025-07-03T05:04:58.075+0000] {base.py:84} INFO - Retrieving connection 'postgres_conn'
[2025-07-03T05:04:58.087+0000] {base.py:84} INFO - Retrieving connection 'postgres_conn'
[2025-07-03T05:04:58.094+0000] {sql.py:509} INFO - Running statement: CREATE SCHEMA IF NOT EXISTS driven_raw;, parameters: None
[2025-07-03T05:04:58.110+0000] {taskinstance.py:340} INFO - ::group::Post task execution logs
[2025-07-03T05:04:58.111+0000] {taskinstance.py:352} INFO - Marking task as SUCCESS. dag_id=extract_raw_data_pipeline, task_id=create_raw_schema, run_id=scheduled__2025-07-02T07:58:00+00:00, execution_date=20250702T075800, start_date=20250703T050457, end_date=20250703T050458
[2025-07-03T05:04:58.166+0000] {local_task_job_runner.py:266} INFO - Task exited with return code 0
[2025-07-03T05:04:58.189+0000] {taskinstance.py:3900} INFO - 0 downstream tasks scheduled from follow-on schedule check
[2025-07-03T05:04:58.191+0000] {local_task_job_runner.py:245} INFO - ::endgroup::
[2025-07-03T05:31:05.554+0000] {local_task_job_runner.py:123} INFO - ::group::Pre task execution logs
[2025-07-03T05:31:05.599+0000] {taskinstance.py:2612} INFO - Dependencies all met for dep_context=non-requeueable deps ti=<TaskInstance: extract_raw_data_pipeline.create_raw_schema scheduled__2025-07-02T07:58:00+00:00 [queued]>
[2025-07-03T05:31:05.626+0000] {taskinstance.py:2612} INFO - Dependencies all met for dep_context=requeueable deps ti=<TaskInstance: extract_raw_data_pipeline.create_raw_schema scheduled__2025-07-02T07:58:00+00:00 [queued]>
[2025-07-03T05:31:05.627+0000] {taskinstance.py:2865} INFO - Starting attempt 1 of 1
[2025-07-03T05:31:05.660+0000] {taskinstance.py:2888} INFO - Executing <Task(SQLExecuteQueryOperator): create_raw_schema> on 2025-07-02 07:58:00+00:00
[2025-07-03T05:31:05.680+0000] {warnings.py:112} WARNING - /home/***/.local/lib/python3.12/site-packages/***/task/task_runner/standard_task_runner.py:70: DeprecationWarning: This process (pid=125) is multi-threaded, use of fork() may lead to deadlocks in the child.
  pid = os.fork()

[2025-07-03T05:31:05.684+0000] {standard_task_runner.py:104} INFO - Running: ['***', 'tasks', 'run', 'extract_raw_data_pipeline', 'create_raw_schema', 'scheduled__2025-07-02T07:58:00+00:00', '--job-id', '5', '--raw', '--subdir', 'DAGS_FOLDER/driven_data_pipeline.py', '--cfg-path', '/tmp/tmpl98rjgy5']
[2025-07-03T05:31:05.686+0000] {standard_task_runner.py:72} INFO - Started process 159 to run task
[2025-07-03T05:31:05.687+0000] {standard_task_runner.py:105} INFO - Job 5: Subtask create_raw_schema
[2025-07-03T05:31:05.835+0000] {task_command.py:467} INFO - Running <TaskInstance: extract_raw_data_pipeline.create_raw_schema scheduled__2025-07-02T07:58:00+00:00 [running]> on host a16ad527543b
[2025-07-03T05:31:06.004+0000] {taskinstance.py:3131} INFO - Exporting env vars: AIRFLOW_CTX_DAG_OWNER='***' AIRFLOW_CTX_DAG_ID='extract_raw_data_pipeline' AIRFLOW_CTX_TASK_ID='create_raw_schema' AIRFLOW_CTX_EXECUTION_DATE='2025-07-02T07:58:00+00:00' AIRFLOW_CTX_TRY_NUMBER='1' AIRFLOW_CTX_DAG_RUN_ID='scheduled__2025-07-02T07:58:00+00:00'
[2025-07-03T05:31:06.006+0000] {taskinstance.py:731} INFO - ::endgroup::
[2025-07-03T05:31:06.033+0000] {sql.py:266} INFO - Executing: CREATE SCHEMA IF NOT EXISTS driven_raw;
[2025-07-03T05:31:06.058+0000] {base.py:84} INFO - Retrieving connection 'postgres_conn'
[2025-07-03T05:31:06.102+0000] {base.py:84} INFO - Retrieving connection 'postgres_conn'
[2025-07-03T05:31:06.110+0000] {sql.py:509} INFO - Running statement: CREATE SCHEMA IF NOT EXISTS driven_raw;, parameters: None
[2025-07-03T05:31:06.132+0000] {taskinstance.py:340} INFO - ::group::Post task execution logs
[2025-07-03T05:31:06.132+0000] {taskinstance.py:352} INFO - Marking task as SUCCESS. dag_id=extract_raw_data_pipeline, task_id=create_raw_schema, run_id=scheduled__2025-07-02T07:58:00+00:00, execution_date=20250702T075800, start_date=20250703T053105, end_date=20250703T053106
[2025-07-03T05:31:06.202+0000] {local_task_job_runner.py:266} INFO - Task exited with return code 0
[2025-07-03T05:31:06.244+0000] {taskinstance.py:3900} INFO - 0 downstream tasks scheduled from follow-on schedule check
[2025-07-03T05:31:06.247+0000] {local_task_job_runner.py:245} INFO - ::endgroup::
[2025-07-03T05:48:40.864+0000] {local_task_job_runner.py:123} INFO - ::group::Pre task execution logs
[2025-07-03T05:48:40.899+0000] {taskinstance.py:2612} INFO - Dependencies all met for dep_context=non-requeueable deps ti=<TaskInstance: extract_raw_data_pipeline.create_raw_schema scheduled__2025-07-02T07:58:00+00:00 [queued]>
[2025-07-03T05:48:40.911+0000] {taskinstance.py:2612} INFO - Dependencies all met for dep_context=requeueable deps ti=<TaskInstance: extract_raw_data_pipeline.create_raw_schema scheduled__2025-07-02T07:58:00+00:00 [queued]>
[2025-07-03T05:48:40.912+0000] {taskinstance.py:2865} INFO - Starting attempt 1 of 1
[2025-07-03T05:48:41.146+0000] {taskinstance.py:2888} INFO - Executing <Task(SQLExecuteQueryOperator): create_raw_schema> on 2025-07-02 07:58:00+00:00
[2025-07-03T05:48:41.188+0000] {warnings.py:112} WARNING - /home/***/.local/lib/python3.12/site-packages/***/task/task_runner/standard_task_runner.py:70: DeprecationWarning: This process (pid=132) is multi-threaded, use of fork() may lead to deadlocks in the child.
  pid = os.fork()

[2025-07-03T05:48:41.205+0000] {standard_task_runner.py:104} INFO - Running: ['***', 'tasks', 'run', 'extract_raw_data_pipeline', 'create_raw_schema', 'scheduled__2025-07-02T07:58:00+00:00', '--job-id', '3', '--raw', '--subdir', 'DAGS_FOLDER/driven_data_pipeline.py', '--cfg-path', '/tmp/tmpdheicmb8']
[2025-07-03T05:48:41.209+0000] {standard_task_runner.py:72} INFO - Started process 141 to run task
[2025-07-03T05:48:41.210+0000] {standard_task_runner.py:105} INFO - Job 3: Subtask create_raw_schema
[2025-07-03T05:48:41.417+0000] {task_command.py:467} INFO - Running <TaskInstance: extract_raw_data_pipeline.create_raw_schema scheduled__2025-07-02T07:58:00+00:00 [running]> on host 384b142d1c6e
[2025-07-03T05:48:41.575+0000] {taskinstance.py:3131} INFO - Exporting env vars: AIRFLOW_CTX_DAG_OWNER='***' AIRFLOW_CTX_DAG_ID='extract_raw_data_pipeline' AIRFLOW_CTX_TASK_ID='create_raw_schema' AIRFLOW_CTX_EXECUTION_DATE='2025-07-02T07:58:00+00:00' AIRFLOW_CTX_TRY_NUMBER='1' AIRFLOW_CTX_DAG_RUN_ID='scheduled__2025-07-02T07:58:00+00:00'
[2025-07-03T05:48:41.577+0000] {taskinstance.py:731} INFO - ::endgroup::
[2025-07-03T05:48:41.605+0000] {sql.py:266} INFO - Executing: CREATE SCHEMA IF NOT EXISTS driven_raw;
[2025-07-03T05:48:41.746+0000] {base.py:84} INFO - Retrieving connection 'postgres_conn'
[2025-07-03T05:48:41.801+0000] {base.py:84} INFO - Retrieving connection 'postgres_conn'
[2025-07-03T05:48:41.810+0000] {sql.py:509} INFO - Running statement: CREATE SCHEMA IF NOT EXISTS driven_raw;, parameters: None
[2025-07-03T05:48:41.886+0000] {taskinstance.py:340} INFO - ::group::Post task execution logs
[2025-07-03T05:48:41.888+0000] {taskinstance.py:352} INFO - Marking task as SUCCESS. dag_id=extract_raw_data_pipeline, task_id=create_raw_schema, run_id=scheduled__2025-07-02T07:58:00+00:00, execution_date=20250702T075800, start_date=20250703T054840, end_date=20250703T054841
[2025-07-03T05:48:41.957+0000] {local_task_job_runner.py:266} INFO - Task exited with return code 0
[2025-07-03T05:48:42.009+0000] {taskinstance.py:3900} INFO - 1 downstream tasks scheduled from follow-on schedule check
[2025-07-03T05:48:42.013+0000] {local_task_job_runner.py:245} INFO - ::endgroup::
