[2025-07-07T04:20:08.827+0000] {local_task_job_runner.py:123} INFO - ::group::Pre task execution logs
[2025-07-07T04:20:08.852+0000] {taskinstance.py:2612} INFO - Dependencies all met for dep_context=non-requeueable deps ti=<TaskInstance: extract_raw_data_pipeline.run_dbt_trusted manual__2025-07-07T04:19:47.650585+00:00 [queued]>
[2025-07-07T04:20:08.864+0000] {taskinstance.py:2612} INFO - Dependencies all met for dep_context=requeueable deps ti=<TaskInstance: extract_raw_data_pipeline.run_dbt_trusted manual__2025-07-07T04:19:47.650585+00:00 [queued]>
[2025-07-07T04:20:08.865+0000] {taskinstance.py:2865} INFO - Starting attempt 1 of 1
[2025-07-07T04:20:08.883+0000] {taskinstance.py:2888} INFO - Executing <Task(BashOperator): run_dbt_trusted> on 2025-07-07 04:19:47.650585+00:00
[2025-07-07T04:20:08.893+0000] {warnings.py:112} WARNING - /home/***/.local/lib/python3.12/site-packages/***/task/task_runner/standard_task_runner.py:70: DeprecationWarning: This process (pid=159) is multi-threaded, use of fork() may lead to deadlocks in the child.
  pid = os.fork()

[2025-07-07T04:20:08.896+0000] {standard_task_runner.py:72} INFO - Started process 161 to run task
[2025-07-07T04:20:08.896+0000] {standard_task_runner.py:104} INFO - Running: ['***', 'tasks', 'run', 'extract_raw_data_pipeline', 'run_dbt_trusted', 'manual__2025-07-07T04:19:47.650585+00:00', '--job-id', '74', '--raw', '--subdir', 'DAGS_FOLDER/driven_data_pipeline.py', '--cfg-path', '/tmp/tmpezlo1g3e']
[2025-07-07T04:20:08.898+0000] {standard_task_runner.py:105} INFO - Job 74: Subtask run_dbt_trusted
[2025-07-07T04:20:08.965+0000] {task_command.py:467} INFO - Running <TaskInstance: extract_raw_data_pipeline.run_dbt_trusted manual__2025-07-07T04:19:47.650585+00:00 [running]> on host 263c6d9c8577
[2025-07-07T04:20:09.075+0000] {taskinstance.py:3131} INFO - Exporting env vars: AIRFLOW_CTX_DAG_OWNER='***' AIRFLOW_CTX_DAG_ID='extract_raw_data_pipeline' AIRFLOW_CTX_TASK_ID='run_dbt_trusted' AIRFLOW_CTX_EXECUTION_DATE='2025-07-07T04:19:47.650585+00:00' AIRFLOW_CTX_TRY_NUMBER='1' AIRFLOW_CTX_DAG_RUN_ID='manual__2025-07-07T04:19:47.650585+00:00'
[2025-07-07T04:20:09.076+0000] {taskinstance.py:731} INFO - ::endgroup::
[2025-07-07T04:20:09.093+0000] {subprocess.py:63} INFO - Tmp dir root location: /tmp
[2025-07-07T04:20:09.095+0000] {subprocess.py:75} INFO - Running command: ['/usr/bin/bash', '-c', 'cd /opt/***/dbt && dbt run --select tag:trusted']
[2025-07-07T04:20:09.115+0000] {subprocess.py:86} INFO - Output:
[2025-07-07T04:20:11.770+0000] {subprocess.py:93} INFO - [0m04:20:11  Running with dbt=1.10.3
[2025-07-07T04:20:12.271+0000] {subprocess.py:93} INFO - [0m04:20:12  Registered adapter: postgres=1.9.0
[2025-07-07T04:20:11.116+0000] {subprocess.py:93} INFO - [0m04:20:11  Found 9 models, 11 sources, 433 macros
[2025-07-07T04:20:11.121+0000] {subprocess.py:93} INFO - [0m04:20:11
[2025-07-07T04:20:11.122+0000] {subprocess.py:93} INFO - [0m04:20:11  Concurrency: 1 threads (target='dev')
[2025-07-07T04:20:11.123+0000] {subprocess.py:93} INFO - [0m04:20:11
[2025-07-07T04:20:11.357+0000] {subprocess.py:93} INFO - [0m04:20:11  1 of 4 START sql table model driven_trusted.non_pii_data ....................... [RUN]
[2025-07-07T04:20:11.588+0000] {subprocess.py:93} INFO - [0m04:20:11  1 of 4 OK created sql table model driven_trusted.non_pii_data .................. [[32mSELECT 7100[0m in 0.22s]
[2025-07-07T04:20:11.591+0000] {subprocess.py:93} INFO - [0m04:20:11  2 of 4 START sql table model driven_trusted.payment_data ....................... [RUN]
[2025-07-07T04:20:11.692+0000] {subprocess.py:93} INFO - [0m04:20:11  2 of 4 OK created sql table model driven_trusted.payment_data .................. [[32mSELECT 1500[0m in 0.10s]
[2025-07-07T04:20:11.695+0000] {subprocess.py:93} INFO - [0m04:20:11  3 of 4 START sql table model driven_trusted.pii_data ........................... [RUN]
[2025-07-07T04:20:11.821+0000] {subprocess.py:93} INFO - [0m04:20:11  3 of 4 OK created sql table model driven_trusted.pii_data ...................... [[32mSELECT 7100[0m in 0.12s]
[2025-07-07T04:20:11.824+0000] {subprocess.py:93} INFO - [0m04:20:11  4 of 4 START sql table model driven_trusted.technical_data ..................... [RUN]
[2025-07-07T04:20:11.929+0000] {subprocess.py:93} INFO - [0m04:20:11  4 of 4 OK created sql table model driven_trusted.technical_data ................ [[32mSELECT 1500[0m in 0.10s]
[2025-07-07T04:20:11.963+0000] {subprocess.py:93} INFO - [0m04:20:11
[2025-07-07T04:20:11.964+0000] {subprocess.py:93} INFO - [0m04:20:11  Finished running 4 table models in 0 hours 0 minutes and 0.84 seconds (0.84s).
[2025-07-07T04:20:12.069+0000] {subprocess.py:93} INFO - [0m04:20:12
[2025-07-07T04:20:12.071+0000] {subprocess.py:93} INFO - [0m04:20:12  [32mCompleted successfully[0m
[2025-07-07T04:20:12.072+0000] {subprocess.py:93} INFO - [0m04:20:12
[2025-07-07T04:20:12.073+0000] {subprocess.py:93} INFO - [0m04:20:12  Done. PASS=4 WARN=0 ERROR=0 SKIP=0 NO-OP=0 TOTAL=4
[2025-07-07T04:20:13.002+0000] {subprocess.py:97} INFO - Command exited with return code 0
[2025-07-07T04:20:13.041+0000] {taskinstance.py:340} INFO - ::group::Post task execution logs
[2025-07-07T04:20:13.042+0000] {taskinstance.py:352} INFO - Marking task as SUCCESS. dag_id=extract_raw_data_pipeline, task_id=run_dbt_trusted, run_id=manual__2025-07-07T04:19:47.650585+00:00, execution_date=20250707T041947, start_date=20250707T042008, end_date=20250707T042013
[2025-07-07T04:20:13.774+0000] {local_task_job_runner.py:266} INFO - Task exited with return code 0
[2025-07-07T04:20:13.795+0000] {taskinstance.py:3900} INFO - 0 downstream tasks scheduled from follow-on schedule check
[2025-07-07T04:20:13.798+0000] {local_task_job_runner.py:245} INFO - ::endgroup::
