[2025-07-03T05:01:33.174+0000] {local_task_job_runner.py:123} INFO - ::group::Pre task execution logs
[2025-07-03T05:01:33.215+0000] {taskinstance.py:2612} INFO - Dependencies all met for dep_context=non-requeueable deps ti=<TaskInstance: extract_raw_data_pipeline.run_dbt_staging manual__2025-07-03T05:01:16.842051+00:00 [queued]>
[2025-07-03T05:01:33.236+0000] {taskinstance.py:2612} INFO - Dependencies all met for dep_context=requeueable deps ti=<TaskInstance: extract_raw_data_pipeline.run_dbt_staging manual__2025-07-03T05:01:16.842051+00:00 [queued]>
[2025-07-03T05:01:33.236+0000] {taskinstance.py:2865} INFO - Starting attempt 1 of 1
[2025-07-03T05:01:33.264+0000] {taskinstance.py:2888} INFO - Executing <Task(BashOperator): run_dbt_staging> on 2025-07-03 05:01:16.842051+00:00
[2025-07-03T05:01:33.282+0000] {warnings.py:112} WARNING - /home/***/.local/lib/python3.12/site-packages/***/task/task_runner/standard_task_runner.py:70: DeprecationWarning: This process (pid=275) is multi-threaded, use of fork() may lead to deadlocks in the child.
  pid = os.fork()

[2025-07-03T05:01:33.287+0000] {standard_task_runner.py:72} INFO - Started process 289 to run task
[2025-07-03T05:01:33.287+0000] {standard_task_runner.py:104} INFO - Running: ['***', 'tasks', 'run', 'extract_raw_data_pipeline', 'run_dbt_staging', 'manual__2025-07-03T05:01:16.842051+00:00', '--job-id', '18', '--raw', '--subdir', 'DAGS_FOLDER/driven_data_pipeline.py', '--cfg-path', '/tmp/tmpdylduoqx']
[2025-07-03T05:01:33.290+0000] {standard_task_runner.py:105} INFO - Job 18: Subtask run_dbt_staging
[2025-07-03T05:01:33.391+0000] {task_command.py:467} INFO - Running <TaskInstance: extract_raw_data_pipeline.run_dbt_staging manual__2025-07-03T05:01:16.842051+00:00 [running]> on host b5e71f0a4cd6
[2025-07-03T05:01:33.579+0000] {taskinstance.py:3131} INFO - Exporting env vars: AIRFLOW_CTX_DAG_OWNER='***' AIRFLOW_CTX_DAG_ID='extract_raw_data_pipeline' AIRFLOW_CTX_TASK_ID='run_dbt_staging' AIRFLOW_CTX_EXECUTION_DATE='2025-07-03T05:01:16.842051+00:00' AIRFLOW_CTX_TRY_NUMBER='1' AIRFLOW_CTX_DAG_RUN_ID='manual__2025-07-03T05:01:16.842051+00:00'
[2025-07-03T05:01:33.582+0000] {taskinstance.py:731} INFO - ::endgroup::
[2025-07-03T05:01:33.623+0000] {subprocess.py:63} INFO - Tmp dir root location: /tmp
[2025-07-03T05:01:33.632+0000] {subprocess.py:75} INFO - Running command: ['/usr/bin/bash', '-c', 'cd /opt/***/dbt && dbt run --select tag:staging']
[2025-07-03T05:01:33.672+0000] {subprocess.py:86} INFO - Output:
[2025-07-03T05:01:40.669+0000] {subprocess.py:93} INFO - [0m05:01:40  Running with dbt=1.10.3
[2025-07-03T05:01:41.616+0000] {subprocess.py:93} INFO - [0m05:01:41  Registered adapter: postgres=1.9.0
[2025-07-03T05:01:41.919+0000] {subprocess.py:93} INFO - [0m05:01:41  Unable to do partial parsing because saved manifest not found. Starting full parse.
[2025-07-03T05:01:45.483+0000] {subprocess.py:93} INFO - [0m05:01:45  Found 9 models, 11 sources, 433 macros
[2025-07-03T05:01:45.493+0000] {subprocess.py:93} INFO - [0m05:01:45
[2025-07-03T05:01:45.494+0000] {subprocess.py:93} INFO - [0m05:01:45  Concurrency: 1 threads (target='dev')
[2025-07-03T05:01:45.495+0000] {subprocess.py:93} INFO - [0m05:01:45
[2025-07-03T05:01:46.843+0000] {subprocess.py:93} INFO - [0m05:01:46  1 of 5 START sql table model driven_staging.dim_address ........................ [RUN]
[2025-07-03T05:05:03.918+0000] {job.py:229} INFO - Heartbeat recovered after 200.50 seconds
[2025-07-03T05:05:04.323+0000] {subprocess.py:93} INFO - [0m05:05:04  1 of 5 OK created sql table model driven_staging.dim_address ................... [[32mSELECT 400[0m in 197.45s]
[2025-07-03T05:05:04.336+0000] {subprocess.py:93} INFO - [0m05:05:04  2 of 5 START sql table model driven_staging.dim_date ........................... [RUN]
[2025-07-03T05:05:04.539+0000] {subprocess.py:93} INFO - [0m05:05:04  2 of 5 OK created sql table model driven_staging.dim_date ...................... [[32mSELECT 400[0m in 0.20s]
[2025-07-03T05:05:04.548+0000] {subprocess.py:93} INFO - [0m05:05:04  3 of 5 START sql table model driven_staging.dim_finance ........................ [RUN]
[2025-07-03T05:05:04.688+0000] {subprocess.py:93} INFO - [0m05:05:04  3 of 5 OK created sql table model driven_staging.dim_finance ................... [[32mSELECT 400[0m in 0.14s]
[2025-07-03T05:05:04.695+0000] {subprocess.py:93} INFO - [0m05:05:04  4 of 5 START sql table model driven_staging.dim_person ......................... [RUN]
[2025-07-03T05:05:04.844+0000] {subprocess.py:93} INFO - [0m05:05:04  4 of 5 OK created sql table model driven_staging.dim_person .................... [[32mSELECT 400[0m in 0.15s]
[2025-07-03T05:05:04.852+0000] {subprocess.py:93} INFO - [0m05:05:04  5 of 5 START sql table model driven_staging.fact_network_usage ................. [RUN]
[2025-07-03T05:05:05.052+0000] {subprocess.py:93} INFO - [0m05:05:05  5 of 5 OK created sql table model driven_staging.fact_network_usage ............ [[32mSELECT 400[0m in 0.19s]
[2025-07-03T05:05:05.099+0000] {subprocess.py:93} INFO - [0m05:05:05
[2025-07-03T05:05:05.101+0000] {subprocess.py:93} INFO - [0m05:05:05  Finished running 5 table models in 0 hours 3 minutes and 19.60 seconds (199.60s).
[2025-07-03T05:05:05.294+0000] {subprocess.py:93} INFO - [0m05:05:05
[2025-07-03T05:05:05.296+0000] {subprocess.py:93} INFO - [0m05:05:05  [32mCompleted successfully[0m
[2025-07-03T05:05:05.301+0000] {subprocess.py:93} INFO - [0m05:05:05
[2025-07-03T05:05:05.302+0000] {subprocess.py:93} INFO - [0m05:05:05  Done. PASS=5 WARN=0 ERROR=0 SKIP=0 NO-OP=0 TOTAL=5
[2025-07-03T05:05:07.102+0000] {subprocess.py:97} INFO - Command exited with return code 0
[2025-07-03T05:05:07.228+0000] {taskinstance.py:340} INFO - ::group::Post task execution logs
[2025-07-03T05:05:07.231+0000] {taskinstance.py:352} INFO - Marking task as SUCCESS. dag_id=extract_raw_data_pipeline, task_id=run_dbt_staging, run_id=manual__2025-07-03T05:01:16.842051+00:00, execution_date=20250703T050116, start_date=20250703T050133, end_date=20250703T050507
[2025-07-03T05:05:07.307+0000] {local_task_job_runner.py:266} INFO - Task exited with return code 0
[2025-07-03T05:05:07.371+0000] {taskinstance.py:3900} INFO - 1 downstream tasks scheduled from follow-on schedule check
[2025-07-03T05:05:07.374+0000] {local_task_job_runner.py:245} INFO - ::endgroup::
