[2025-07-03T05:48:58.830+0000] {local_task_job_runner.py:123} INFO - ::group::Pre task execution logs
[2025-07-03T05:48:58.860+0000] {taskinstance.py:2612} INFO - Dependencies all met for dep_context=non-requeueable deps ti=<TaskInstance: extract_raw_data_pipeline.run_dbt_trusted manual__2025-07-03T05:48:36.439913+00:00 [queued]>
[2025-07-03T05:48:58.871+0000] {taskinstance.py:2612} INFO - Dependencies all met for dep_context=requeueable deps ti=<TaskInstance: extract_raw_data_pipeline.run_dbt_trusted manual__2025-07-03T05:48:36.439913+00:00 [queued]>
[2025-07-03T05:48:58.872+0000] {taskinstance.py:2865} INFO - Starting attempt 1 of 1
[2025-07-03T05:48:58.886+0000] {taskinstance.py:2888} INFO - Executing <Task(BashOperator): run_dbt_trusted> on 2025-07-03 05:48:36.439913+00:00
[2025-07-03T05:48:58.898+0000] {warnings.py:112} WARNING - /home/***/.local/lib/python3.12/site-packages/***/task/task_runner/standard_task_runner.py:70: DeprecationWarning: This process (pid=253) is multi-threaded, use of fork() may lead to deadlocks in the child.
  pid = os.fork()

[2025-07-03T05:48:58.900+0000] {standard_task_runner.py:72} INFO - Started process 255 to run task
[2025-07-03T05:48:58.901+0000] {standard_task_runner.py:104} INFO - Running: ['***', 'tasks', 'run', 'extract_raw_data_pipeline', 'run_dbt_trusted', 'manual__2025-07-03T05:48:36.439913+00:00', '--job-id', '13', '--raw', '--subdir', 'DAGS_FOLDER/driven_data_pipeline.py', '--cfg-path', '/tmp/tmp75pld4ub']
[2025-07-03T05:48:58.902+0000] {standard_task_runner.py:105} INFO - Job 13: Subtask run_dbt_trusted
[2025-07-03T05:48:58.991+0000] {task_command.py:467} INFO - Running <TaskInstance: extract_raw_data_pipeline.run_dbt_trusted manual__2025-07-03T05:48:36.439913+00:00 [running]> on host 384b142d1c6e
[2025-07-03T05:48:59.088+0000] {taskinstance.py:3131} INFO - Exporting env vars: AIRFLOW_CTX_DAG_OWNER='***' AIRFLOW_CTX_DAG_ID='extract_raw_data_pipeline' AIRFLOW_CTX_TASK_ID='run_dbt_trusted' AIRFLOW_CTX_EXECUTION_DATE='2025-07-03T05:48:36.439913+00:00' AIRFLOW_CTX_TRY_NUMBER='1' AIRFLOW_CTX_DAG_RUN_ID='manual__2025-07-03T05:48:36.439913+00:00'
[2025-07-03T05:48:59.089+0000] {taskinstance.py:731} INFO - ::endgroup::
[2025-07-03T05:48:59.112+0000] {subprocess.py:63} INFO - Tmp dir root location: /tmp
[2025-07-03T05:48:59.114+0000] {subprocess.py:75} INFO - Running command: ['/usr/bin/bash', '-c', 'cd /opt/***/dbt && dbt run --select tag:trusted']
[2025-07-03T05:48:59.135+0000] {subprocess.py:86} INFO - Output:
[2025-07-03T05:49:01.679+0000] {subprocess.py:93} INFO - [0m05:49:01  Running with dbt=1.10.3
[2025-07-03T05:49:01.975+0000] {subprocess.py:93} INFO - [0m05:49:01  Registered adapter: postgres=1.9.0
[2025-07-03T05:49:02.525+0000] {subprocess.py:93} INFO - [0m05:49:02  Found 9 models, 11 sources, 433 macros
[2025-07-03T05:49:02.531+0000] {subprocess.py:93} INFO - [0m05:49:02
[2025-07-03T05:49:02.532+0000] {subprocess.py:93} INFO - [0m05:49:02  Concurrency: 1 threads (target='dev')
[2025-07-03T05:49:02.533+0000] {subprocess.py:93} INFO - [0m05:49:02
[2025-07-03T05:49:02.757+0000] {subprocess.py:93} INFO - [0m05:49:02  1 of 4 START sql table model driven_trusted.non_pii_data ....................... [RUN]
[2025-07-03T05:49:02.941+0000] {subprocess.py:93} INFO - [0m05:49:02  1 of 4 OK created sql table model driven_trusted.non_pii_data .................. [[32mSELECT 3200[0m in 0.18s]
[2025-07-03T05:49:02.943+0000] {subprocess.py:93} INFO - [0m05:49:02  2 of 4 START sql table model driven_trusted.payment_data ....................... [RUN]
[2025-07-03T05:49:03.003+0000] {subprocess.py:93} INFO - [0m05:49:03  2 of 4 OK created sql table model driven_trusted.payment_data .................. [[32mSELECT 400[0m in 0.06s]
[2025-07-03T05:49:03.004+0000] {subprocess.py:93} INFO - [0m05:49:03  3 of 4 START sql table model driven_trusted.pii_data ........................... [RUN]
[2025-07-03T05:49:03.102+0000] {subprocess.py:93} INFO - [0m05:49:03  3 of 4 OK created sql table model driven_trusted.pii_data ...................... [[32mSELECT 3200[0m in 0.10s]
[2025-07-03T05:49:03.105+0000] {subprocess.py:93} INFO - [0m05:49:03  4 of 4 START sql table model driven_trusted.technical_data ..................... [RUN]
[2025-07-03T05:49:03.171+0000] {subprocess.py:93} INFO - [0m05:49:03  4 of 4 OK created sql table model driven_trusted.technical_data ................ [[32mSELECT 400[0m in 0.06s]
[2025-07-03T05:49:03.189+0000] {subprocess.py:93} INFO - [0m05:49:03
[2025-07-03T05:49:03.190+0000] {subprocess.py:93} INFO - [0m05:49:03  Finished running 4 table models in 0 hours 0 minutes and 0.66 seconds (0.66s).
[2025-07-03T05:49:03.243+0000] {subprocess.py:93} INFO - [0m05:49:03
[2025-07-03T05:49:03.244+0000] {subprocess.py:93} INFO - [0m05:49:03  [32mCompleted successfully[0m
[2025-07-03T05:49:03.244+0000] {subprocess.py:93} INFO - [0m05:49:03
[2025-07-03T05:49:03.245+0000] {subprocess.py:93} INFO - [0m05:49:03  Done. PASS=4 WARN=0 ERROR=0 SKIP=0 NO-OP=0 TOTAL=4
[2025-07-03T05:49:04.152+0000] {subprocess.py:97} INFO - Command exited with return code 0
[2025-07-03T05:49:04.185+0000] {taskinstance.py:340} INFO - ::group::Post task execution logs
[2025-07-03T05:49:04.186+0000] {taskinstance.py:352} INFO - Marking task as SUCCESS. dag_id=extract_raw_data_pipeline, task_id=run_dbt_trusted, run_id=manual__2025-07-03T05:48:36.439913+00:00, execution_date=20250703T054836, start_date=20250703T054858, end_date=20250703T054904
[2025-07-03T05:49:04.253+0000] {local_task_job_runner.py:266} INFO - Task exited with return code 0
[2025-07-03T05:49:04.272+0000] {taskinstance.py:3900} INFO - 0 downstream tasks scheduled from follow-on schedule check
[2025-07-03T05:49:04.274+0000] {local_task_job_runner.py:245} INFO - ::endgroup::
