[2025-07-07T03:24:18.837+0000] {local_task_job_runner.py:123} INFO - ::group::Pre task execution logs
[2025-07-07T03:24:18.858+0000] {taskinstance.py:2612} INFO - Dependencies all met for dep_context=non-requeueable deps ti=<TaskInstance: extract_raw_data_pipeline.create_raw_table manual__2025-07-07T03:24:15.127805+00:00 [queued]>
[2025-07-07T03:24:18.868+0000] {taskinstance.py:2612} INFO - Dependencies all met for dep_context=requeueable deps ti=<TaskInstance: extract_raw_data_pipeline.create_raw_table manual__2025-07-07T03:24:15.127805+00:00 [queued]>
[2025-07-07T03:24:18.869+0000] {taskinstance.py:2865} INFO - Starting attempt 1 of 1
[2025-07-07T03:24:18.883+0000] {taskinstance.py:2888} INFO - Executing <Task(SQLExecuteQueryOperator): create_raw_table> on 2025-07-07 03:24:15.127805+00:00
[2025-07-07T03:24:18.892+0000] {warnings.py:112} WARNING - /home/***/.local/lib/python3.12/site-packages/***/task/task_runner/standard_task_runner.py:70: DeprecationWarning: This process (pid=261) is multi-threaded, use of fork() may lead to deadlocks in the child.
  pid = os.fork()

[2025-07-07T03:24:18.894+0000] {standard_task_runner.py:72} INFO - Started process 263 to run task
[2025-07-07T03:24:18.895+0000] {standard_task_runner.py:104} INFO - Running: ['***', 'tasks', 'run', 'extract_raw_data_pipeline', 'create_raw_table', 'manual__2025-07-07T03:24:15.127805+00:00', '--job-id', '14', '--raw', '--subdir', 'DAGS_FOLDER/driven_data_pipeline.py', '--cfg-path', '/tmp/tmpnf3ts24l']
[2025-07-07T03:24:18.896+0000] {standard_task_runner.py:105} INFO - Job 14: Subtask create_raw_table
[2025-07-07T03:24:18.972+0000] {task_command.py:467} INFO - Running <TaskInstance: extract_raw_data_pipeline.create_raw_table manual__2025-07-07T03:24:15.127805+00:00 [running]> on host 5a1687b5f252
[2025-07-07T03:24:19.071+0000] {taskinstance.py:3131} INFO - Exporting env vars: AIRFLOW_CTX_DAG_OWNER='***' AIRFLOW_CTX_DAG_ID='extract_raw_data_pipeline' AIRFLOW_CTX_TASK_ID='create_raw_table' AIRFLOW_CTX_EXECUTION_DATE='2025-07-07T03:24:15.127805+00:00' AIRFLOW_CTX_TRY_NUMBER='1' AIRFLOW_CTX_DAG_RUN_ID='manual__2025-07-07T03:24:15.127805+00:00'
[2025-07-07T03:24:19.073+0000] {taskinstance.py:731} INFO - ::endgroup::
[2025-07-07T03:24:19.085+0000] {sql.py:266} INFO - Executing: 
    CREATE TABLE IF NOT EXISTS driven_raw.raw_batch_data (
        person_name VARCHAR(150),
        user_name VARCHAR(150),
        email VARCHAR(150),
        personal_number VARCHAR(150),
        birth_date VARCHAR(150),
        address VARCHAR(150),
        phone VARCHAR(150),
        mac_address VARCHAR(150),
        ip_address VARCHAR(150),
        iban VARCHAR(150),
        accessed_at TIMESTAMP,
        session_duration INT,
        download_speed INT,
        upload_speed INT,
        consumed_traffic INT,
        unique_id VARCHAR(150)
    );
    
[2025-07-07T03:24:19.098+0000] {base.py:84} INFO - Retrieving connection 'postgres_conn'
[2025-07-07T03:24:19.107+0000] {base.py:84} INFO - Retrieving connection 'postgres_conn'
[2025-07-07T03:24:19.113+0000] {sql.py:509} INFO - Running statement: 
    CREATE TABLE IF NOT EXISTS driven_raw.raw_batch_data (
        person_name VARCHAR(150),
        user_name VARCHAR(150),
        email VARCHAR(150),
        personal_number VARCHAR(150),
        birth_date VARCHAR(150),
        address VARCHAR(150),
        phone VARCHAR(150),
        mac_address VARCHAR(150),
        ip_address VARCHAR(150),
        iban VARCHAR(150),
        accessed_at TIMESTAMP,
        session_duration INT,
        download_speed INT,
        upload_speed INT,
        consumed_traffic INT,
        unique_id VARCHAR(150)
    );
    , parameters: None
[2025-07-07T03:24:19.127+0000] {taskinstance.py:340} INFO - ::group::Post task execution logs
[2025-07-07T03:24:19.128+0000] {taskinstance.py:352} INFO - Marking task as SUCCESS. dag_id=extract_raw_data_pipeline, task_id=create_raw_table, run_id=manual__2025-07-07T03:24:15.127805+00:00, execution_date=20250707T032415, start_date=20250707T032418, end_date=20250707T032419
[2025-07-07T03:24:19.190+0000] {local_task_job_runner.py:266} INFO - Task exited with return code 0
[2025-07-07T03:24:19.218+0000] {taskinstance.py:3900} INFO - 1 downstream tasks scheduled from follow-on schedule check
[2025-07-07T03:24:19.221+0000] {local_task_job_runner.py:245} INFO - ::endgroup::
