[2025-07-07T04:19:59.911+0000] {local_task_job_runner.py:123} INFO - ::group::Pre task execution logs
[2025-07-07T04:19:59.935+0000] {taskinstance.py:2612} INFO - Dependencies all met for dep_context=non-requeueable deps ti=<TaskInstance: extract_raw_data_pipeline.run_dbt_staging manual__2025-07-07T04:19:47.650585+00:00 [queued]>
[2025-07-07T04:19:59.947+0000] {taskinstance.py:2612} INFO - Dependencies all met for dep_context=requeueable deps ti=<TaskInstance: extract_raw_data_pipeline.run_dbt_staging manual__2025-07-07T04:19:47.650585+00:00 [queued]>
[2025-07-07T04:19:59.947+0000] {taskinstance.py:2865} INFO - Starting attempt 1 of 1
[2025-07-07T04:19:59.964+0000] {taskinstance.py:2888} INFO - Executing <Task(BashOperator): run_dbt_staging> on 2025-07-07 04:19:47.650585+00:00
[2025-07-07T04:19:59.975+0000] {warnings.py:112} WARNING - /home/***/.local/lib/python3.12/site-packages/***/task/task_runner/standard_task_runner.py:70: DeprecationWarning: This process (pid=146) is multi-threaded, use of fork() may lead to deadlocks in the child.
  pid = os.fork()

[2025-07-07T04:19:59.978+0000] {standard_task_runner.py:72} INFO - Started process 148 to run task
[2025-07-07T04:19:59.979+0000] {standard_task_runner.py:104} INFO - Running: ['***', 'tasks', 'run', 'extract_raw_data_pipeline', 'run_dbt_staging', 'manual__2025-07-07T04:19:47.650585+00:00', '--job-id', '73', '--raw', '--subdir', 'DAGS_FOLDER/driven_data_pipeline.py', '--cfg-path', '/tmp/tmpl3qcfecv']
[2025-07-07T04:19:59.981+0000] {standard_task_runner.py:105} INFO - Job 73: Subtask run_dbt_staging
[2025-07-07T04:20:00.056+0000] {task_command.py:467} INFO - Running <TaskInstance: extract_raw_data_pipeline.run_dbt_staging manual__2025-07-07T04:19:47.650585+00:00 [running]> on host 263c6d9c8577
[2025-07-07T04:20:00.179+0000] {taskinstance.py:3131} INFO - Exporting env vars: AIRFLOW_CTX_DAG_OWNER='***' AIRFLOW_CTX_DAG_ID='extract_raw_data_pipeline' AIRFLOW_CTX_TASK_ID='run_dbt_staging' AIRFLOW_CTX_EXECUTION_DATE='2025-07-07T04:19:47.650585+00:00' AIRFLOW_CTX_TRY_NUMBER='1' AIRFLOW_CTX_DAG_RUN_ID='manual__2025-07-07T04:19:47.650585+00:00'
[2025-07-07T04:20:00.182+0000] {taskinstance.py:731} INFO - ::endgroup::
[2025-07-07T04:20:00.203+0000] {subprocess.py:63} INFO - Tmp dir root location: /tmp
[2025-07-07T04:20:00.205+0000] {subprocess.py:75} INFO - Running command: ['/usr/bin/bash', '-c', 'cd /opt/***/dbt && dbt run --select tag:staging']
[2025-07-07T04:20:00.227+0000] {subprocess.py:86} INFO - Output:
[2025-07-07T04:20:04.054+0000] {subprocess.py:93} INFO - [0m04:20:04  Running with dbt=1.10.3
[2025-07-07T04:20:04.516+0000] {subprocess.py:93} INFO - [0m04:20:04  Registered adapter: postgres=1.9.0
[2025-07-07T04:20:05.218+0000] {subprocess.py:93} INFO - [0m04:20:05  Found 9 models, 11 sources, 433 macros
[2025-07-07T04:20:05.222+0000] {subprocess.py:93} INFO - [0m04:20:05
[2025-07-07T04:20:05.223+0000] {subprocess.py:93} INFO - [0m04:20:05  Concurrency: 1 threads (target='dev')
[2025-07-07T04:20:05.223+0000] {subprocess.py:93} INFO - [0m04:20:05
[2025-07-07T04:20:05.430+0000] {subprocess.py:93} INFO - [0m04:20:05  1 of 5 START sql table model driven_staging.dim_address ........................ [RUN]
[2025-07-07T04:20:05.644+0000] {subprocess.py:93} INFO - [0m04:20:05  1 of 5 OK created sql table model driven_staging.dim_address ................... [[32mSELECT 1100[0m in 0.21s]
[2025-07-07T04:20:05.649+0000] {subprocess.py:93} INFO - [0m04:20:05  2 of 5 START sql table model driven_staging.dim_date ........................... [RUN]
[2025-07-07T04:20:05.752+0000] {subprocess.py:93} INFO - [0m04:20:05  2 of 5 OK created sql table model driven_staging.dim_date ...................... [[32mSELECT 1100[0m in 0.10s]
[2025-07-07T04:20:05.757+0000] {subprocess.py:93} INFO - [0m04:20:05  3 of 5 START sql table model driven_staging.dim_finance ........................ [RUN]
[2025-07-07T04:20:05.853+0000] {subprocess.py:93} INFO - [0m04:20:05  3 of 5 OK created sql table model driven_staging.dim_finance ................... [[32mSELECT 1100[0m in 0.09s]
[2025-07-07T04:20:05.857+0000] {subprocess.py:93} INFO - [0m04:20:05  4 of 5 START sql table model driven_staging.dim_person ......................... [RUN]
[2025-07-07T04:20:05.956+0000] {subprocess.py:93} INFO - [0m04:20:05  4 of 5 OK created sql table model driven_staging.dim_person .................... [[32mSELECT 1100[0m in 0.10s]
[2025-07-07T04:20:05.959+0000] {subprocess.py:93} INFO - [0m04:20:05  5 of 5 START sql table model driven_staging.fact_network_usage ................. [RUN]
[2025-07-07T04:20:06.056+0000] {subprocess.py:93} INFO - [0m04:20:06  5 of 5 OK created sql table model driven_staging.fact_network_usage ............ [[32mSELECT 1100[0m in 0.09s]
[2025-07-07T04:20:06.080+0000] {subprocess.py:93} INFO - [0m04:20:06
[2025-07-07T04:20:06.081+0000] {subprocess.py:93} INFO - [0m04:20:06  Finished running 5 table models in 0 hours 0 minutes and 0.86 seconds (0.86s).
[2025-07-07T04:20:06.162+0000] {subprocess.py:93} INFO - [0m04:20:06
[2025-07-07T04:20:06.163+0000] {subprocess.py:93} INFO - [0m04:20:06  [32mCompleted successfully[0m
[2025-07-07T04:20:06.164+0000] {subprocess.py:93} INFO - [0m04:20:06
[2025-07-07T04:20:06.165+0000] {subprocess.py:93} INFO - [0m04:20:06  Done. PASS=5 WARN=0 ERROR=0 SKIP=0 NO-OP=0 TOTAL=5
[2025-07-07T04:20:07.128+0000] {subprocess.py:97} INFO - Command exited with return code 0
[2025-07-07T04:20:07.172+0000] {taskinstance.py:340} INFO - ::group::Post task execution logs
[2025-07-07T04:20:07.173+0000] {taskinstance.py:352} INFO - Marking task as SUCCESS. dag_id=extract_raw_data_pipeline, task_id=run_dbt_staging, run_id=manual__2025-07-07T04:19:47.650585+00:00, execution_date=20250707T041947, start_date=20250707T041959, end_date=20250707T042007
[2025-07-07T04:20:07.215+0000] {local_task_job_runner.py:266} INFO - Task exited with return code 0
[2025-07-07T04:20:07.243+0000] {taskinstance.py:3900} INFO - 1 downstream tasks scheduled from follow-on schedule check
[2025-07-07T04:20:07.245+0000] {local_task_job_runner.py:245} INFO - ::endgroup::
