[2025-07-03T04:52:29.424+0000] {local_task_job_runner.py:123} INFO - ::group::Pre task execution logs
[2025-07-03T04:52:29.546+0000] {taskinstance.py:2612} INFO - Dependencies all met for dep_context=non-requeueable deps ti=<TaskInstance: extract_raw_data_pipeline.extract_raw_data manual__2025-07-03T04:52:23.335096+00:00 [queued]>
[2025-07-03T04:52:29.595+0000] {taskinstance.py:2612} INFO - Dependencies all met for dep_context=requeueable deps ti=<TaskInstance: extract_raw_data_pipeline.extract_raw_data manual__2025-07-03T04:52:23.335096+00:00 [queued]>
[2025-07-03T04:52:29.598+0000] {taskinstance.py:2865} INFO - Starting attempt 1 of 1
[2025-07-03T04:52:29.653+0000] {taskinstance.py:2888} INFO - Executing <Task(PythonOperator): extract_raw_data> on 2025-07-03 04:52:23.335096+00:00
[2025-07-03T04:52:29.685+0000] {warnings.py:112} WARNING - /home/***/.local/lib/python3.12/site-packages/***/task/task_runner/standard_task_runner.py:70: DeprecationWarning: This process (pid=118) is multi-threaded, use of fork() may lead to deadlocks in the child.
  pid = os.fork()

[2025-07-03T04:52:29.692+0000] {standard_task_runner.py:104} INFO - Running: ['***', 'tasks', 'run', 'extract_raw_data_pipeline', 'extract_raw_data', 'manual__2025-07-03T04:52:23.335096+00:00', '--job-id', '5', '--raw', '--subdir', 'DAGS_FOLDER/driven_data_pipeline.py', '--cfg-path', '/tmp/tmp6dsya438']
[2025-07-03T04:52:29.695+0000] {standard_task_runner.py:72} INFO - Started process 151 to run task
[2025-07-03T04:52:29.696+0000] {standard_task_runner.py:105} INFO - Job 5: Subtask extract_raw_data
[2025-07-03T04:52:29.899+0000] {task_command.py:467} INFO - Running <TaskInstance: extract_raw_data_pipeline.extract_raw_data manual__2025-07-03T04:52:23.335096+00:00 [running]> on host 62959f25eb14
[2025-07-03T04:52:30.143+0000] {taskinstance.py:3131} INFO - Exporting env vars: AIRFLOW_CTX_DAG_OWNER='***' AIRFLOW_CTX_DAG_ID='extract_raw_data_pipeline' AIRFLOW_CTX_TASK_ID='extract_raw_data' AIRFLOW_CTX_EXECUTION_DATE='2025-07-03T04:52:23.335096+00:00' AIRFLOW_CTX_TRY_NUMBER='1' AIRFLOW_CTX_DAG_RUN_ID='manual__2025-07-03T04:52:23.335096+00:00'
[2025-07-03T04:52:30.148+0000] {taskinstance.py:731} INFO - ::endgroup::
[2025-07-03T04:52:30.181+0000] {driven_data_pipeline.py:28} INFO - Created synthetic data for MX country code.
[2025-07-03T04:52:30.322+0000] {driven_data_pipeline.py:66} INFO - Written 100 records to the CSV file.
[2025-07-03T04:52:30.394+0000] {driven_data_pipeline.py:73} INFO - Added UUID to the dataset.
[2025-07-03T04:52:30.453+0000] {driven_data_pipeline.py:82} INFO - Updated accessed timestamp.
[2025-07-03T04:52:30.455+0000] {python.py:240} INFO - Done. Returned value was: None
[2025-07-03T04:52:30.478+0000] {taskinstance.py:340} INFO - ::group::Post task execution logs
[2025-07-03T04:52:30.481+0000] {taskinstance.py:352} INFO - Marking task as SUCCESS. dag_id=extract_raw_data_pipeline, task_id=extract_raw_data, run_id=manual__2025-07-03T04:52:23.335096+00:00, execution_date=20250703T045223, start_date=20250703T045229, end_date=20250703T045230
[2025-07-03T04:52:30.542+0000] {local_task_job_runner.py:266} INFO - Task exited with return code 0
[2025-07-03T04:52:30.594+0000] {taskinstance.py:3900} INFO - 1 downstream tasks scheduled from follow-on schedule check
[2025-07-03T04:52:30.597+0000] {local_task_job_runner.py:245} INFO - ::endgroup::
