[2025-07-03T05:11:24.519+0000] {local_task_job_runner.py:123} INFO - ::group::Pre task execution logs
[2025-07-03T05:11:24.544+0000] {taskinstance.py:2612} INFO - Dependencies all met for dep_context=non-requeueable deps ti=<TaskInstance: extract_raw_data_pipeline.run_dbt_staging manual__2025-07-03T05:11:12.131774+00:00 [queued]>
[2025-07-03T05:11:24.557+0000] {taskinstance.py:2612} INFO - Dependencies all met for dep_context=requeueable deps ti=<TaskInstance: extract_raw_data_pipeline.run_dbt_staging manual__2025-07-03T05:11:12.131774+00:00 [queued]>
[2025-07-03T05:11:24.558+0000] {taskinstance.py:2865} INFO - Starting attempt 1 of 1
[2025-07-03T05:11:24.575+0000] {taskinstance.py:2888} INFO - Executing <Task(BashOperator): run_dbt_staging> on 2025-07-03 05:11:12.131774+00:00
[2025-07-03T05:11:24.586+0000] {warnings.py:112} WARNING - /home/***/.local/lib/python3.12/site-packages/***/task/task_runner/standard_task_runner.py:70: DeprecationWarning: This process (pid=134) is multi-threaded, use of fork() may lead to deadlocks in the child.
  pid = os.fork()

[2025-07-03T05:11:24.590+0000] {standard_task_runner.py:72} INFO - Started process 136 to run task
[2025-07-03T05:11:24.591+0000] {standard_task_runner.py:104} INFO - Running: ['***', 'tasks', 'run', 'extract_raw_data_pipeline', 'run_dbt_staging', 'manual__2025-07-03T05:11:12.131774+00:00', '--job-id', '31', '--raw', '--subdir', 'DAGS_FOLDER/driven_data_pipeline.py', '--cfg-path', '/tmp/tmpz0dgtzyh']
[2025-07-03T05:11:24.593+0000] {standard_task_runner.py:105} INFO - Job 31: Subtask run_dbt_staging
[2025-07-03T05:11:24.676+0000] {task_command.py:467} INFO - Running <TaskInstance: extract_raw_data_pipeline.run_dbt_staging manual__2025-07-03T05:11:12.131774+00:00 [running]> on host f3c758e9ffe7
[2025-07-03T05:11:24.813+0000] {taskinstance.py:3131} INFO - Exporting env vars: AIRFLOW_CTX_DAG_OWNER='***' AIRFLOW_CTX_DAG_ID='extract_raw_data_pipeline' AIRFLOW_CTX_TASK_ID='run_dbt_staging' AIRFLOW_CTX_EXECUTION_DATE='2025-07-03T05:11:12.131774+00:00' AIRFLOW_CTX_TRY_NUMBER='1' AIRFLOW_CTX_DAG_RUN_ID='manual__2025-07-03T05:11:12.131774+00:00'
[2025-07-03T05:11:24.815+0000] {taskinstance.py:731} INFO - ::endgroup::
[2025-07-03T05:11:24.838+0000] {subprocess.py:63} INFO - Tmp dir root location: /tmp
[2025-07-03T05:11:24.842+0000] {subprocess.py:75} INFO - Running command: ['/usr/bin/bash', '-c', 'cd /opt/***/dbt && dbt run --select tag:staging']
[2025-07-03T05:11:24.869+0000] {subprocess.py:86} INFO - Output:
[2025-07-03T05:11:30.343+0000] {subprocess.py:93} INFO - [0m05:11:30  Running with dbt=1.10.3
[2025-07-03T05:11:30.996+0000] {subprocess.py:93} INFO - [0m05:11:30  Registered adapter: postgres=1.9.0
[2025-07-03T05:11:31.925+0000] {subprocess.py:93} INFO - [0m05:11:31  Found 9 models, 11 sources, 433 macros
[2025-07-03T05:11:31.930+0000] {subprocess.py:93} INFO - [0m05:11:31
[2025-07-03T05:11:31.931+0000] {subprocess.py:93} INFO - [0m05:11:31  Concurrency: 1 threads (target='dev')
[2025-07-03T05:11:31.932+0000] {subprocess.py:93} INFO - [0m05:11:31
[2025-07-03T05:11:32.189+0000] {subprocess.py:93} INFO - [0m05:11:32  1 of 5 START sql table model driven_staging.dim_address ........................ [RUN]
[2025-07-03T05:11:32.497+0000] {subprocess.py:93} INFO - [0m05:11:32  1 of 5 OK created sql table model driven_staging.dim_address ................... [[32mSELECT 500[0m in 0.30s]
[2025-07-03T05:11:32.500+0000] {subprocess.py:93} INFO - [0m05:11:32  2 of 5 START sql table model driven_staging.dim_date ........................... [RUN]
[2025-07-03T05:11:32.607+0000] {subprocess.py:93} INFO - [0m05:11:32  2 of 5 OK created sql table model driven_staging.dim_date ...................... [[32mSELECT 500[0m in 0.10s]
[2025-07-03T05:11:32.612+0000] {subprocess.py:93} INFO - [0m05:11:32  3 of 5 START sql table model driven_staging.dim_finance ........................ [RUN]
[2025-07-03T05:11:32.722+0000] {subprocess.py:93} INFO - [0m05:11:32  3 of 5 OK created sql table model driven_staging.dim_finance ................... [[32mSELECT 500[0m in 0.11s]
[2025-07-03T05:11:32.726+0000] {subprocess.py:93} INFO - [0m05:11:32  4 of 5 START sql table model driven_staging.dim_person ......................... [RUN]
[2025-07-03T05:11:32.856+0000] {subprocess.py:93} INFO - [0m05:11:32  4 of 5 OK created sql table model driven_staging.dim_person .................... [[32mSELECT 500[0m in 0.13s]
[2025-07-03T05:11:32.859+0000] {subprocess.py:93} INFO - [0m05:11:32  5 of 5 START sql table model driven_staging.fact_network_usage ................. [RUN]
[2025-07-03T05:11:32.954+0000] {subprocess.py:93} INFO - [0m05:11:32  5 of 5 OK created sql table model driven_staging.fact_network_usage ............ [[32mSELECT 500[0m in 0.09s]
[2025-07-03T05:11:32.980+0000] {subprocess.py:93} INFO - [0m05:11:32
[2025-07-03T05:11:32.981+0000] {subprocess.py:93} INFO - [0m05:11:32  Finished running 5 table models in 0 hours 0 minutes and 1.05 seconds (1.05s).
[2025-07-03T05:11:33.068+0000] {subprocess.py:93} INFO - [0m05:11:33
[2025-07-03T05:11:33.070+0000] {subprocess.py:93} INFO - [0m05:11:33  [32mCompleted successfully[0m
[2025-07-03T05:11:33.071+0000] {subprocess.py:93} INFO - [0m05:11:33
[2025-07-03T05:11:33.072+0000] {subprocess.py:93} INFO - [0m05:11:33  Done. PASS=5 WARN=0 ERROR=0 SKIP=0 NO-OP=0 TOTAL=5
[2025-07-03T05:11:34.359+0000] {subprocess.py:97} INFO - Command exited with return code 0
[2025-07-03T05:11:34.407+0000] {taskinstance.py:340} INFO - ::group::Post task execution logs
[2025-07-03T05:11:34.408+0000] {taskinstance.py:352} INFO - Marking task as SUCCESS. dag_id=extract_raw_data_pipeline, task_id=run_dbt_staging, run_id=manual__2025-07-03T05:11:12.131774+00:00, execution_date=20250703T051112, start_date=20250703T051124, end_date=20250703T051134
[2025-07-03T05:11:34.459+0000] {local_task_job_runner.py:266} INFO - Task exited with return code 0
[2025-07-03T05:11:34.489+0000] {taskinstance.py:3900} INFO - 1 downstream tasks scheduled from follow-on schedule check
[2025-07-03T05:11:34.492+0000] {local_task_job_runner.py:245} INFO - ::endgroup::
