[2025-07-03T05:05:11.167+0000] {local_task_job_runner.py:123} INFO - ::group::Pre task execution logs
[2025-07-03T05:05:11.203+0000] {taskinstance.py:2612} INFO - Dependencies all met for dep_context=non-requeueable deps ti=<TaskInstance: extract_raw_data_pipeline.run_dbt_trusted manual__2025-07-03T05:01:16.842051+00:00 [queued]>
[2025-07-03T05:05:11.256+0000] {taskinstance.py:2612} INFO - Dependencies all met for dep_context=requeueable deps ti=<TaskInstance: extract_raw_data_pipeline.run_dbt_trusted manual__2025-07-03T05:01:16.842051+00:00 [queued]>
[2025-07-03T05:05:11.259+0000] {taskinstance.py:2865} INFO - Starting attempt 1 of 1
[2025-07-03T05:05:11.285+0000] {taskinstance.py:2888} INFO - Executing <Task(BashOperator): run_dbt_trusted> on 2025-07-03 05:01:16.842051+00:00
[2025-07-03T05:05:11.299+0000] {warnings.py:112} WARNING - /home/***/.local/lib/python3.12/site-packages/***/task/task_runner/standard_task_runner.py:70: DeprecationWarning: This process (pid=332) is multi-threaded, use of fork() may lead to deadlocks in the child.
  pid = os.fork()

[2025-07-03T05:05:11.302+0000] {standard_task_runner.py:72} INFO - Started process 340 to run task
[2025-07-03T05:05:11.302+0000] {standard_task_runner.py:104} INFO - Running: ['***', 'tasks', 'run', 'extract_raw_data_pipeline', 'run_dbt_trusted', 'manual__2025-07-03T05:01:16.842051+00:00', '--job-id', '23', '--raw', '--subdir', 'DAGS_FOLDER/driven_data_pipeline.py', '--cfg-path', '/tmp/tmplco0ar9i']
[2025-07-03T05:05:11.305+0000] {standard_task_runner.py:105} INFO - Job 23: Subtask run_dbt_trusted
[2025-07-03T05:05:11.395+0000] {task_command.py:467} INFO - Running <TaskInstance: extract_raw_data_pipeline.run_dbt_trusted manual__2025-07-03T05:01:16.842051+00:00 [running]> on host b5e71f0a4cd6
[2025-07-03T05:05:11.539+0000] {taskinstance.py:3131} INFO - Exporting env vars: AIRFLOW_CTX_DAG_OWNER='***' AIRFLOW_CTX_DAG_ID='extract_raw_data_pipeline' AIRFLOW_CTX_TASK_ID='run_dbt_trusted' AIRFLOW_CTX_EXECUTION_DATE='2025-07-03T05:01:16.842051+00:00' AIRFLOW_CTX_TRY_NUMBER='1' AIRFLOW_CTX_DAG_RUN_ID='manual__2025-07-03T05:01:16.842051+00:00'
[2025-07-03T05:05:11.542+0000] {taskinstance.py:731} INFO - ::endgroup::
[2025-07-03T05:05:11.593+0000] {subprocess.py:63} INFO - Tmp dir root location: /tmp
[2025-07-03T05:05:11.596+0000] {subprocess.py:75} INFO - Running command: ['/usr/bin/bash', '-c', 'cd /opt/***/dbt && dbt run --select tag:trusted']
[2025-07-03T05:05:11.626+0000] {subprocess.py:86} INFO - Output:
[2025-07-03T05:05:17.016+0000] {subprocess.py:93} INFO - [0m05:05:17  Running with dbt=1.10.3
[2025-07-03T05:05:17.589+0000] {subprocess.py:93} INFO - [0m05:05:17  Registered adapter: postgres=1.9.0
[2025-07-03T05:05:18.587+0000] {subprocess.py:93} INFO - [0m05:05:18  Found 9 models, 11 sources, 433 macros
[2025-07-03T05:05:18.593+0000] {subprocess.py:93} INFO - [0m05:05:18
[2025-07-03T05:05:18.595+0000] {subprocess.py:93} INFO - [0m05:05:18  Concurrency: 1 threads (target='dev')
[2025-07-03T05:05:18.596+0000] {subprocess.py:93} INFO - [0m05:05:18
[2025-07-03T05:05:18.900+0000] {subprocess.py:93} INFO - [0m05:05:18  1 of 4 START sql table model driven_trusted.non_pii_data ....................... [RUN]
[2025-07-03T05:05:19.167+0000] {subprocess.py:93} INFO - [0m05:05:19  1 of 4 OK created sql table model driven_trusted.non_pii_data .................. [[32mSELECT 3400[0m in 0.26s]
[2025-07-03T05:05:19.172+0000] {subprocess.py:93} INFO - [0m05:05:19  2 of 4 START sql table model driven_trusted.payment_data ....................... [RUN]
[2025-07-03T05:05:19.284+0000] {subprocess.py:93} INFO - [0m05:05:19  2 of 4 OK created sql table model driven_trusted.payment_data .................. [[32mSELECT 600[0m in 0.11s]
[2025-07-03T05:05:19.289+0000] {subprocess.py:93} INFO - [0m05:05:19  3 of 4 START sql table model driven_trusted.pii_data ........................... [RUN]
[2025-07-03T05:05:19.508+0000] {subprocess.py:93} INFO - [0m05:05:19  3 of 4 OK created sql table model driven_trusted.pii_data ...................... [[32mSELECT 3400[0m in 0.22s]
[2025-07-03T05:05:19.514+0000] {subprocess.py:93} INFO - [0m05:05:19  4 of 4 START sql table model driven_trusted.technical_data ..................... [RUN]
[2025-07-03T05:05:19.627+0000] {subprocess.py:93} INFO - [0m05:05:19  4 of 4 OK created sql table model driven_trusted.technical_data ................ [[32mSELECT 600[0m in 0.11s]
[2025-07-03T05:05:19.662+0000] {subprocess.py:93} INFO - [0m05:05:19
[2025-07-03T05:05:19.663+0000] {subprocess.py:93} INFO - [0m05:05:19  Finished running 4 table models in 0 hours 0 minutes and 1.06 seconds (1.06s).
[2025-07-03T05:05:19.764+0000] {subprocess.py:93} INFO - [0m05:05:19
[2025-07-03T05:05:19.765+0000] {subprocess.py:93} INFO - [0m05:05:19  [32mCompleted successfully[0m
[2025-07-03T05:05:19.767+0000] {subprocess.py:93} INFO - [0m05:05:19
[2025-07-03T05:05:19.768+0000] {subprocess.py:93} INFO - [0m05:05:19  Done. PASS=4 WARN=0 ERROR=0 SKIP=0 NO-OP=0 TOTAL=4
[2025-07-03T05:05:20.929+0000] {subprocess.py:97} INFO - Command exited with return code 0
[2025-07-03T05:05:20.987+0000] {taskinstance.py:340} INFO - ::group::Post task execution logs
[2025-07-03T05:05:20.988+0000] {taskinstance.py:352} INFO - Marking task as SUCCESS. dag_id=extract_raw_data_pipeline, task_id=run_dbt_trusted, run_id=manual__2025-07-03T05:01:16.842051+00:00, execution_date=20250703T050116, start_date=20250703T050511, end_date=20250703T050520
[2025-07-03T05:05:21.051+0000] {local_task_job_runner.py:266} INFO - Task exited with return code 0
[2025-07-03T05:05:21.076+0000] {taskinstance.py:3900} INFO - 0 downstream tasks scheduled from follow-on schedule check
[2025-07-03T05:05:21.079+0000] {local_task_job_runner.py:245} INFO - ::endgroup::
