[2025-07-03T04:40:53.058+0000] {local_task_job_runner.py:123} INFO - ::group::Pre task execution logs
[2025-07-03T04:40:53.098+0000] {taskinstance.py:2612} INFO - Dependencies all met for dep_context=non-requeueable deps ti=<TaskInstance: extract_raw_data_pipeline.extract_raw_data manual__2025-07-03T04:40:46.362162+00:00 [queued]>
[2025-07-03T04:40:53.113+0000] {taskinstance.py:2612} INFO - Dependencies all met for dep_context=requeueable deps ti=<TaskInstance: extract_raw_data_pipeline.extract_raw_data manual__2025-07-03T04:40:46.362162+00:00 [queued]>
[2025-07-03T04:40:53.114+0000] {taskinstance.py:2865} INFO - Starting attempt 1 of 1
[2025-07-03T04:40:53.137+0000] {taskinstance.py:2888} INFO - Executing <Task(PythonOperator): extract_raw_data> on 2025-07-03 04:40:46.362162+00:00
[2025-07-03T04:40:53.149+0000] {warnings.py:112} WARNING - /home/***/.local/lib/python3.12/site-packages/***/task/task_runner/standard_task_runner.py:70: DeprecationWarning: This process (pid=488) is multi-threaded, use of fork() may lead to deadlocks in the child.
  pid = os.fork()

[2025-07-03T04:40:53.153+0000] {standard_task_runner.py:104} INFO - Running: ['***', 'tasks', 'run', 'extract_raw_data_pipeline', 'extract_raw_data', 'manual__2025-07-03T04:40:46.362162+00:00', '--job-id', '14', '--raw', '--subdir', 'DAGS_FOLDER/driven_data_pipeline.py', '--cfg-path', '/tmp/tmpn4ta9mya']
[2025-07-03T04:40:53.156+0000] {standard_task_runner.py:72} INFO - Started process 492 to run task
[2025-07-03T04:40:53.157+0000] {standard_task_runner.py:105} INFO - Job 14: Subtask extract_raw_data
[2025-07-03T04:40:53.253+0000] {task_command.py:467} INFO - Running <TaskInstance: extract_raw_data_pipeline.extract_raw_data manual__2025-07-03T04:40:46.362162+00:00 [running]> on host 679dc5825cd9
[2025-07-03T04:40:53.374+0000] {taskinstance.py:3131} INFO - Exporting env vars: AIRFLOW_CTX_DAG_OWNER='***' AIRFLOW_CTX_DAG_ID='extract_raw_data_pipeline' AIRFLOW_CTX_TASK_ID='extract_raw_data' AIRFLOW_CTX_EXECUTION_DATE='2025-07-03T04:40:46.362162+00:00' AIRFLOW_CTX_TRY_NUMBER='1' AIRFLOW_CTX_DAG_RUN_ID='manual__2025-07-03T04:40:46.362162+00:00'
[2025-07-03T04:40:53.376+0000] {taskinstance.py:731} INFO - ::endgroup::
[2025-07-03T04:40:53.407+0000] {driven_data_pipeline.py:28} INFO - Created synthetic data for MX country code.
[2025-07-03T04:40:53.521+0000] {driven_data_pipeline.py:66} INFO - Written 100 records to the CSV file.
[2025-07-03T04:40:53.648+0000] {driven_data_pipeline.py:73} INFO - Added UUID to the dataset.
[2025-07-03T04:40:53.680+0000] {driven_data_pipeline.py:82} INFO - Updated accessed timestamp.
[2025-07-03T04:40:53.681+0000] {python.py:240} INFO - Done. Returned value was: None
[2025-07-03T04:40:53.699+0000] {taskinstance.py:340} INFO - ::group::Post task execution logs
[2025-07-03T04:40:53.701+0000] {taskinstance.py:352} INFO - Marking task as SUCCESS. dag_id=extract_raw_data_pipeline, task_id=extract_raw_data, run_id=manual__2025-07-03T04:40:46.362162+00:00, execution_date=20250703T044046, start_date=20250703T044053, end_date=20250703T044053
[2025-07-03T04:40:53.786+0000] {local_task_job_runner.py:266} INFO - Task exited with return code 0
[2025-07-03T04:40:53.849+0000] {taskinstance.py:3900} INFO - 1 downstream tasks scheduled from follow-on schedule check
[2025-07-03T04:40:53.860+0000] {local_task_job_runner.py:245} INFO - ::endgroup::
