[2025-07-02T15:23:01.472+0000] {local_task_job_runner.py:123} INFO - ::group::Pre task execution logs
[2025-07-02T15:23:01.529+0000] {taskinstance.py:2612} INFO - Dependencies all met for dep_context=non-requeueable deps ti=<TaskInstance: extract_raw_data_pipeline.extract_raw_data manual__2025-07-02T15:22:54.702755+00:00 [queued]>
[2025-07-02T15:23:01.556+0000] {taskinstance.py:2612} INFO - Dependencies all met for dep_context=requeueable deps ti=<TaskInstance: extract_raw_data_pipeline.extract_raw_data manual__2025-07-02T15:22:54.702755+00:00 [queued]>
[2025-07-02T15:23:01.557+0000] {taskinstance.py:2865} INFO - Starting attempt 1 of 1
[2025-07-02T15:23:01.597+0000] {taskinstance.py:2888} INFO - Executing <Task(PythonOperator): extract_raw_data> on 2025-07-02 15:22:54.702755+00:00
[2025-07-02T15:23:01.616+0000] {warnings.py:112} WARNING - /home/***/.local/lib/python3.12/site-packages/***/task/task_runner/standard_task_runner.py:70: DeprecationWarning: This process (pid=119) is multi-threaded, use of fork() may lead to deadlocks in the child.
  pid = os.fork()

[2025-07-02T15:23:01.621+0000] {standard_task_runner.py:104} INFO - Running: ['***', 'tasks', 'run', 'extract_raw_data_pipeline', 'extract_raw_data', 'manual__2025-07-02T15:22:54.702755+00:00', '--job-id', '11', '--raw', '--subdir', 'DAGS_FOLDER/driven_data_pipeline.py', '--cfg-path', '/tmp/tmpqfkaicn5']
[2025-07-02T15:23:01.624+0000] {standard_task_runner.py:72} INFO - Started process 137 to run task
[2025-07-02T15:23:01.624+0000] {standard_task_runner.py:105} INFO - Job 11: Subtask extract_raw_data
[2025-07-02T15:23:01.722+0000] {task_command.py:467} INFO - Running <TaskInstance: extract_raw_data_pipeline.extract_raw_data manual__2025-07-02T15:22:54.702755+00:00 [running]> on host 65c754792d38
[2025-07-02T15:23:01.906+0000] {taskinstance.py:3131} INFO - Exporting env vars: AIRFLOW_CTX_DAG_OWNER='***' AIRFLOW_CTX_DAG_ID='extract_raw_data_pipeline' AIRFLOW_CTX_TASK_ID='extract_raw_data' AIRFLOW_CTX_EXECUTION_DATE='2025-07-02T15:22:54.702755+00:00' AIRFLOW_CTX_TRY_NUMBER='1' AIRFLOW_CTX_DAG_RUN_ID='manual__2025-07-02T15:22:54.702755+00:00'
[2025-07-02T15:23:01.913+0000] {taskinstance.py:731} INFO - ::endgroup::
[2025-07-02T15:23:01.951+0000] {driven_data_pipeline.py:26} INFO - Created synthetic data for MX country code.
[2025-07-02T15:23:02.131+0000] {driven_data_pipeline.py:64} INFO - Written 100 records to the CSV file.
[2025-07-02T15:23:02.186+0000] {driven_data_pipeline.py:71} INFO - Added UUID to the dataset.
[2025-07-02T15:23:02.220+0000] {driven_data_pipeline.py:80} INFO - Updated accessed timestamp.
[2025-07-02T15:23:02.221+0000] {python.py:240} INFO - Done. Returned value was: None
[2025-07-02T15:23:02.244+0000] {taskinstance.py:340} INFO - ::group::Post task execution logs
[2025-07-02T15:23:02.245+0000] {taskinstance.py:352} INFO - Marking task as SUCCESS. dag_id=extract_raw_data_pipeline, task_id=extract_raw_data, run_id=manual__2025-07-02T15:22:54.702755+00:00, execution_date=20250702T152254, start_date=20250702T152301, end_date=20250702T152302
[2025-07-02T15:23:02.300+0000] {local_task_job_runner.py:266} INFO - Task exited with return code 0
[2025-07-02T15:23:02.346+0000] {taskinstance.py:3900} INFO - 0 downstream tasks scheduled from follow-on schedule check
[2025-07-02T15:23:02.353+0000] {local_task_job_runner.py:245} INFO - ::endgroup::
