[2025-07-07T03:24:27.997+0000] {local_task_job_runner.py:123} INFO - ::group::Pre task execution logs
[2025-07-07T03:24:28.016+0000] {taskinstance.py:2612} INFO - Dependencies all met for dep_context=non-requeueable deps ti=<TaskInstance: extract_raw_data_pipeline.run_dbt_trusted manual__2025-07-07T03:24:15.127805+00:00 [queued]>
[2025-07-07T03:24:28.024+0000] {taskinstance.py:2612} INFO - Dependencies all met for dep_context=requeueable deps ti=<TaskInstance: extract_raw_data_pipeline.run_dbt_trusted manual__2025-07-07T03:24:15.127805+00:00 [queued]>
[2025-07-07T03:24:28.025+0000] {taskinstance.py:2865} INFO - Starting attempt 1 of 1
[2025-07-07T03:24:28.038+0000] {taskinstance.py:2888} INFO - Executing <Task(BashOperator): run_dbt_trusted> on 2025-07-07 03:24:15.127805+00:00
[2025-07-07T03:24:28.049+0000] {warnings.py:112} WARNING - /home/***/.local/lib/python3.12/site-packages/***/task/task_runner/standard_task_runner.py:70: DeprecationWarning: This process (pid=282) is multi-threaded, use of fork() may lead to deadlocks in the child.
  pid = os.fork()

[2025-07-07T03:24:28.051+0000] {standard_task_runner.py:72} INFO - Started process 284 to run task
[2025-07-07T03:24:28.051+0000] {standard_task_runner.py:104} INFO - Running: ['***', 'tasks', 'run', 'extract_raw_data_pipeline', 'run_dbt_trusted', 'manual__2025-07-07T03:24:15.127805+00:00', '--job-id', '17', '--raw', '--subdir', 'DAGS_FOLDER/driven_data_pipeline.py', '--cfg-path', '/tmp/tmpqir96o9b']
[2025-07-07T03:24:28.052+0000] {standard_task_runner.py:105} INFO - Job 17: Subtask run_dbt_trusted
[2025-07-07T03:24:28.144+0000] {task_command.py:467} INFO - Running <TaskInstance: extract_raw_data_pipeline.run_dbt_trusted manual__2025-07-07T03:24:15.127805+00:00 [running]> on host 5a1687b5f252
[2025-07-07T03:24:28.270+0000] {taskinstance.py:3131} INFO - Exporting env vars: AIRFLOW_CTX_DAG_OWNER='***' AIRFLOW_CTX_DAG_ID='extract_raw_data_pipeline' AIRFLOW_CTX_TASK_ID='run_dbt_trusted' AIRFLOW_CTX_EXECUTION_DATE='2025-07-07T03:24:15.127805+00:00' AIRFLOW_CTX_TRY_NUMBER='1' AIRFLOW_CTX_DAG_RUN_ID='manual__2025-07-07T03:24:15.127805+00:00'
[2025-07-07T03:24:28.272+0000] {taskinstance.py:731} INFO - ::endgroup::
[2025-07-07T03:24:28.287+0000] {subprocess.py:63} INFO - Tmp dir root location: /tmp
[2025-07-07T03:24:28.288+0000] {subprocess.py:75} INFO - Running command: ['/usr/bin/bash', '-c', 'cd /opt/***/dbt && dbt run --select tag:trusted']
[2025-07-07T03:24:28.309+0000] {subprocess.py:86} INFO - Output:
[2025-07-07T03:24:30.857+0000] {subprocess.py:93} INFO - [0m03:24:30  Running with dbt=1.10.3
[2025-07-07T03:24:31.154+0000] {subprocess.py:93} INFO - [0m03:24:31  Registered adapter: postgres=1.9.0
[2025-07-07T03:24:31.827+0000] {subprocess.py:93} INFO - [0m03:24:31  Found 9 models, 11 sources, 433 macros
[2025-07-07T03:24:31.832+0000] {subprocess.py:93} INFO - [0m03:24:31
[2025-07-07T03:24:31.833+0000] {subprocess.py:93} INFO - [0m03:24:31  Concurrency: 1 threads (target='dev')
[2025-07-07T03:24:31.833+0000] {subprocess.py:93} INFO - [0m03:24:31
[2025-07-07T03:24:31.983+0000] {subprocess.py:93} INFO - [0m03:24:31  1 of 4 START sql table model driven_trusted.non_pii_data ....................... [RUN]
[2025-07-07T03:24:32.141+0000] {subprocess.py:93} INFO - [0m03:24:32  1 of 4 OK created sql table model driven_trusted.non_pii_data .................. [[32mSELECT 200[0m in 0.15s]
[2025-07-07T03:24:32.143+0000] {subprocess.py:93} INFO - [0m03:24:32  2 of 4 START sql table model driven_trusted.payment_data ....................... [RUN]
[2025-07-07T03:24:32.223+0000] {subprocess.py:93} INFO - [0m03:24:32  2 of 4 OK created sql table model driven_trusted.payment_data .................. [[32mSELECT 200[0m in 0.08s]
[2025-07-07T03:24:32.226+0000] {subprocess.py:93} INFO - [0m03:24:32  3 of 4 START sql table model driven_trusted.pii_data ........................... [RUN]
[2025-07-07T03:24:32.301+0000] {subprocess.py:93} INFO - [0m03:24:32  3 of 4 OK created sql table model driven_trusted.pii_data ...................... [[32mSELECT 200[0m in 0.07s]
[2025-07-07T03:24:32.303+0000] {subprocess.py:93} INFO - [0m03:24:32  4 of 4 START sql table model driven_trusted.technical_data ..................... [RUN]
[2025-07-07T03:24:32.375+0000] {subprocess.py:93} INFO - [0m03:24:32  4 of 4 OK created sql table model driven_trusted.technical_data ................ [[32mSELECT 200[0m in 0.07s]
[2025-07-07T03:24:32.390+0000] {subprocess.py:93} INFO - [0m03:24:32
[2025-07-07T03:24:32.390+0000] {subprocess.py:93} INFO - [0m03:24:32  Finished running 4 table models in 0 hours 0 minutes and 0.56 seconds (0.56s).
[2025-07-07T03:24:32.450+0000] {subprocess.py:93} INFO - [0m03:24:32
[2025-07-07T03:24:32.450+0000] {subprocess.py:93} INFO - [0m03:24:32  [32mCompleted successfully[0m
[2025-07-07T03:24:32.451+0000] {subprocess.py:93} INFO - [0m03:24:32
[2025-07-07T03:24:32.451+0000] {subprocess.py:93} INFO - [0m03:24:32  Done. PASS=4 WARN=0 ERROR=0 SKIP=0 NO-OP=0 TOTAL=4
[2025-07-07T03:24:33.268+0000] {subprocess.py:97} INFO - Command exited with return code 0
[2025-07-07T03:24:33.299+0000] {taskinstance.py:340} INFO - ::group::Post task execution logs
[2025-07-07T03:24:33.300+0000] {taskinstance.py:352} INFO - Marking task as SUCCESS. dag_id=extract_raw_data_pipeline, task_id=run_dbt_trusted, run_id=manual__2025-07-07T03:24:15.127805+00:00, execution_date=20250707T032415, start_date=20250707T032428, end_date=20250707T032433
[2025-07-07T03:24:33.330+0000] {local_task_job_runner.py:266} INFO - Task exited with return code 0
[2025-07-07T03:24:33.349+0000] {taskinstance.py:3900} INFO - 0 downstream tasks scheduled from follow-on schedule check
[2025-07-07T03:24:33.351+0000] {local_task_job_runner.py:245} INFO - ::endgroup::
