[2025-07-03T04:55:22.296+0000] {local_task_job_runner.py:123} INFO - ::group::Pre task execution logs
[2025-07-03T04:55:22.332+0000] {taskinstance.py:2612} INFO - Dependencies all met for dep_context=non-requeueable deps ti=<TaskInstance: extract_raw_data_pipeline.run_dbt_staging manual__2025-07-03T04:55:06.416259+00:00 [queued]>
[2025-07-03T04:55:22.374+0000] {taskinstance.py:2612} INFO - Dependencies all met for dep_context=requeueable deps ti=<TaskInstance: extract_raw_data_pipeline.run_dbt_staging manual__2025-07-03T04:55:06.416259+00:00 [queued]>
[2025-07-03T04:55:22.385+0000] {taskinstance.py:2865} INFO - Starting attempt 1 of 1
[2025-07-03T04:55:22.414+0000] {taskinstance.py:2888} INFO - Executing <Task(BashOperator): run_dbt_staging> on 2025-07-03 04:55:06.416259+00:00
[2025-07-03T04:55:22.428+0000] {warnings.py:112} WARNING - /home/***/.local/lib/python3.12/site-packages/***/task/task_runner/standard_task_runner.py:70: DeprecationWarning: This process (pid=162) is multi-threaded, use of fork() may lead to deadlocks in the child.
  pid = os.fork()

[2025-07-03T04:55:22.431+0000] {standard_task_runner.py:72} INFO - Started process 167 to run task
[2025-07-03T04:55:22.431+0000] {standard_task_runner.py:104} INFO - Running: ['***', 'tasks', 'run', 'extract_raw_data_pipeline', 'run_dbt_staging', 'manual__2025-07-03T04:55:06.416259+00:00', '--job-id', '11', '--raw', '--subdir', 'DAGS_FOLDER/driven_data_pipeline.py', '--cfg-path', '/tmp/tmp_4umdxns']
[2025-07-03T04:55:22.434+0000] {standard_task_runner.py:105} INFO - Job 11: Subtask run_dbt_staging
[2025-07-03T04:55:22.529+0000] {task_command.py:467} INFO - Running <TaskInstance: extract_raw_data_pipeline.run_dbt_staging manual__2025-07-03T04:55:06.416259+00:00 [running]> on host b5e71f0a4cd6
[2025-07-03T04:55:22.664+0000] {taskinstance.py:3131} INFO - Exporting env vars: AIRFLOW_CTX_DAG_OWNER='***' AIRFLOW_CTX_DAG_ID='extract_raw_data_pipeline' AIRFLOW_CTX_TASK_ID='run_dbt_staging' AIRFLOW_CTX_EXECUTION_DATE='2025-07-03T04:55:06.416259+00:00' AIRFLOW_CTX_TRY_NUMBER='1' AIRFLOW_CTX_DAG_RUN_ID='manual__2025-07-03T04:55:06.416259+00:00'
[2025-07-03T04:55:22.667+0000] {taskinstance.py:731} INFO - ::endgroup::
[2025-07-03T04:55:22.693+0000] {subprocess.py:63} INFO - Tmp dir root location: /tmp
[2025-07-03T04:55:22.696+0000] {subprocess.py:75} INFO - Running command: ['/usr/bin/bash', '-c', 'cd /opt/***/dbt && dbt run --select tag:staging']
[2025-07-03T04:55:22.727+0000] {subprocess.py:86} INFO - Output:
[2025-07-03T04:55:28.019+0000] {subprocess.py:93} INFO - [0m04:55:28  Running with dbt=1.10.3
[2025-07-03T04:55:28.715+0000] {subprocess.py:93} INFO - [0m04:55:28  Registered adapter: postgres=1.9.0
[2025-07-03T04:55:28.935+0000] {subprocess.py:93} INFO - [0m04:55:28  Unable to do partial parsing because saved manifest not found. Starting full parse.
[2025-07-03T04:55:29.158+0000] {subprocess.py:93} INFO - [0m04:55:29  Encountered an error:
[2025-07-03T04:55:29.160+0000] {subprocess.py:93} INFO - Parsing Error
[2025-07-03T04:55:29.160+0000] {subprocess.py:93} INFO -   Error reading dbt_driven_data: source.yml - Runtime Error
[2025-07-03T04:55:29.161+0000] {subprocess.py:93} INFO -     Syntax error near line 4
[2025-07-03T04:55:29.163+0000] {subprocess.py:93} INFO -     ------------------------------
[2025-07-03T04:55:29.164+0000] {subprocess.py:93} INFO -     1  | version: 2
[2025-07-03T04:55:29.165+0000] {subprocess.py:93} INFO -     2  | sources:
[2025-07-03T04:55:29.166+0000] {subprocess.py:93} INFO -     3  |  - name: raw_source
[2025-07-03T04:55:29.167+0000] {subprocess.py:93} INFO -     4  |  database: ***
[2025-07-03T04:55:29.168+0000] {subprocess.py:93} INFO -     5  |  schema: driven_raw
[2025-07-03T04:55:29.168+0000] {subprocess.py:93} INFO -     6  |  tables:
[2025-07-03T04:55:29.169+0000] {subprocess.py:93} INFO -     7  |  - name: raw_batch_data
[2025-07-03T04:55:29.170+0000] {subprocess.py:93} INFO - 
[2025-07-03T04:55:29.170+0000] {subprocess.py:93} INFO -     Raw Error:
[2025-07-03T04:55:29.171+0000] {subprocess.py:93} INFO -     ------------------------------
[2025-07-03T04:55:29.172+0000] {subprocess.py:93} INFO -     while parsing a block collection
[2025-07-03T04:55:29.173+0000] {subprocess.py:93} INFO -       in "<unicode string>", line 3, column 2
[2025-07-03T04:55:29.173+0000] {subprocess.py:93} INFO -     did not find expected '-' indicator
[2025-07-03T04:55:29.174+0000] {subprocess.py:93} INFO -       in "<unicode string>", line 4, column 2
[2025-07-03T04:55:31.916+0000] {subprocess.py:97} INFO - Command exited with return code 2
[2025-07-03T04:55:31.937+0000] {taskinstance.py:3310} ERROR - Task failed with exception
Traceback (most recent call last):
  File "/home/airflow/.local/lib/python3.12/site-packages/airflow/models/taskinstance.py", line 767, in _execute_task
    result = _execute_callable(context=context, **execute_callable_kwargs)
             ^^^^^^^^^^^^^^^^^^^^^^^^^^^^^^^^^^^^^^^^^^^^^^^^^^^^^^^^^^^^^
  File "/home/airflow/.local/lib/python3.12/site-packages/airflow/models/taskinstance.py", line 733, in _execute_callable
    return ExecutionCallableRunner(
           ^^^^^^^^^^^^^^^^^^^^^^^^
  File "/home/airflow/.local/lib/python3.12/site-packages/airflow/utils/operator_helpers.py", line 252, in run
    return self.func(*args, **kwargs)
           ^^^^^^^^^^^^^^^^^^^^^^^^^^
  File "/home/airflow/.local/lib/python3.12/site-packages/airflow/models/baseoperator.py", line 406, in wrapper
    return func(self, *args, **kwargs)
           ^^^^^^^^^^^^^^^^^^^^^^^^^^^
  File "/home/airflow/.local/lib/python3.12/site-packages/airflow/operators/bash.py", line 249, in execute
    raise AirflowException(
airflow.exceptions.AirflowException: Bash command failed. The command returned a non-zero exit code 2.
[2025-07-03T04:55:31.947+0000] {taskinstance.py:1225} INFO - Marking task as FAILED. dag_id=extract_raw_data_pipeline, task_id=run_dbt_staging, run_id=manual__2025-07-03T04:55:06.416259+00:00, execution_date=20250703T045506, start_date=20250703T045522, end_date=20250703T045531
[2025-07-03T04:55:31.968+0000] {taskinstance.py:340} INFO - ::group::Post task execution logs
[2025-07-03T04:55:31.969+0000] {standard_task_runner.py:124} ERROR - Failed to execute job 11 for task run_dbt_staging (Bash command failed. The command returned a non-zero exit code 2.; 167)
Traceback (most recent call last):
  File "/home/airflow/.local/lib/python3.12/site-packages/airflow/task/task_runner/standard_task_runner.py", line 117, in _start_by_fork
    ret = args.func(args, dag=self.dag)
          ^^^^^^^^^^^^^^^^^^^^^^^^^^^^^
  File "/home/airflow/.local/lib/python3.12/site-packages/airflow/cli/cli_config.py", line 49, in command
    return func(*args, **kwargs)
           ^^^^^^^^^^^^^^^^^^^^^
  File "/home/airflow/.local/lib/python3.12/site-packages/airflow/utils/cli.py", line 115, in wrapper
    return f(*args, **kwargs)
           ^^^^^^^^^^^^^^^^^^
  File "/home/airflow/.local/lib/python3.12/site-packages/airflow/cli/commands/task_command.py", line 483, in task_run
    task_return_code = _run_task_by_selected_method(args, _dag, ti)
                       ^^^^^^^^^^^^^^^^^^^^^^^^^^^^^^^^^^^^^^^^^^^^
  File "/home/airflow/.local/lib/python3.12/site-packages/airflow/cli/commands/task_command.py", line 256, in _run_task_by_selected_method
    return _run_raw_task(args, ti)
           ^^^^^^^^^^^^^^^^^^^^^^^
  File "/home/airflow/.local/lib/python3.12/site-packages/airflow/cli/commands/task_command.py", line 341, in _run_raw_task
    return ti._run_raw_task(
           ^^^^^^^^^^^^^^^^^
  File "/home/airflow/.local/lib/python3.12/site-packages/airflow/utils/session.py", line 97, in wrapper
    return func(*args, session=session, **kwargs)
           ^^^^^^^^^^^^^^^^^^^^^^^^^^^^^^^^^^^^^^
  File "/home/airflow/.local/lib/python3.12/site-packages/airflow/models/taskinstance.py", line 3004, in _run_raw_task
    return _run_raw_task(
           ^^^^^^^^^^^^^^
  File "/home/airflow/.local/lib/python3.12/site-packages/airflow/models/taskinstance.py", line 273, in _run_raw_task
    TaskInstance._execute_task_with_callbacks(
  File "/home/airflow/.local/lib/python3.12/site-packages/airflow/models/taskinstance.py", line 3158, in _execute_task_with_callbacks
    result = self._execute_task(context, task_orig)
             ^^^^^^^^^^^^^^^^^^^^^^^^^^^^^^^^^^^^^^
  File "/home/airflow/.local/lib/python3.12/site-packages/airflow/models/taskinstance.py", line 3182, in _execute_task
    return _execute_task(self, context, task_orig)
           ^^^^^^^^^^^^^^^^^^^^^^^^^^^^^^^^^^^^^^^
  File "/home/airflow/.local/lib/python3.12/site-packages/airflow/models/taskinstance.py", line 767, in _execute_task
    result = _execute_callable(context=context, **execute_callable_kwargs)
             ^^^^^^^^^^^^^^^^^^^^^^^^^^^^^^^^^^^^^^^^^^^^^^^^^^^^^^^^^^^^^
  File "/home/airflow/.local/lib/python3.12/site-packages/airflow/models/taskinstance.py", line 733, in _execute_callable
    return ExecutionCallableRunner(
           ^^^^^^^^^^^^^^^^^^^^^^^^
  File "/home/airflow/.local/lib/python3.12/site-packages/airflow/utils/operator_helpers.py", line 252, in run
    return self.func(*args, **kwargs)
           ^^^^^^^^^^^^^^^^^^^^^^^^^^
  File "/home/airflow/.local/lib/python3.12/site-packages/airflow/models/baseoperator.py", line 406, in wrapper
    return func(self, *args, **kwargs)
           ^^^^^^^^^^^^^^^^^^^^^^^^^^^
  File "/home/airflow/.local/lib/python3.12/site-packages/airflow/operators/bash.py", line 249, in execute
    raise AirflowException(
airflow.exceptions.AirflowException: Bash command failed. The command returned a non-zero exit code 2.
[2025-07-03T04:55:32.026+0000] {local_task_job_runner.py:266} INFO - Task exited with return code 1
[2025-07-03T04:55:32.059+0000] {taskinstance.py:3900} INFO - 0 downstream tasks scheduled from follow-on schedule check
[2025-07-03T04:55:32.065+0000] {local_task_job_runner.py:245} INFO - ::endgroup::
