[2025-07-03T19:31:03.176+0000] {local_task_job_runner.py:123} INFO - ::group::Pre task execution logs
[2025-07-03T19:31:03.198+0000] {taskinstance.py:2612} INFO - Dependencies all met for dep_context=non-requeueable deps ti=<TaskInstance: extract_raw_data_pipeline.run_dbt_trusted manual__2025-07-03T19:30:45.728958+00:00 [queued]>
[2025-07-03T19:31:03.207+0000] {taskinstance.py:2612} INFO - Dependencies all met for dep_context=requeueable deps ti=<TaskInstance: extract_raw_data_pipeline.run_dbt_trusted manual__2025-07-03T19:30:45.728958+00:00 [queued]>
[2025-07-03T19:31:03.208+0000] {taskinstance.py:2865} INFO - Starting attempt 1 of 1
[2025-07-03T19:31:03.220+0000] {taskinstance.py:2888} INFO - Executing <Task(BashOperator): run_dbt_trusted> on 2025-07-03 19:30:45.728958+00:00
[2025-07-03T19:31:03.228+0000] {warnings.py:112} WARNING - /home/***/.local/lib/python3.12/site-packages/***/task/task_runner/standard_task_runner.py:70: DeprecationWarning: This process (pid=266) is multi-threaded, use of fork() may lead to deadlocks in the child.
  pid = os.fork()

[2025-07-03T19:31:03.231+0000] {standard_task_runner.py:72} INFO - Started process 275 to run task
[2025-07-03T19:31:03.231+0000] {standard_task_runner.py:104} INFO - Running: ['***', 'tasks', 'run', 'extract_raw_data_pipeline', 'run_dbt_trusted', 'manual__2025-07-03T19:30:45.728958+00:00', '--job-id', '11', '--raw', '--subdir', 'DAGS_FOLDER/driven_data_pipeline.py', '--cfg-path', '/tmp/tmpsy442ryo']
[2025-07-03T19:31:03.232+0000] {standard_task_runner.py:105} INFO - Job 11: Subtask run_dbt_trusted
[2025-07-03T19:31:03.298+0000] {task_command.py:467} INFO - Running <TaskInstance: extract_raw_data_pipeline.run_dbt_trusted manual__2025-07-03T19:30:45.728958+00:00 [running]> on host 4da7585f6ac4
[2025-07-03T19:31:03.380+0000] {taskinstance.py:3131} INFO - Exporting env vars: AIRFLOW_CTX_DAG_OWNER='***' AIRFLOW_CTX_DAG_ID='extract_raw_data_pipeline' AIRFLOW_CTX_TASK_ID='run_dbt_trusted' AIRFLOW_CTX_EXECUTION_DATE='2025-07-03T19:30:45.728958+00:00' AIRFLOW_CTX_TRY_NUMBER='1' AIRFLOW_CTX_DAG_RUN_ID='manual__2025-07-03T19:30:45.728958+00:00'
[2025-07-03T19:31:03.381+0000] {taskinstance.py:731} INFO - ::endgroup::
[2025-07-03T19:31:03.393+0000] {subprocess.py:63} INFO - Tmp dir root location: /tmp
[2025-07-03T19:31:03.395+0000] {subprocess.py:75} INFO - Running command: ['/usr/bin/bash', '-c', 'cd /opt/***/dbt && dbt run --select tag:trusted']
[2025-07-03T19:31:03.410+0000] {subprocess.py:86} INFO - Output:
[2025-07-03T19:31:05.988+0000] {subprocess.py:93} INFO - [0m19:31:05  Running with dbt=1.10.3
[2025-07-03T19:31:06.320+0000] {subprocess.py:93} INFO - [0m19:31:06  Registered adapter: postgres=1.9.0
[2025-07-03T19:31:06.862+0000] {subprocess.py:93} INFO - [0m19:31:06  Found 9 models, 11 sources, 433 macros
[2025-07-03T19:31:06.864+0000] {subprocess.py:93} INFO - [0m19:31:06
[2025-07-03T19:31:06.865+0000] {subprocess.py:93} INFO - [0m19:31:06  Concurrency: 1 threads (target='dev')
[2025-07-03T19:31:06.865+0000] {subprocess.py:93} INFO - [0m19:31:06
[2025-07-03T19:31:07.023+0000] {subprocess.py:93} INFO - [0m19:31:07  1 of 4 START sql table model driven_trusted.non_pii_data ....................... [RUN]
[2025-07-03T19:31:07.155+0000] {subprocess.py:93} INFO - [0m19:31:07  1 of 4 OK created sql table model driven_trusted.non_pii_data .................. [[32mSELECT 100[0m in 0.13s]
[2025-07-03T19:31:07.157+0000] {subprocess.py:93} INFO - [0m19:31:07  2 of 4 START sql table model driven_trusted.payment_data ....................... [RUN]
[2025-07-03T19:31:07.211+0000] {subprocess.py:93} INFO - [0m19:31:07  2 of 4 OK created sql table model driven_trusted.payment_data .................. [[32mSELECT 100[0m in 0.05s]
[2025-07-03T19:31:07.213+0000] {subprocess.py:93} INFO - [0m19:31:07  3 of 4 START sql table model driven_trusted.pii_data ........................... [RUN]
[2025-07-03T19:31:07.278+0000] {subprocess.py:93} INFO - [0m19:31:07  3 of 4 OK created sql table model driven_trusted.pii_data ...................... [[32mSELECT 100[0m in 0.06s]
[2025-07-03T19:31:07.281+0000] {subprocess.py:93} INFO - [0m19:31:07  4 of 4 START sql table model driven_trusted.technical_data ..................... [RUN]
[2025-07-03T19:31:07.342+0000] {subprocess.py:93} INFO - [0m19:31:07  4 of 4 OK created sql table model driven_trusted.technical_data ................ [[32mSELECT 100[0m in 0.06s]
[2025-07-03T19:31:07.357+0000] {subprocess.py:93} INFO - [0m19:31:07
[2025-07-03T19:31:07.358+0000] {subprocess.py:93} INFO - [0m19:31:07  Finished running 4 table models in 0 hours 0 minutes and 0.49 seconds (0.49s).
[2025-07-03T19:31:07.416+0000] {subprocess.py:93} INFO - [0m19:31:07
[2025-07-03T19:31:07.416+0000] {subprocess.py:93} INFO - [0m19:31:07  [32mCompleted successfully[0m
[2025-07-03T19:31:07.417+0000] {subprocess.py:93} INFO - [0m19:31:07
[2025-07-03T19:31:07.418+0000] {subprocess.py:93} INFO - [0m19:31:07  Done. PASS=4 WARN=0 ERROR=0 SKIP=0 NO-OP=0 TOTAL=4
[2025-07-03T19:31:08.450+0000] {subprocess.py:97} INFO - Command exited with return code 0
[2025-07-03T19:31:08.477+0000] {taskinstance.py:340} INFO - ::group::Post task execution logs
[2025-07-03T19:31:08.478+0000] {taskinstance.py:352} INFO - Marking task as SUCCESS. dag_id=extract_raw_data_pipeline, task_id=run_dbt_trusted, run_id=manual__2025-07-03T19:30:45.728958+00:00, execution_date=20250703T193045, start_date=20250703T193103, end_date=20250703T193108
[2025-07-03T19:31:08.503+0000] {local_task_job_runner.py:266} INFO - Task exited with return code 0
[2025-07-03T19:31:08.517+0000] {taskinstance.py:3900} INFO - 0 downstream tasks scheduled from follow-on schedule check
[2025-07-03T19:31:08.518+0000] {local_task_job_runner.py:245} INFO - ::endgroup::
