[2025-07-03T19:30:56.099+0000] {local_task_job_runner.py:123} INFO - ::group::Pre task execution logs
[2025-07-03T19:30:56.121+0000] {taskinstance.py:2612} INFO - Dependencies all met for dep_context=non-requeueable deps ti=<TaskInstance: extract_raw_data_pipeline.run_dbt_staging manual__2025-07-03T19:30:45.728958+00:00 [queued]>
[2025-07-03T19:30:56.130+0000] {taskinstance.py:2612} INFO - Dependencies all met for dep_context=requeueable deps ti=<TaskInstance: extract_raw_data_pipeline.run_dbt_staging manual__2025-07-03T19:30:45.728958+00:00 [queued]>
[2025-07-03T19:30:56.131+0000] {taskinstance.py:2865} INFO - Starting attempt 1 of 1
[2025-07-03T19:30:56.145+0000] {taskinstance.py:2888} INFO - Executing <Task(BashOperator): run_dbt_staging> on 2025-07-03 19:30:45.728958+00:00
[2025-07-03T19:30:56.155+0000] {warnings.py:112} WARNING - /home/***/.local/lib/python3.12/site-packages/***/task/task_runner/standard_task_runner.py:70: DeprecationWarning: This process (pid=253) is multi-threaded, use of fork() may lead to deadlocks in the child.
  pid = os.fork()

[2025-07-03T19:30:56.158+0000] {standard_task_runner.py:72} INFO - Started process 255 to run task
[2025-07-03T19:30:56.157+0000] {standard_task_runner.py:104} INFO - Running: ['***', 'tasks', 'run', 'extract_raw_data_pipeline', 'run_dbt_staging', 'manual__2025-07-03T19:30:45.728958+00:00', '--job-id', '10', '--raw', '--subdir', 'DAGS_FOLDER/driven_data_pipeline.py', '--cfg-path', '/tmp/tmpo19acao6']
[2025-07-03T19:30:56.159+0000] {standard_task_runner.py:105} INFO - Job 10: Subtask run_dbt_staging
[2025-07-03T19:30:56.267+0000] {task_command.py:467} INFO - Running <TaskInstance: extract_raw_data_pipeline.run_dbt_staging manual__2025-07-03T19:30:45.728958+00:00 [running]> on host 4da7585f6ac4
[2025-07-03T19:30:56.359+0000] {taskinstance.py:3131} INFO - Exporting env vars: AIRFLOW_CTX_DAG_OWNER='***' AIRFLOW_CTX_DAG_ID='extract_raw_data_pipeline' AIRFLOW_CTX_TASK_ID='run_dbt_staging' AIRFLOW_CTX_EXECUTION_DATE='2025-07-03T19:30:45.728958+00:00' AIRFLOW_CTX_TRY_NUMBER='1' AIRFLOW_CTX_DAG_RUN_ID='manual__2025-07-03T19:30:45.728958+00:00'
[2025-07-03T19:30:56.360+0000] {taskinstance.py:731} INFO - ::endgroup::
[2025-07-03T19:30:56.380+0000] {subprocess.py:63} INFO - Tmp dir root location: /tmp
[2025-07-03T19:30:56.383+0000] {subprocess.py:75} INFO - Running command: ['/usr/bin/bash', '-c', 'cd /opt/***/dbt && dbt run --select tag:staging']
[2025-07-03T19:30:56.402+0000] {subprocess.py:86} INFO - Output:
[2025-07-03T19:30:59.162+0000] {subprocess.py:93} INFO - [0m19:30:59  Running with dbt=1.10.3
[2025-07-03T19:30:59.591+0000] {subprocess.py:93} INFO - [0m19:30:59  Registered adapter: postgres=1.9.0
[2025-07-03T19:31:00.105+0000] {subprocess.py:93} INFO - [0m19:31:00  Found 9 models, 11 sources, 433 macros
[2025-07-03T19:31:00.108+0000] {subprocess.py:93} INFO - [0m19:31:00
[2025-07-03T19:31:00.109+0000] {subprocess.py:93} INFO - [0m19:31:00  Concurrency: 1 threads (target='dev')
[2025-07-03T19:31:00.110+0000] {subprocess.py:93} INFO - [0m19:31:00
[2025-07-03T19:31:00.289+0000] {subprocess.py:93} INFO - [0m19:31:00  1 of 5 START sql table model driven_staging.dim_address ........................ [RUN]
[2025-07-03T19:31:00.421+0000] {subprocess.py:93} INFO - [0m19:31:00  1 of 5 OK created sql table model driven_staging.dim_address ................... [[32mSELECT 100[0m in 0.13s]
[2025-07-03T19:31:00.423+0000] {subprocess.py:93} INFO - [0m19:31:00  2 of 5 START sql table model driven_staging.dim_date ........................... [RUN]
[2025-07-03T19:31:00.476+0000] {subprocess.py:93} INFO - [0m19:31:00  2 of 5 OK created sql table model driven_staging.dim_date ...................... [[32mSELECT 100[0m in 0.05s]
[2025-07-03T19:31:00.478+0000] {subprocess.py:93} INFO - [0m19:31:00  3 of 5 START sql table model driven_staging.dim_finance ........................ [RUN]
[2025-07-03T19:31:00.532+0000] {subprocess.py:93} INFO - [0m19:31:00  3 of 5 OK created sql table model driven_staging.dim_finance ................... [[32mSELECT 100[0m in 0.05s]
[2025-07-03T19:31:00.535+0000] {subprocess.py:93} INFO - [0m19:31:00  4 of 5 START sql table model driven_staging.dim_person ......................... [RUN]
[2025-07-03T19:31:00.594+0000] {subprocess.py:93} INFO - [0m19:31:00  4 of 5 OK created sql table model driven_staging.dim_person .................... [[32mSELECT 100[0m in 0.06s]
[2025-07-03T19:31:00.596+0000] {subprocess.py:93} INFO - [0m19:31:00  5 of 5 START sql table model driven_staging.fact_network_usage ................. [RUN]
[2025-07-03T19:31:00.651+0000] {subprocess.py:93} INFO - [0m19:31:00  5 of 5 OK created sql table model driven_staging.fact_network_usage ............ [[32mSELECT 100[0m in 0.05s]
[2025-07-03T19:31:00.665+0000] {subprocess.py:93} INFO - [0m19:31:00
[2025-07-03T19:31:00.666+0000] {subprocess.py:93} INFO - [0m19:31:00  Finished running 5 table models in 0 hours 0 minutes and 0.55 seconds (0.55s).
[2025-07-03T19:31:00.717+0000] {subprocess.py:93} INFO - [0m19:31:00
[2025-07-03T19:31:00.718+0000] {subprocess.py:93} INFO - [0m19:31:00  [32mCompleted successfully[0m
[2025-07-03T19:31:00.719+0000] {subprocess.py:93} INFO - [0m19:31:00
[2025-07-03T19:31:00.719+0000] {subprocess.py:93} INFO - [0m19:31:00  Done. PASS=5 WARN=0 ERROR=0 SKIP=0 NO-OP=0 TOTAL=5
[2025-07-03T19:31:01.962+0000] {subprocess.py:97} INFO - Command exited with return code 0
[2025-07-03T19:31:01.993+0000] {taskinstance.py:340} INFO - ::group::Post task execution logs
[2025-07-03T19:31:01.994+0000] {taskinstance.py:352} INFO - Marking task as SUCCESS. dag_id=extract_raw_data_pipeline, task_id=run_dbt_staging, run_id=manual__2025-07-03T19:30:45.728958+00:00, execution_date=20250703T193045, start_date=20250703T193056, end_date=20250703T193101
[2025-07-03T19:31:02.036+0000] {local_task_job_runner.py:266} INFO - Task exited with return code 0
[2025-07-03T19:31:02.055+0000] {taskinstance.py:3900} INFO - 1 downstream tasks scheduled from follow-on schedule check
[2025-07-03T19:31:02.057+0000] {local_task_job_runner.py:245} INFO - ::endgroup::
