[2025-07-03T05:48:42.713+0000] {local_task_job_runner.py:123} INFO - ::group::Pre task execution logs
[2025-07-03T05:48:42.755+0000] {taskinstance.py:2612} INFO - Dependencies all met for dep_context=non-requeueable deps ti=<TaskInstance: extract_raw_data_pipeline.extract_raw_data manual__2025-07-03T05:48:36.439913+00:00 [queued]>
[2025-07-03T05:48:42.772+0000] {taskinstance.py:2612} INFO - Dependencies all met for dep_context=requeueable deps ti=<TaskInstance: extract_raw_data_pipeline.extract_raw_data manual__2025-07-03T05:48:36.439913+00:00 [queued]>
[2025-07-03T05:48:42.772+0000] {taskinstance.py:2865} INFO - Starting attempt 1 of 1
[2025-07-03T05:48:42.792+0000] {taskinstance.py:2888} INFO - Executing <Task(PythonOperator): extract_raw_data> on 2025-07-03 05:48:36.439913+00:00
[2025-07-03T05:48:42.805+0000] {warnings.py:112} WARNING - /home/***/.local/lib/python3.12/site-packages/***/task/task_runner/standard_task_runner.py:70: DeprecationWarning: This process (pid=133) is multi-threaded, use of fork() may lead to deadlocks in the child.
  pid = os.fork()

[2025-07-03T05:48:42.812+0000] {standard_task_runner.py:72} INFO - Started process 159 to run task
[2025-07-03T05:48:42.812+0000] {standard_task_runner.py:104} INFO - Running: ['***', 'tasks', 'run', 'extract_raw_data_pipeline', 'extract_raw_data', 'manual__2025-07-03T05:48:36.439913+00:00', '--job-id', '5', '--raw', '--subdir', 'DAGS_FOLDER/driven_data_pipeline.py', '--cfg-path', '/tmp/tmp0ex6_vno']
[2025-07-03T05:48:42.813+0000] {standard_task_runner.py:105} INFO - Job 5: Subtask extract_raw_data
[2025-07-03T05:48:42.904+0000] {task_command.py:467} INFO - Running <TaskInstance: extract_raw_data_pipeline.extract_raw_data manual__2025-07-03T05:48:36.439913+00:00 [running]> on host 384b142d1c6e
[2025-07-03T05:48:43.036+0000] {taskinstance.py:3131} INFO - Exporting env vars: AIRFLOW_CTX_DAG_OWNER='***' AIRFLOW_CTX_DAG_ID='extract_raw_data_pipeline' AIRFLOW_CTX_TASK_ID='extract_raw_data' AIRFLOW_CTX_EXECUTION_DATE='2025-07-03T05:48:36.439913+00:00' AIRFLOW_CTX_TRY_NUMBER='1' AIRFLOW_CTX_DAG_RUN_ID='manual__2025-07-03T05:48:36.439913+00:00'
[2025-07-03T05:48:43.039+0000] {taskinstance.py:731} INFO - ::endgroup::
[2025-07-03T05:48:43.069+0000] {driven_data_pipeline.py:28} INFO - Created synthetic data for MX country code.
[2025-07-03T05:48:43.217+0000] {driven_data_pipeline.py:66} INFO - Written 100 records to the CSV file.
[2025-07-03T05:48:43.290+0000] {driven_data_pipeline.py:73} INFO - Added UUID to the dataset.
[2025-07-03T05:48:43.334+0000] {driven_data_pipeline.py:82} INFO - Updated accessed timestamp.
[2025-07-03T05:48:43.335+0000] {python.py:240} INFO - Done. Returned value was: None
[2025-07-03T05:48:43.354+0000] {taskinstance.py:340} INFO - ::group::Post task execution logs
[2025-07-03T05:48:43.355+0000] {taskinstance.py:352} INFO - Marking task as SUCCESS. dag_id=extract_raw_data_pipeline, task_id=extract_raw_data, run_id=manual__2025-07-03T05:48:36.439913+00:00, execution_date=20250703T054836, start_date=20250703T054842, end_date=20250703T054843
[2025-07-03T05:48:43.405+0000] {local_task_job_runner.py:266} INFO - Task exited with return code 0
[2025-07-03T05:48:43.452+0000] {taskinstance.py:3900} INFO - 0 downstream tasks scheduled from follow-on schedule check
[2025-07-03T05:48:43.460+0000] {local_task_job_runner.py:245} INFO - ::endgroup::
