[2025-07-07T03:24:21.856+0000] {local_task_job_runner.py:123} INFO - ::group::Pre task execution logs
[2025-07-07T03:24:21.874+0000] {taskinstance.py:2612} INFO - Dependencies all met for dep_context=non-requeueable deps ti=<TaskInstance: extract_raw_data_pipeline.run_dbt_staging manual__2025-07-07T03:24:15.127805+00:00 [queued]>
[2025-07-07T03:24:21.881+0000] {taskinstance.py:2612} INFO - Dependencies all met for dep_context=requeueable deps ti=<TaskInstance: extract_raw_data_pipeline.run_dbt_staging manual__2025-07-07T03:24:15.127805+00:00 [queued]>
[2025-07-07T03:24:21.882+0000] {taskinstance.py:2865} INFO - Starting attempt 1 of 1
[2025-07-07T03:24:21.895+0000] {taskinstance.py:2888} INFO - Executing <Task(BashOperator): run_dbt_staging> on 2025-07-07 03:24:15.127805+00:00
[2025-07-07T03:24:21.904+0000] {warnings.py:112} WARNING - /home/***/.local/lib/python3.12/site-packages/***/task/task_runner/standard_task_runner.py:70: DeprecationWarning: This process (pid=269) is multi-threaded, use of fork() may lead to deadlocks in the child.
  pid = os.fork()

[2025-07-07T03:24:21.906+0000] {standard_task_runner.py:72} INFO - Started process 271 to run task
[2025-07-07T03:24:21.906+0000] {standard_task_runner.py:104} INFO - Running: ['***', 'tasks', 'run', 'extract_raw_data_pipeline', 'run_dbt_staging', 'manual__2025-07-07T03:24:15.127805+00:00', '--job-id', '16', '--raw', '--subdir', 'DAGS_FOLDER/driven_data_pipeline.py', '--cfg-path', '/tmp/tmposdwhn1d']
[2025-07-07T03:24:21.907+0000] {standard_task_runner.py:105} INFO - Job 16: Subtask run_dbt_staging
[2025-07-07T03:24:21.972+0000] {task_command.py:467} INFO - Running <TaskInstance: extract_raw_data_pipeline.run_dbt_staging manual__2025-07-07T03:24:15.127805+00:00 [running]> on host 5a1687b5f252
[2025-07-07T03:24:22.100+0000] {taskinstance.py:3131} INFO - Exporting env vars: AIRFLOW_CTX_DAG_OWNER='***' AIRFLOW_CTX_DAG_ID='extract_raw_data_pipeline' AIRFLOW_CTX_TASK_ID='run_dbt_staging' AIRFLOW_CTX_EXECUTION_DATE='2025-07-07T03:24:15.127805+00:00' AIRFLOW_CTX_TRY_NUMBER='1' AIRFLOW_CTX_DAG_RUN_ID='manual__2025-07-07T03:24:15.127805+00:00'
[2025-07-07T03:24:22.101+0000] {taskinstance.py:731} INFO - ::endgroup::
[2025-07-07T03:24:22.117+0000] {subprocess.py:63} INFO - Tmp dir root location: /tmp
[2025-07-07T03:24:22.119+0000] {subprocess.py:75} INFO - Running command: ['/usr/bin/bash', '-c', 'cd /opt/***/dbt && dbt run --select tag:staging']
[2025-07-07T03:24:22.137+0000] {subprocess.py:86} INFO - Output:
[2025-07-07T03:24:24.301+0000] {subprocess.py:93} INFO - [0m03:24:24  Running with dbt=1.10.3
[2025-07-07T03:24:24.601+0000] {subprocess.py:93} INFO - [0m03:24:24  Registered adapter: postgres=1.9.0
[2025-07-07T03:24:25.122+0000] {subprocess.py:93} INFO - [0m03:24:25  Found 9 models, 11 sources, 433 macros
[2025-07-07T03:24:25.127+0000] {subprocess.py:93} INFO - [0m03:24:25
[2025-07-07T03:24:25.128+0000] {subprocess.py:93} INFO - [0m03:24:25  Concurrency: 1 threads (target='dev')
[2025-07-07T03:24:25.129+0000] {subprocess.py:93} INFO - [0m03:24:25
[2025-07-07T03:24:25.284+0000] {subprocess.py:93} INFO - [0m03:24:25  1 of 5 START sql table model driven_staging.dim_address ........................ [RUN]
[2025-07-07T03:24:25.424+0000] {subprocess.py:93} INFO - [0m03:24:25  1 of 5 OK created sql table model driven_staging.dim_address ................... [[32mSELECT 200[0m in 0.14s]
[2025-07-07T03:24:25.426+0000] {subprocess.py:93} INFO - [0m03:24:25  2 of 5 START sql table model driven_staging.dim_date ........................... [RUN]
[2025-07-07T03:24:25.484+0000] {subprocess.py:93} INFO - [0m03:24:25  2 of 5 OK created sql table model driven_staging.dim_date ...................... [[32mSELECT 200[0m in 0.06s]
[2025-07-07T03:24:25.487+0000] {subprocess.py:93} INFO - [0m03:24:25  3 of 5 START sql table model driven_staging.dim_finance ........................ [RUN]
[2025-07-07T03:24:25.540+0000] {subprocess.py:93} INFO - [0m03:24:25  3 of 5 OK created sql table model driven_staging.dim_finance ................... [[32mSELECT 200[0m in 0.05s]
[2025-07-07T03:24:25.542+0000] {subprocess.py:93} INFO - [0m03:24:25  4 of 5 START sql table model driven_staging.dim_person ......................... [RUN]
[2025-07-07T03:24:25.610+0000] {subprocess.py:93} INFO - [0m03:24:25  4 of 5 OK created sql table model driven_staging.dim_person .................... [[32mSELECT 200[0m in 0.07s]
[2025-07-07T03:24:25.612+0000] {subprocess.py:93} INFO - [0m03:24:25  5 of 5 START sql table model driven_staging.fact_network_usage ................. [RUN]
[2025-07-07T03:24:25.674+0000] {subprocess.py:93} INFO - [0m03:24:25  5 of 5 OK created sql table model driven_staging.fact_network_usage ............ [[32mSELECT 200[0m in 0.06s]
[2025-07-07T03:24:25.690+0000] {subprocess.py:93} INFO - [0m03:24:25
[2025-07-07T03:24:25.691+0000] {subprocess.py:93} INFO - [0m03:24:25  Finished running 5 table models in 0 hours 0 minutes and 0.56 seconds (0.56s).
[2025-07-07T03:24:25.741+0000] {subprocess.py:93} INFO - [0m03:24:25
[2025-07-07T03:24:25.741+0000] {subprocess.py:93} INFO - [0m03:24:25  [32mCompleted successfully[0m
[2025-07-07T03:24:25.742+0000] {subprocess.py:93} INFO - [0m03:24:25
[2025-07-07T03:24:25.743+0000] {subprocess.py:93} INFO - [0m03:24:25  Done. PASS=5 WARN=0 ERROR=0 SKIP=0 NO-OP=0 TOTAL=5
[2025-07-07T03:24:26.885+0000] {subprocess.py:97} INFO - Command exited with return code 0
[2025-07-07T03:24:26.922+0000] {taskinstance.py:340} INFO - ::group::Post task execution logs
[2025-07-07T03:24:26.923+0000] {taskinstance.py:352} INFO - Marking task as SUCCESS. dag_id=extract_raw_data_pipeline, task_id=run_dbt_staging, run_id=manual__2025-07-07T03:24:15.127805+00:00, execution_date=20250707T032415, start_date=20250707T032421, end_date=20250707T032426
[2025-07-07T03:24:26.975+0000] {local_task_job_runner.py:266} INFO - Task exited with return code 0
[2025-07-07T03:24:26.998+0000] {taskinstance.py:3900} INFO - 1 downstream tasks scheduled from follow-on schedule check
[2025-07-07T03:24:27.002+0000] {local_task_job_runner.py:245} INFO - ::endgroup::
