[2025-07-03T19:21:45.952+0000] {local_task_job_runner.py:123} INFO - ::group::Pre task execution logs
[2025-07-03T19:21:46.011+0000] {taskinstance.py:2612} INFO - Dependencies all met for dep_context=non-requeueable deps ti=<TaskInstance: extract_raw_data_pipeline.extract_raw_data scheduled__2025-07-03T07:58:00+00:00 [queued]>
[2025-07-03T19:21:46.035+0000] {taskinstance.py:2612} INFO - Dependencies all met for dep_context=requeueable deps ti=<TaskInstance: extract_raw_data_pipeline.extract_raw_data scheduled__2025-07-03T07:58:00+00:00 [queued]>
[2025-07-03T19:21:46.037+0000] {taskinstance.py:2865} INFO - Starting attempt 1 of 1
[2025-07-03T19:21:46.075+0000] {taskinstance.py:2888} INFO - Executing <Task(PythonOperator): extract_raw_data> on 2025-07-03 07:58:00+00:00
[2025-07-03T19:21:46.123+0000] {warnings.py:112} WARNING - /home/***/.local/lib/python3.12/site-packages/***/task/task_runner/standard_task_runner.py:70: DeprecationWarning: This process (pid=89) is multi-threaded, use of fork() may lead to deadlocks in the child.
  pid = os.fork()

[2025-07-03T19:21:46.127+0000] {standard_task_runner.py:104} INFO - Running: ['***', 'tasks', 'run', 'extract_raw_data_pipeline', 'extract_raw_data', 'scheduled__2025-07-03T07:58:00+00:00', '--job-id', '24', '--raw', '--subdir', 'DAGS_FOLDER/driven_data_pipeline.py', '--cfg-path', '/tmp/tmpat7pzchd']
[2025-07-03T19:21:46.130+0000] {standard_task_runner.py:72} INFO - Started process 99 to run task
[2025-07-03T19:21:46.130+0000] {standard_task_runner.py:105} INFO - Job 24: Subtask extract_raw_data
[2025-07-03T19:21:46.311+0000] {task_command.py:467} INFO - Running <TaskInstance: extract_raw_data_pipeline.extract_raw_data scheduled__2025-07-03T07:58:00+00:00 [running]> on host 384b142d1c6e
[2025-07-03T19:21:46.598+0000] {taskinstance.py:3131} INFO - Exporting env vars: AIRFLOW_CTX_DAG_OWNER='***' AIRFLOW_CTX_DAG_ID='extract_raw_data_pipeline' AIRFLOW_CTX_TASK_ID='extract_raw_data' AIRFLOW_CTX_EXECUTION_DATE='2025-07-03T07:58:00+00:00' AIRFLOW_CTX_TRY_NUMBER='1' AIRFLOW_CTX_DAG_RUN_ID='scheduled__2025-07-03T07:58:00+00:00'
[2025-07-03T19:21:46.601+0000] {taskinstance.py:731} INFO - ::endgroup::
[2025-07-03T19:21:46.639+0000] {driven_data_pipeline.py:28} INFO - Created synthetic data for MX country code.
[2025-07-03T19:21:46.853+0000] {driven_data_pipeline.py:66} INFO - Written 100 records to the CSV file.
[2025-07-03T19:21:46.970+0000] {driven_data_pipeline.py:73} INFO - Added UUID to the dataset.
[2025-07-03T19:21:47.024+0000] {driven_data_pipeline.py:82} INFO - Updated accessed timestamp.
[2025-07-03T19:21:47.026+0000] {python.py:240} INFO - Done. Returned value was: None
[2025-07-03T19:21:47.054+0000] {taskinstance.py:340} INFO - ::group::Post task execution logs
[2025-07-03T19:21:47.057+0000] {taskinstance.py:352} INFO - Marking task as SUCCESS. dag_id=extract_raw_data_pipeline, task_id=extract_raw_data, run_id=scheduled__2025-07-03T07:58:00+00:00, execution_date=20250703T075800, start_date=20250703T192146, end_date=20250703T192147
[2025-07-03T19:21:47.237+0000] {local_task_job_runner.py:266} INFO - Task exited with return code 0
[2025-07-03T19:21:47.390+0000] {taskinstance.py:3900} INFO - 0 downstream tasks scheduled from follow-on schedule check
[2025-07-03T19:21:47.419+0000] {local_task_job_runner.py:245} INFO - ::endgroup::
[2025-07-03T19:30:50.296+0000] {local_task_job_runner.py:123} INFO - ::group::Pre task execution logs
[2025-07-03T19:30:50.333+0000] {taskinstance.py:2612} INFO - Dependencies all met for dep_context=non-requeueable deps ti=<TaskInstance: extract_raw_data_pipeline.extract_raw_data scheduled__2025-07-03T07:58:00+00:00 [queued]>
[2025-07-03T19:30:50.346+0000] {taskinstance.py:2612} INFO - Dependencies all met for dep_context=requeueable deps ti=<TaskInstance: extract_raw_data_pipeline.extract_raw_data scheduled__2025-07-03T07:58:00+00:00 [queued]>
[2025-07-03T19:30:50.346+0000] {taskinstance.py:2865} INFO - Starting attempt 1 of 1
[2025-07-03T19:30:50.366+0000] {taskinstance.py:2888} INFO - Executing <Task(PythonOperator): extract_raw_data> on 2025-07-03 07:58:00+00:00
[2025-07-03T19:30:50.384+0000] {standard_task_runner.py:104} INFO - Running: ['***', 'tasks', 'run', 'extract_raw_data_pipeline', 'extract_raw_data', 'scheduled__2025-07-03T07:58:00+00:00', '--job-id', '4', '--raw', '--subdir', 'DAGS_FOLDER/driven_data_pipeline.py', '--cfg-path', '/tmp/tmpsgj6dlh2']
[2025-07-03T19:30:50.383+0000] {warnings.py:112} WARNING - /home/***/.local/lib/python3.12/site-packages/***/task/task_runner/standard_task_runner.py:70: DeprecationWarning: This process (pid=194) is multi-threaded, use of fork() may lead to deadlocks in the child.
  pid = os.fork()

[2025-07-03T19:30:50.389+0000] {standard_task_runner.py:105} INFO - Job 4: Subtask extract_raw_data
[2025-07-03T19:30:50.390+0000] {standard_task_runner.py:72} INFO - Started process 201 to run task
[2025-07-03T19:30:50.542+0000] {task_command.py:467} INFO - Running <TaskInstance: extract_raw_data_pipeline.extract_raw_data scheduled__2025-07-03T07:58:00+00:00 [running]> on host 4da7585f6ac4
[2025-07-03T19:30:50.675+0000] {taskinstance.py:3131} INFO - Exporting env vars: AIRFLOW_CTX_DAG_OWNER='***' AIRFLOW_CTX_DAG_ID='extract_raw_data_pipeline' AIRFLOW_CTX_TASK_ID='extract_raw_data' AIRFLOW_CTX_EXECUTION_DATE='2025-07-03T07:58:00+00:00' AIRFLOW_CTX_TRY_NUMBER='1' AIRFLOW_CTX_DAG_RUN_ID='scheduled__2025-07-03T07:58:00+00:00'
[2025-07-03T19:30:50.678+0000] {taskinstance.py:731} INFO - ::endgroup::
[2025-07-03T19:30:50.938+0000] {driven_data_pipeline.py:28} INFO - Created synthetic data for MX country code.
[2025-07-03T19:30:51.056+0000] {driven_data_pipeline.py:66} INFO - Written 100 records to the CSV file.
[2025-07-03T19:30:51.182+0000] {driven_data_pipeline.py:73} INFO - Added UUID to the dataset.
[2025-07-03T19:30:51.217+0000] {driven_data_pipeline.py:82} INFO - Updated accessed timestamp.
[2025-07-03T19:30:51.218+0000] {python.py:240} INFO - Done. Returned value was: None
[2025-07-03T19:30:51.232+0000] {taskinstance.py:340} INFO - ::group::Post task execution logs
[2025-07-03T19:30:51.233+0000] {taskinstance.py:352} INFO - Marking task as SUCCESS. dag_id=extract_raw_data_pipeline, task_id=extract_raw_data, run_id=scheduled__2025-07-03T07:58:00+00:00, execution_date=20250703T075800, start_date=20250703T193050, end_date=20250703T193051
[2025-07-03T19:30:51.298+0000] {local_task_job_runner.py:266} INFO - Task exited with return code 0
[2025-07-03T19:30:51.335+0000] {taskinstance.py:3900} INFO - 1 downstream tasks scheduled from follow-on schedule check
[2025-07-03T19:30:51.338+0000] {local_task_job_runner.py:245} INFO - ::endgroup::
