[2025-07-03T05:05:12.889+0000] {local_task_job_runner.py:123} INFO - ::group::Pre task execution logs
[2025-07-03T05:05:12.910+0000] {taskinstance.py:2612} INFO - Dependencies all met for dep_context=non-requeueable deps ti=<TaskInstance: extract_raw_data_pipeline.create_raw_table manual__2025-07-03T05:05:09.251914+00:00 [queued]>
[2025-07-03T05:05:12.920+0000] {taskinstance.py:2612} INFO - Dependencies all met for dep_context=requeueable deps ti=<TaskInstance: extract_raw_data_pipeline.create_raw_table manual__2025-07-03T05:05:09.251914+00:00 [queued]>
[2025-07-03T05:05:12.921+0000] {taskinstance.py:2865} INFO - Starting attempt 1 of 1
[2025-07-03T05:05:12.935+0000] {taskinstance.py:2888} INFO - Executing <Task(SQLExecuteQueryOperator): create_raw_table> on 2025-07-03 05:05:09.251914+00:00
[2025-07-03T05:05:12.949+0000] {warnings.py:112} WARNING - /home/***/.local/lib/python3.12/site-packages/***/task/task_runner/standard_task_runner.py:70: DeprecationWarning: This process (pid=187) is multi-threaded, use of fork() may lead to deadlocks in the child.
  pid = os.fork()

[2025-07-03T05:05:12.951+0000] {standard_task_runner.py:72} INFO - Started process 196 to run task
[2025-07-03T05:05:12.951+0000] {standard_task_runner.py:104} INFO - Running: ['***', 'tasks', 'run', 'extract_raw_data_pipeline', 'create_raw_table', 'manual__2025-07-03T05:05:09.251914+00:00', '--job-id', '12', '--raw', '--subdir', 'DAGS_FOLDER/driven_data_pipeline.py', '--cfg-path', '/tmp/tmpaduaieqa']
[2025-07-03T05:05:12.952+0000] {standard_task_runner.py:105} INFO - Job 12: Subtask create_raw_table
[2025-07-03T05:05:13.034+0000] {task_command.py:467} INFO - Running <TaskInstance: extract_raw_data_pipeline.create_raw_table manual__2025-07-03T05:05:09.251914+00:00 [running]> on host 74cc1e0326f4
[2025-07-03T05:05:13.132+0000] {taskinstance.py:3131} INFO - Exporting env vars: AIRFLOW_CTX_DAG_OWNER='***' AIRFLOW_CTX_DAG_ID='extract_raw_data_pipeline' AIRFLOW_CTX_TASK_ID='create_raw_table' AIRFLOW_CTX_EXECUTION_DATE='2025-07-03T05:05:09.251914+00:00' AIRFLOW_CTX_TRY_NUMBER='1' AIRFLOW_CTX_DAG_RUN_ID='manual__2025-07-03T05:05:09.251914+00:00'
[2025-07-03T05:05:13.133+0000] {taskinstance.py:731} INFO - ::endgroup::
[2025-07-03T05:05:13.149+0000] {sql.py:266} INFO - Executing: 
    CREATE TABLE IF NOT EXISTS driven_raw.raw_batch_data (
        person_name VARCHAR(150),
        user_name VARCHAR(150),
        email VARCHAR(150),
        personal_number VARCHAR(150),
        birth_date VARCHAR(150),
        address VARCHAR(150),
        phone VARCHAR(150),
        mac_address VARCHAR(150),
        ip_address VARCHAR(150),
        iban VARCHAR(150),
        accessed_at TIMESTAMP,
        session_duration INT,
        download_speed INT,
        upload_speed INT,
        consumed_traffic INT,
        unique_id VARCHAR(150)
    );
    
[2025-07-03T05:05:13.161+0000] {base.py:84} INFO - Retrieving connection 'postgres_conn'
[2025-07-03T05:05:13.172+0000] {base.py:84} INFO - Retrieving connection 'postgres_conn'
[2025-07-03T05:05:13.179+0000] {sql.py:509} INFO - Running statement: 
    CREATE TABLE IF NOT EXISTS driven_raw.raw_batch_data (
        person_name VARCHAR(150),
        user_name VARCHAR(150),
        email VARCHAR(150),
        personal_number VARCHAR(150),
        birth_date VARCHAR(150),
        address VARCHAR(150),
        phone VARCHAR(150),
        mac_address VARCHAR(150),
        ip_address VARCHAR(150),
        iban VARCHAR(150),
        accessed_at TIMESTAMP,
        session_duration INT,
        download_speed INT,
        upload_speed INT,
        consumed_traffic INT,
        unique_id VARCHAR(150)
    );
    , parameters: None
[2025-07-03T05:05:13.193+0000] {taskinstance.py:340} INFO - ::group::Post task execution logs
[2025-07-03T05:05:13.194+0000] {taskinstance.py:352} INFO - Marking task as SUCCESS. dag_id=extract_raw_data_pipeline, task_id=create_raw_table, run_id=manual__2025-07-03T05:05:09.251914+00:00, execution_date=20250703T050509, start_date=20250703T050512, end_date=20250703T050513
[2025-07-03T05:05:13.248+0000] {local_task_job_runner.py:266} INFO - Task exited with return code 0
[2025-07-03T05:05:13.278+0000] {taskinstance.py:3900} INFO - 1 downstream tasks scheduled from follow-on schedule check
[2025-07-03T05:05:13.281+0000] {local_task_job_runner.py:245} INFO - ::endgroup::
