[2025-07-02T14:42:26.562+0000] {local_task_job_runner.py:123} INFO - ::group::Pre task execution logs
[2025-07-02T14:42:26.638+0000] {taskinstance.py:2612} INFO - Dependencies all met for dep_context=non-requeueable deps ti=<TaskInstance: extract_raw_data_pipeline.extract_raw_data scheduled__2025-07-02T07:58:00+00:00 [queued]>
[2025-07-02T14:42:26.665+0000] {taskinstance.py:2612} INFO - Dependencies all met for dep_context=requeueable deps ti=<TaskInstance: extract_raw_data_pipeline.extract_raw_data scheduled__2025-07-02T07:58:00+00:00 [queued]>
[2025-07-02T14:42:26.667+0000] {taskinstance.py:2865} INFO - Starting attempt 1 of 1
[2025-07-02T14:42:26.713+0000] {taskinstance.py:2888} INFO - Executing <Task(PythonOperator): extract_raw_data> on 2025-07-02 07:58:00+00:00
[2025-07-02T14:42:26.800+0000] {warnings.py:112} WARNING - /home/***/.local/lib/python3.12/site-packages/***/task/task_runner/standard_task_runner.py:70: DeprecationWarning: This process (pid=99) is multi-threaded, use of fork() may lead to deadlocks in the child.
  pid = os.fork()

[2025-07-02T14:42:26.807+0000] {standard_task_runner.py:72} INFO - Started process 108 to run task
[2025-07-02T14:42:26.805+0000] {standard_task_runner.py:104} INFO - Running: ['***', 'tasks', 'run', 'extract_raw_data_pipeline', 'extract_raw_data', 'scheduled__2025-07-02T07:58:00+00:00', '--job-id', '12', '--raw', '--subdir', 'DAGS_FOLDER/driven_data_pipeline.py', '--cfg-path', '/tmp/tmperfvfvf8']
[2025-07-02T14:42:26.810+0000] {standard_task_runner.py:105} INFO - Job 12: Subtask extract_raw_data
[2025-07-02T14:42:27.065+0000] {task_command.py:467} INFO - Running <TaskInstance: extract_raw_data_pipeline.extract_raw_data scheduled__2025-07-02T07:58:00+00:00 [running]> on host 22138e16e53d
[2025-07-02T14:42:27.455+0000] {taskinstance.py:3131} INFO - Exporting env vars: AIRFLOW_CTX_DAG_OWNER='***' AIRFLOW_CTX_DAG_ID='extract_raw_data_pipeline' AIRFLOW_CTX_TASK_ID='extract_raw_data' AIRFLOW_CTX_EXECUTION_DATE='2025-07-02T07:58:00+00:00' AIRFLOW_CTX_TRY_NUMBER='1' AIRFLOW_CTX_DAG_RUN_ID='scheduled__2025-07-02T07:58:00+00:00'
[2025-07-02T14:42:27.462+0000] {taskinstance.py:731} INFO - ::endgroup::
[2025-07-02T14:42:27.722+0000] {driven_data_pipeline.py:26} INFO - Created synthetic data for MX country code.
[2025-07-02T14:42:29.361+0000] {driven_data_pipeline.py:64} INFO - Written 100 records to the CSV file.
[2025-07-02T14:42:29.787+0000] {driven_data_pipeline.py:71} INFO - Added UUID to the dataset.
[2025-07-02T14:42:29.900+0000] {driven_data_pipeline.py:80} INFO - Updated accessed timestamp.
[2025-07-02T14:42:29.903+0000] {python.py:240} INFO - Done. Returned value was: None
[2025-07-02T14:42:30.122+0000] {taskinstance.py:340} INFO - ::group::Post task execution logs
[2025-07-02T14:42:30.126+0000] {taskinstance.py:352} INFO - Marking task as SUCCESS. dag_id=extract_raw_data_pipeline, task_id=extract_raw_data, run_id=scheduled__2025-07-02T07:58:00+00:00, execution_date=20250702T075800, start_date=20250702T144226, end_date=20250702T144230
[2025-07-02T14:42:30.309+0000] {local_task_job_runner.py:266} INFO - Task exited with return code 0
[2025-07-02T14:42:30.376+0000] {taskinstance.py:3900} INFO - 1 downstream tasks scheduled from follow-on schedule check
[2025-07-02T14:42:30.380+0000] {local_task_job_runner.py:245} INFO - ::endgroup::
[2025-07-02T15:22:59.642+0000] {local_task_job_runner.py:123} INFO - ::group::Pre task execution logs
[2025-07-02T15:22:59.694+0000] {taskinstance.py:2612} INFO - Dependencies all met for dep_context=non-requeueable deps ti=<TaskInstance: extract_raw_data_pipeline.extract_raw_data scheduled__2025-07-02T07:58:00+00:00 [queued]>
[2025-07-02T15:22:59.717+0000] {taskinstance.py:2612} INFO - Dependencies all met for dep_context=requeueable deps ti=<TaskInstance: extract_raw_data_pipeline.extract_raw_data scheduled__2025-07-02T07:58:00+00:00 [queued]>
[2025-07-02T15:22:59.718+0000] {taskinstance.py:2865} INFO - Starting attempt 1 of 1
[2025-07-02T15:22:59.755+0000] {taskinstance.py:2888} INFO - Executing <Task(PythonOperator): extract_raw_data> on 2025-07-02 07:58:00+00:00
[2025-07-02T15:22:59.790+0000] {standard_task_runner.py:104} INFO - Running: ['***', 'tasks', 'run', 'extract_raw_data_pipeline', 'extract_raw_data', 'scheduled__2025-07-02T07:58:00+00:00', '--job-id', '8', '--raw', '--subdir', 'DAGS_FOLDER/driven_data_pipeline.py', '--cfg-path', '/tmp/tmpzvgj9yih']
[2025-07-02T15:22:59.794+0000] {standard_task_runner.py:105} INFO - Job 8: Subtask extract_raw_data
[2025-07-02T15:22:59.782+0000] {warnings.py:112} WARNING - /home/***/.local/lib/python3.12/site-packages/***/task/task_runner/standard_task_runner.py:70: DeprecationWarning: This process (pid=116) is multi-threaded, use of fork() may lead to deadlocks in the child.
  pid = os.fork()

[2025-07-02T15:22:59.797+0000] {standard_task_runner.py:72} INFO - Started process 124 to run task
[2025-07-02T15:23:00.007+0000] {task_command.py:467} INFO - Running <TaskInstance: extract_raw_data_pipeline.extract_raw_data scheduled__2025-07-02T07:58:00+00:00 [running]> on host 65c754792d38
[2025-07-02T15:23:00.315+0000] {taskinstance.py:3131} INFO - Exporting env vars: AIRFLOW_CTX_DAG_OWNER='***' AIRFLOW_CTX_DAG_ID='extract_raw_data_pipeline' AIRFLOW_CTX_TASK_ID='extract_raw_data' AIRFLOW_CTX_EXECUTION_DATE='2025-07-02T07:58:00+00:00' AIRFLOW_CTX_TRY_NUMBER='1' AIRFLOW_CTX_DAG_RUN_ID='scheduled__2025-07-02T07:58:00+00:00'
[2025-07-02T15:23:00.320+0000] {taskinstance.py:731} INFO - ::endgroup::
[2025-07-02T15:23:00.428+0000] {driven_data_pipeline.py:26} INFO - Created synthetic data for MX country code.
[2025-07-02T15:23:00.644+0000] {driven_data_pipeline.py:64} INFO - Written 100 records to the CSV file.
[2025-07-02T15:23:00.772+0000] {driven_data_pipeline.py:71} INFO - Added UUID to the dataset.
[2025-07-02T15:23:00.844+0000] {driven_data_pipeline.py:80} INFO - Updated accessed timestamp.
[2025-07-02T15:23:00.845+0000] {python.py:240} INFO - Done. Returned value was: None
[2025-07-02T15:23:00.874+0000] {taskinstance.py:340} INFO - ::group::Post task execution logs
[2025-07-02T15:23:00.875+0000] {taskinstance.py:352} INFO - Marking task as SUCCESS. dag_id=extract_raw_data_pipeline, task_id=extract_raw_data, run_id=scheduled__2025-07-02T07:58:00+00:00, execution_date=20250702T075800, start_date=20250702T152259, end_date=20250702T152300
[2025-07-02T15:23:00.940+0000] {local_task_job_runner.py:266} INFO - Task exited with return code 0
[2025-07-02T15:23:00.991+0000] {taskinstance.py:3900} INFO - 0 downstream tasks scheduled from follow-on schedule check
[2025-07-02T15:23:00.998+0000] {local_task_job_runner.py:245} INFO - ::endgroup::
[2025-07-03T01:50:57.452+0000] {local_task_job_runner.py:123} INFO - ::group::Pre task execution logs
[2025-07-03T01:50:57.521+0000] {taskinstance.py:2612} INFO - Dependencies all met for dep_context=non-requeueable deps ti=<TaskInstance: extract_raw_data_pipeline.extract_raw_data scheduled__2025-07-02T07:58:00+00:00 [queued]>
[2025-07-03T01:50:57.545+0000] {taskinstance.py:2612} INFO - Dependencies all met for dep_context=requeueable deps ti=<TaskInstance: extract_raw_data_pipeline.extract_raw_data scheduled__2025-07-02T07:58:00+00:00 [queued]>
[2025-07-03T01:50:57.546+0000] {taskinstance.py:2865} INFO - Starting attempt 1 of 1
[2025-07-03T01:50:57.592+0000] {taskinstance.py:2888} INFO - Executing <Task(PythonOperator): extract_raw_data> on 2025-07-02 07:58:00+00:00
[2025-07-03T01:50:57.616+0000] {warnings.py:112} WARNING - /home/***/.local/lib/python3.12/site-packages/***/task/task_runner/standard_task_runner.py:70: DeprecationWarning: This process (pid=145) is multi-threaded, use of fork() may lead to deadlocks in the child.
  pid = os.fork()

[2025-07-03T01:50:57.628+0000] {standard_task_runner.py:72} INFO - Started process 153 to run task
[2025-07-03T01:50:57.631+0000] {standard_task_runner.py:104} INFO - Running: ['***', 'tasks', 'run', 'extract_raw_data_pipeline', 'extract_raw_data', 'scheduled__2025-07-02T07:58:00+00:00', '--job-id', '3', '--raw', '--subdir', 'DAGS_FOLDER/driven_data_pipeline.py', '--cfg-path', '/tmp/tmp6o579vgj']
[2025-07-03T01:50:57.636+0000] {standard_task_runner.py:105} INFO - Job 3: Subtask extract_raw_data
[2025-07-03T01:50:58.139+0000] {task_command.py:467} INFO - Running <TaskInstance: extract_raw_data_pipeline.extract_raw_data scheduled__2025-07-02T07:58:00+00:00 [running]> on host 4967ca9b28a5
[2025-07-03T01:50:58.569+0000] {taskinstance.py:3131} INFO - Exporting env vars: AIRFLOW_CTX_DAG_OWNER='***' AIRFLOW_CTX_DAG_ID='extract_raw_data_pipeline' AIRFLOW_CTX_TASK_ID='extract_raw_data' AIRFLOW_CTX_EXECUTION_DATE='2025-07-02T07:58:00+00:00' AIRFLOW_CTX_TRY_NUMBER='1' AIRFLOW_CTX_DAG_RUN_ID='scheduled__2025-07-02T07:58:00+00:00'
[2025-07-03T01:50:58.585+0000] {taskinstance.py:731} INFO - ::endgroup::
[2025-07-03T01:50:58.633+0000] {driven_data_pipeline.py:28} INFO - Created synthetic data for MX country code.
[2025-07-03T01:50:59.166+0000] {driven_data_pipeline.py:66} INFO - Written 100 records to the CSV file.
[2025-07-03T01:50:59.252+0000] {taskinstance.py:3310} ERROR - Task failed with exception
Traceback (most recent call last):
  File "/home/airflow/.local/lib/python3.12/site-packages/airflow/models/taskinstance.py", line 767, in _execute_task
    result = _execute_callable(context=context, **execute_callable_kwargs)
             ^^^^^^^^^^^^^^^^^^^^^^^^^^^^^^^^^^^^^^^^^^^^^^^^^^^^^^^^^^^^^
  File "/home/airflow/.local/lib/python3.12/site-packages/airflow/models/taskinstance.py", line 733, in _execute_callable
    return ExecutionCallableRunner(
           ^^^^^^^^^^^^^^^^^^^^^^^^
  File "/home/airflow/.local/lib/python3.12/site-packages/airflow/utils/operator_helpers.py", line 252, in run
    return self.func(*args, **kwargs)
           ^^^^^^^^^^^^^^^^^^^^^^^^^^
  File "/home/airflow/.local/lib/python3.12/site-packages/airflow/models/baseoperator.py", line 406, in wrapper
    return func(self, *args, **kwargs)
           ^^^^^^^^^^^^^^^^^^^^^^^^^^^
  File "/home/airflow/.local/lib/python3.12/site-packages/airflow/operators/python.py", line 238, in execute
    return_value = self.execute_callable()
                   ^^^^^^^^^^^^^^^^^^^^^^^
  File "/home/airflow/.local/lib/python3.12/site-packages/airflow/operators/python.py", line 256, in execute_callable
    return runner.run(*self.op_args, **self.op_kwargs)
           ^^^^^^^^^^^^^^^^^^^^^^^^^^^^^^^^^^^^^^^^^^^
  File "/home/airflow/.local/lib/python3.12/site-packages/airflow/utils/operator_helpers.py", line 252, in run
    return self.func(*args, **kwargs)
           ^^^^^^^^^^^^^^^^^^^^^^^^^^
  File "/opt/airflow/dags/driven_data_pipeline.py", line 87, in save_raw_data
    add_id(file_path)
  File "/opt/airflow/dags/driven_data_pipeline.py", line 69, in add_id
    df = pl.read_csv(file_name)
         ^^^^^^^^^^^^^^^^^^^^^^
  File "/home/airflow/.local/lib/python3.12/site-packages/polars/_utils/deprecation.py", line 128, in wrapper
    return function(*args, **kwargs)
           ^^^^^^^^^^^^^^^^^^^^^^^^^
  File "/home/airflow/.local/lib/python3.12/site-packages/polars/_utils/deprecation.py", line 128, in wrapper
    return function(*args, **kwargs)
           ^^^^^^^^^^^^^^^^^^^^^^^^^
  File "/home/airflow/.local/lib/python3.12/site-packages/polars/_utils/deprecation.py", line 128, in wrapper
    return function(*args, **kwargs)
           ^^^^^^^^^^^^^^^^^^^^^^^^^
  File "/home/airflow/.local/lib/python3.12/site-packages/polars/io/csv/functions.py", line 549, in read_csv
    df = _read_csv_impl(
         ^^^^^^^^^^^^^^^
  File "/home/airflow/.local/lib/python3.12/site-packages/polars/io/csv/functions.py", line 697, in _read_csv_impl
    pydf = PyDataFrame.read_csv(
           ^^^^^^^^^^^^^^^^^^^^^
polars.exceptions.ComputeError: could not parse `1963-12-25` as dtype `i64` at column 'personal_number' (column number 4)

The current offset in the file is 1179 bytes.

You might want to try:
- increasing `infer_schema_length` (e.g. `infer_schema_length=10000`),
- specifying correct dtype with the `schema_overrides` argument
- setting `ignore_errors` to `True`,
- adding `1963-12-25` to the `null_values` list.

Original error: ```remaining bytes non-empty```
[2025-07-03T01:50:59.325+0000] {taskinstance.py:1225} INFO - Marking task as FAILED. dag_id=extract_raw_data_pipeline, task_id=extract_raw_data, run_id=scheduled__2025-07-02T07:58:00+00:00, execution_date=20250702T075800, start_date=20250703T015057, end_date=20250703T015059
[2025-07-03T01:50:59.381+0000] {taskinstance.py:340} INFO - ::group::Post task execution logs
[2025-07-03T01:50:59.384+0000] {standard_task_runner.py:124} ERROR - Failed to execute job 3 for task extract_raw_data (could not parse `1963-12-25` as dtype `i64` at column 'personal_number' (column number 4)

The current offset in the file is 1179 bytes.

You might want to try:
- increasing `infer_schema_length` (e.g. `infer_schema_length=10000`),
- specifying correct dtype with the `schema_overrides` argument
- setting `ignore_errors` to `True`,
- adding `1963-12-25` to the `null_values` list.

Original error: ```remaining bytes non-empty```; 153)
Traceback (most recent call last):
  File "/home/airflow/.local/lib/python3.12/site-packages/airflow/task/task_runner/standard_task_runner.py", line 117, in _start_by_fork
    ret = args.func(args, dag=self.dag)
          ^^^^^^^^^^^^^^^^^^^^^^^^^^^^^
  File "/home/airflow/.local/lib/python3.12/site-packages/airflow/cli/cli_config.py", line 49, in command
    return func(*args, **kwargs)
           ^^^^^^^^^^^^^^^^^^^^^
  File "/home/airflow/.local/lib/python3.12/site-packages/airflow/utils/cli.py", line 115, in wrapper
    return f(*args, **kwargs)
           ^^^^^^^^^^^^^^^^^^
  File "/home/airflow/.local/lib/python3.12/site-packages/airflow/cli/commands/task_command.py", line 483, in task_run
    task_return_code = _run_task_by_selected_method(args, _dag, ti)
                       ^^^^^^^^^^^^^^^^^^^^^^^^^^^^^^^^^^^^^^^^^^^^
  File "/home/airflow/.local/lib/python3.12/site-packages/airflow/cli/commands/task_command.py", line 256, in _run_task_by_selected_method
    return _run_raw_task(args, ti)
           ^^^^^^^^^^^^^^^^^^^^^^^
  File "/home/airflow/.local/lib/python3.12/site-packages/airflow/cli/commands/task_command.py", line 341, in _run_raw_task
    return ti._run_raw_task(
           ^^^^^^^^^^^^^^^^^
  File "/home/airflow/.local/lib/python3.12/site-packages/airflow/utils/session.py", line 97, in wrapper
    return func(*args, session=session, **kwargs)
           ^^^^^^^^^^^^^^^^^^^^^^^^^^^^^^^^^^^^^^
  File "/home/airflow/.local/lib/python3.12/site-packages/airflow/models/taskinstance.py", line 3004, in _run_raw_task
    return _run_raw_task(
           ^^^^^^^^^^^^^^
  File "/home/airflow/.local/lib/python3.12/site-packages/airflow/models/taskinstance.py", line 273, in _run_raw_task
    TaskInstance._execute_task_with_callbacks(
  File "/home/airflow/.local/lib/python3.12/site-packages/airflow/models/taskinstance.py", line 3158, in _execute_task_with_callbacks
    result = self._execute_task(context, task_orig)
             ^^^^^^^^^^^^^^^^^^^^^^^^^^^^^^^^^^^^^^
  File "/home/airflow/.local/lib/python3.12/site-packages/airflow/models/taskinstance.py", line 3182, in _execute_task
    return _execute_task(self, context, task_orig)
           ^^^^^^^^^^^^^^^^^^^^^^^^^^^^^^^^^^^^^^^
  File "/home/airflow/.local/lib/python3.12/site-packages/airflow/models/taskinstance.py", line 767, in _execute_task
    result = _execute_callable(context=context, **execute_callable_kwargs)
             ^^^^^^^^^^^^^^^^^^^^^^^^^^^^^^^^^^^^^^^^^^^^^^^^^^^^^^^^^^^^^
  File "/home/airflow/.local/lib/python3.12/site-packages/airflow/models/taskinstance.py", line 733, in _execute_callable
    return ExecutionCallableRunner(
           ^^^^^^^^^^^^^^^^^^^^^^^^
  File "/home/airflow/.local/lib/python3.12/site-packages/airflow/utils/operator_helpers.py", line 252, in run
    return self.func(*args, **kwargs)
           ^^^^^^^^^^^^^^^^^^^^^^^^^^
  File "/home/airflow/.local/lib/python3.12/site-packages/airflow/models/baseoperator.py", line 406, in wrapper
    return func(self, *args, **kwargs)
           ^^^^^^^^^^^^^^^^^^^^^^^^^^^
  File "/home/airflow/.local/lib/python3.12/site-packages/airflow/operators/python.py", line 238, in execute
    return_value = self.execute_callable()
                   ^^^^^^^^^^^^^^^^^^^^^^^
  File "/home/airflow/.local/lib/python3.12/site-packages/airflow/operators/python.py", line 256, in execute_callable
    return runner.run(*self.op_args, **self.op_kwargs)
           ^^^^^^^^^^^^^^^^^^^^^^^^^^^^^^^^^^^^^^^^^^^
  File "/home/airflow/.local/lib/python3.12/site-packages/airflow/utils/operator_helpers.py", line 252, in run
    return self.func(*args, **kwargs)
           ^^^^^^^^^^^^^^^^^^^^^^^^^^
  File "/opt/airflow/dags/driven_data_pipeline.py", line 87, in save_raw_data
    add_id(file_path)
  File "/opt/airflow/dags/driven_data_pipeline.py", line 69, in add_id
    df = pl.read_csv(file_name)
         ^^^^^^^^^^^^^^^^^^^^^^
  File "/home/airflow/.local/lib/python3.12/site-packages/polars/_utils/deprecation.py", line 128, in wrapper
    return function(*args, **kwargs)
           ^^^^^^^^^^^^^^^^^^^^^^^^^
  File "/home/airflow/.local/lib/python3.12/site-packages/polars/_utils/deprecation.py", line 128, in wrapper
    return function(*args, **kwargs)
           ^^^^^^^^^^^^^^^^^^^^^^^^^
  File "/home/airflow/.local/lib/python3.12/site-packages/polars/_utils/deprecation.py", line 128, in wrapper
    return function(*args, **kwargs)
           ^^^^^^^^^^^^^^^^^^^^^^^^^
  File "/home/airflow/.local/lib/python3.12/site-packages/polars/io/csv/functions.py", line 549, in read_csv
    df = _read_csv_impl(
         ^^^^^^^^^^^^^^^
  File "/home/airflow/.local/lib/python3.12/site-packages/polars/io/csv/functions.py", line 697, in _read_csv_impl
    pydf = PyDataFrame.read_csv(
           ^^^^^^^^^^^^^^^^^^^^^
polars.exceptions.ComputeError: could not parse `1963-12-25` as dtype `i64` at column 'personal_number' (column number 4)

The current offset in the file is 1179 bytes.

You might want to try:
- increasing `infer_schema_length` (e.g. `infer_schema_length=10000`),
- specifying correct dtype with the `schema_overrides` argument
- setting `ignore_errors` to `True`,
- adding `1963-12-25` to the `null_values` list.

Original error: ```remaining bytes non-empty```
[2025-07-03T01:50:59.464+0000] {local_task_job_runner.py:266} INFO - Task exited with return code 1
[2025-07-03T01:50:59.535+0000] {taskinstance.py:3900} INFO - 0 downstream tasks scheduled from follow-on schedule check
[2025-07-03T01:50:59.542+0000] {local_task_job_runner.py:245} INFO - ::endgroup::
[2025-07-03T04:06:51.366+0000] {local_task_job_runner.py:123} INFO - ::group::Pre task execution logs
[2025-07-03T04:06:51.472+0000] {taskinstance.py:2612} INFO - Dependencies all met for dep_context=non-requeueable deps ti=<TaskInstance: extract_raw_data_pipeline.extract_raw_data scheduled__2025-07-02T07:58:00+00:00 [queued]>
[2025-07-03T04:06:51.512+0000] {taskinstance.py:2612} INFO - Dependencies all met for dep_context=requeueable deps ti=<TaskInstance: extract_raw_data_pipeline.extract_raw_data scheduled__2025-07-02T07:58:00+00:00 [queued]>
[2025-07-03T04:06:51.514+0000] {taskinstance.py:2865} INFO - Starting attempt 1 of 1
[2025-07-03T04:06:51.570+0000] {taskinstance.py:2888} INFO - Executing <Task(PythonOperator): extract_raw_data> on 2025-07-02 07:58:00+00:00
[2025-07-03T04:06:51.603+0000] {standard_task_runner.py:104} INFO - Running: ['***', 'tasks', 'run', 'extract_raw_data_pipeline', 'extract_raw_data', 'scheduled__2025-07-02T07:58:00+00:00', '--job-id', '5', '--raw', '--subdir', 'DAGS_FOLDER/driven_data_pipeline.py', '--cfg-path', '/tmp/tmpoq9zmnf0']
[2025-07-03T04:06:51.598+0000] {warnings.py:112} WARNING - /home/***/.local/lib/python3.12/site-packages/***/task/task_runner/standard_task_runner.py:70: DeprecationWarning: This process (pid=153) is multi-threaded, use of fork() may lead to deadlocks in the child.
  pid = os.fork()

[2025-07-03T04:06:51.609+0000] {standard_task_runner.py:105} INFO - Job 5: Subtask extract_raw_data
[2025-07-03T04:06:51.613+0000] {standard_task_runner.py:72} INFO - Started process 171 to run task
[2025-07-03T04:06:51.809+0000] {task_command.py:467} INFO - Running <TaskInstance: extract_raw_data_pipeline.extract_raw_data scheduled__2025-07-02T07:58:00+00:00 [running]> on host d1f480c47f95
[2025-07-03T04:06:52.064+0000] {taskinstance.py:3131} INFO - Exporting env vars: AIRFLOW_CTX_DAG_OWNER='***' AIRFLOW_CTX_DAG_ID='extract_raw_data_pipeline' AIRFLOW_CTX_TASK_ID='extract_raw_data' AIRFLOW_CTX_EXECUTION_DATE='2025-07-02T07:58:00+00:00' AIRFLOW_CTX_TRY_NUMBER='1' AIRFLOW_CTX_DAG_RUN_ID='scheduled__2025-07-02T07:58:00+00:00'
[2025-07-03T04:06:52.068+0000] {taskinstance.py:731} INFO - ::endgroup::
[2025-07-03T04:06:52.121+0000] {driven_data_pipeline.py:28} INFO - Created synthetic data for MX country code.
[2025-07-03T04:06:52.307+0000] {driven_data_pipeline.py:66} INFO - Written 100 records to the CSV file.
[2025-07-03T04:06:52.378+0000] {driven_data_pipeline.py:73} INFO - Added UUID to the dataset.
[2025-07-03T04:06:52.429+0000] {driven_data_pipeline.py:82} INFO - Updated accessed timestamp.
[2025-07-03T04:06:52.430+0000] {python.py:240} INFO - Done. Returned value was: None
[2025-07-03T04:06:52.494+0000] {taskinstance.py:340} INFO - ::group::Post task execution logs
[2025-07-03T04:06:52.496+0000] {taskinstance.py:352} INFO - Marking task as SUCCESS. dag_id=extract_raw_data_pipeline, task_id=extract_raw_data, run_id=scheduled__2025-07-02T07:58:00+00:00, execution_date=20250702T075800, start_date=20250703T040651, end_date=20250703T040652
[2025-07-03T04:06:52.589+0000] {local_task_job_runner.py:266} INFO - Task exited with return code 0
[2025-07-03T04:06:52.661+0000] {taskinstance.py:3900} INFO - 1 downstream tasks scheduled from follow-on schedule check
[2025-07-03T04:06:52.664+0000] {local_task_job_runner.py:245} INFO - ::endgroup::
[2025-07-03T04:19:38.468+0000] {local_task_job_runner.py:123} INFO - ::group::Pre task execution logs
[2025-07-03T04:19:38.504+0000] {taskinstance.py:2612} INFO - Dependencies all met for dep_context=non-requeueable deps ti=<TaskInstance: extract_raw_data_pipeline.extract_raw_data scheduled__2025-07-02T07:58:00+00:00 [queued]>
[2025-07-03T04:19:38.519+0000] {taskinstance.py:2612} INFO - Dependencies all met for dep_context=requeueable deps ti=<TaskInstance: extract_raw_data_pipeline.extract_raw_data scheduled__2025-07-02T07:58:00+00:00 [queued]>
[2025-07-03T04:19:38.520+0000] {taskinstance.py:2865} INFO - Starting attempt 1 of 1
[2025-07-03T04:19:38.539+0000] {taskinstance.py:2888} INFO - Executing <Task(PythonOperator): extract_raw_data> on 2025-07-02 07:58:00+00:00
[2025-07-03T04:19:38.550+0000] {warnings.py:112} WARNING - /home/***/.local/lib/python3.12/site-packages/***/task/task_runner/standard_task_runner.py:70: DeprecationWarning: This process (pid=147) is multi-threaded, use of fork() may lead to deadlocks in the child.
  pid = os.fork()

[2025-07-03T04:19:38.552+0000] {standard_task_runner.py:104} INFO - Running: ['***', 'tasks', 'run', 'extract_raw_data_pipeline', 'extract_raw_data', 'scheduled__2025-07-02T07:58:00+00:00', '--job-id', '5', '--raw', '--subdir', 'DAGS_FOLDER/driven_data_pipeline.py', '--cfg-path', '/tmp/tmpgpc84i6s']
[2025-07-03T04:19:38.553+0000] {standard_task_runner.py:72} INFO - Started process 173 to run task
[2025-07-03T04:19:38.554+0000] {standard_task_runner.py:105} INFO - Job 5: Subtask extract_raw_data
[2025-07-03T04:19:38.625+0000] {task_command.py:467} INFO - Running <TaskInstance: extract_raw_data_pipeline.extract_raw_data scheduled__2025-07-02T07:58:00+00:00 [running]> on host 679dc5825cd9
[2025-07-03T04:19:38.730+0000] {taskinstance.py:3131} INFO - Exporting env vars: AIRFLOW_CTX_DAG_OWNER='***' AIRFLOW_CTX_DAG_ID='extract_raw_data_pipeline' AIRFLOW_CTX_TASK_ID='extract_raw_data' AIRFLOW_CTX_EXECUTION_DATE='2025-07-02T07:58:00+00:00' AIRFLOW_CTX_TRY_NUMBER='1' AIRFLOW_CTX_DAG_RUN_ID='scheduled__2025-07-02T07:58:00+00:00'
[2025-07-03T04:19:38.734+0000] {taskinstance.py:731} INFO - ::endgroup::
[2025-07-03T04:19:38.756+0000] {driven_data_pipeline.py:28} INFO - Created synthetic data for MX country code.
[2025-07-03T04:19:38.844+0000] {driven_data_pipeline.py:66} INFO - Written 100 records to the CSV file.
[2025-07-03T04:19:38.883+0000] {driven_data_pipeline.py:73} INFO - Added UUID to the dataset.
[2025-07-03T04:19:38.909+0000] {driven_data_pipeline.py:82} INFO - Updated accessed timestamp.
[2025-07-03T04:19:38.910+0000] {python.py:240} INFO - Done. Returned value was: None
[2025-07-03T04:19:38.925+0000] {taskinstance.py:340} INFO - ::group::Post task execution logs
[2025-07-03T04:19:38.926+0000] {taskinstance.py:352} INFO - Marking task as SUCCESS. dag_id=extract_raw_data_pipeline, task_id=extract_raw_data, run_id=scheduled__2025-07-02T07:58:00+00:00, execution_date=20250702T075800, start_date=20250703T041938, end_date=20250703T041938
[2025-07-03T04:19:38.981+0000] {local_task_job_runner.py:266} INFO - Task exited with return code 0
[2025-07-03T04:19:39.021+0000] {taskinstance.py:3900} INFO - 0 downstream tasks scheduled from follow-on schedule check
[2025-07-03T04:19:39.023+0000] {local_task_job_runner.py:245} INFO - ::endgroup::
[2025-07-03T04:52:27.986+0000] {local_task_job_runner.py:123} INFO - ::group::Pre task execution logs
[2025-07-03T04:52:28.025+0000] {taskinstance.py:2612} INFO - Dependencies all met for dep_context=non-requeueable deps ti=<TaskInstance: extract_raw_data_pipeline.extract_raw_data scheduled__2025-07-02T07:58:00+00:00 [queued]>
[2025-07-03T04:52:28.044+0000] {taskinstance.py:2612} INFO - Dependencies all met for dep_context=requeueable deps ti=<TaskInstance: extract_raw_data_pipeline.extract_raw_data scheduled__2025-07-02T07:58:00+00:00 [queued]>
[2025-07-03T04:52:28.045+0000] {taskinstance.py:2865} INFO - Starting attempt 1 of 1
[2025-07-03T04:52:28.081+0000] {taskinstance.py:2888} INFO - Executing <Task(PythonOperator): extract_raw_data> on 2025-07-02 07:58:00+00:00
[2025-07-03T04:52:28.104+0000] {warnings.py:112} WARNING - /home/***/.local/lib/python3.12/site-packages/***/task/task_runner/standard_task_runner.py:70: DeprecationWarning: This process (pid=117) is multi-threaded, use of fork() may lead to deadlocks in the child.
  pid = os.fork()

[2025-07-03T04:52:28.108+0000] {standard_task_runner.py:72} INFO - Started process 124 to run task
[2025-07-03T04:52:28.109+0000] {standard_task_runner.py:104} INFO - Running: ['***', 'tasks', 'run', 'extract_raw_data_pipeline', 'extract_raw_data', 'scheduled__2025-07-02T07:58:00+00:00', '--job-id', '4', '--raw', '--subdir', 'DAGS_FOLDER/driven_data_pipeline.py', '--cfg-path', '/tmp/tmpq4ts0eex']
[2025-07-03T04:52:28.112+0000] {standard_task_runner.py:105} INFO - Job 4: Subtask extract_raw_data
[2025-07-03T04:52:28.361+0000] {task_command.py:467} INFO - Running <TaskInstance: extract_raw_data_pipeline.extract_raw_data scheduled__2025-07-02T07:58:00+00:00 [running]> on host 62959f25eb14
[2025-07-03T04:52:28.550+0000] {taskinstance.py:3131} INFO - Exporting env vars: AIRFLOW_CTX_DAG_OWNER='***' AIRFLOW_CTX_DAG_ID='extract_raw_data_pipeline' AIRFLOW_CTX_TASK_ID='extract_raw_data' AIRFLOW_CTX_EXECUTION_DATE='2025-07-02T07:58:00+00:00' AIRFLOW_CTX_TRY_NUMBER='1' AIRFLOW_CTX_DAG_RUN_ID='scheduled__2025-07-02T07:58:00+00:00'
[2025-07-03T04:52:28.552+0000] {taskinstance.py:731} INFO - ::endgroup::
[2025-07-03T04:52:28.614+0000] {driven_data_pipeline.py:28} INFO - Created synthetic data for MX country code.
[2025-07-03T04:52:28.798+0000] {driven_data_pipeline.py:66} INFO - Written 100 records to the CSV file.
[2025-07-03T04:52:29.074+0000] {driven_data_pipeline.py:73} INFO - Added UUID to the dataset.
[2025-07-03T04:52:29.156+0000] {driven_data_pipeline.py:82} INFO - Updated accessed timestamp.
[2025-07-03T04:52:29.157+0000] {python.py:240} INFO - Done. Returned value was: None
[2025-07-03T04:52:29.189+0000] {taskinstance.py:340} INFO - ::group::Post task execution logs
[2025-07-03T04:52:29.191+0000] {taskinstance.py:352} INFO - Marking task as SUCCESS. dag_id=extract_raw_data_pipeline, task_id=extract_raw_data, run_id=scheduled__2025-07-02T07:58:00+00:00, execution_date=20250702T075800, start_date=20250703T045228, end_date=20250703T045229
[2025-07-03T04:52:29.300+0000] {local_task_job_runner.py:266} INFO - Task exited with return code 0
[2025-07-03T04:52:29.414+0000] {taskinstance.py:3900} INFO - 0 downstream tasks scheduled from follow-on schedule check
[2025-07-03T04:52:29.442+0000] {local_task_job_runner.py:245} INFO - ::endgroup::
[2025-07-03T04:56:58.004+0000] {local_task_job_runner.py:123} INFO - ::group::Pre task execution logs
[2025-07-03T04:56:58.057+0000] {taskinstance.py:2612} INFO - Dependencies all met for dep_context=non-requeueable deps ti=<TaskInstance: extract_raw_data_pipeline.extract_raw_data scheduled__2025-07-02T07:58:00+00:00 [queued]>
[2025-07-03T04:56:58.079+0000] {taskinstance.py:2612} INFO - Dependencies all met for dep_context=requeueable deps ti=<TaskInstance: extract_raw_data_pipeline.extract_raw_data scheduled__2025-07-02T07:58:00+00:00 [queued]>
[2025-07-03T04:56:58.094+0000] {taskinstance.py:2865} INFO - Starting attempt 1 of 1
[2025-07-03T04:56:58.126+0000] {taskinstance.py:2888} INFO - Executing <Task(PythonOperator): extract_raw_data> on 2025-07-02 07:58:00+00:00
[2025-07-03T04:56:58.149+0000] {warnings.py:112} WARNING - /home/***/.local/lib/python3.12/site-packages/***/task/task_runner/standard_task_runner.py:70: DeprecationWarning: This process (pid=117) is multi-threaded, use of fork() may lead to deadlocks in the child.
  pid = os.fork()

[2025-07-03T04:56:58.154+0000] {standard_task_runner.py:104} INFO - Running: ['***', 'tasks', 'run', 'extract_raw_data_pipeline', 'extract_raw_data', 'scheduled__2025-07-02T07:58:00+00:00', '--job-id', '3', '--raw', '--subdir', 'DAGS_FOLDER/driven_data_pipeline.py', '--cfg-path', '/tmp/tmpc5_w5855']
[2025-07-03T04:56:58.156+0000] {standard_task_runner.py:72} INFO - Started process 126 to run task
[2025-07-03T04:56:58.156+0000] {standard_task_runner.py:105} INFO - Job 3: Subtask extract_raw_data
[2025-07-03T04:56:58.403+0000] {task_command.py:467} INFO - Running <TaskInstance: extract_raw_data_pipeline.extract_raw_data scheduled__2025-07-02T07:58:00+00:00 [running]> on host 2487b648c76a
[2025-07-03T04:56:58.593+0000] {taskinstance.py:3131} INFO - Exporting env vars: AIRFLOW_CTX_DAG_OWNER='***' AIRFLOW_CTX_DAG_ID='extract_raw_data_pipeline' AIRFLOW_CTX_TASK_ID='extract_raw_data' AIRFLOW_CTX_EXECUTION_DATE='2025-07-02T07:58:00+00:00' AIRFLOW_CTX_TRY_NUMBER='1' AIRFLOW_CTX_DAG_RUN_ID='scheduled__2025-07-02T07:58:00+00:00'
[2025-07-03T04:56:58.596+0000] {taskinstance.py:731} INFO - ::endgroup::
[2025-07-03T04:56:58.651+0000] {driven_data_pipeline.py:28} INFO - Created synthetic data for MX country code.
[2025-07-03T04:56:58.792+0000] {driven_data_pipeline.py:66} INFO - Written 100 records to the CSV file.
[2025-07-03T04:56:58.898+0000] {driven_data_pipeline.py:73} INFO - Added UUID to the dataset.
[2025-07-03T04:56:58.927+0000] {driven_data_pipeline.py:82} INFO - Updated accessed timestamp.
[2025-07-03T04:56:58.929+0000] {python.py:240} INFO - Done. Returned value was: None
[2025-07-03T04:56:58.947+0000] {taskinstance.py:340} INFO - ::group::Post task execution logs
[2025-07-03T04:56:58.948+0000] {taskinstance.py:352} INFO - Marking task as SUCCESS. dag_id=extract_raw_data_pipeline, task_id=extract_raw_data, run_id=scheduled__2025-07-02T07:58:00+00:00, execution_date=20250702T075800, start_date=20250703T045658, end_date=20250703T045658
[2025-07-03T04:56:59.023+0000] {local_task_job_runner.py:266} INFO - Task exited with return code 0
[2025-07-03T04:56:59.057+0000] {taskinstance.py:3900} INFO - 1 downstream tasks scheduled from follow-on schedule check
[2025-07-03T04:56:59.059+0000] {local_task_job_runner.py:245} INFO - ::endgroup::
[2025-07-03T05:04:58.928+0000] {local_task_job_runner.py:123} INFO - ::group::Pre task execution logs
[2025-07-03T05:04:58.970+0000] {taskinstance.py:2612} INFO - Dependencies all met for dep_context=non-requeueable deps ti=<TaskInstance: extract_raw_data_pipeline.extract_raw_data scheduled__2025-07-02T07:58:00+00:00 [queued]>
[2025-07-03T05:04:58.984+0000] {taskinstance.py:2612} INFO - Dependencies all met for dep_context=requeueable deps ti=<TaskInstance: extract_raw_data_pipeline.extract_raw_data scheduled__2025-07-02T07:58:00+00:00 [queued]>
[2025-07-03T05:04:58.985+0000] {taskinstance.py:2865} INFO - Starting attempt 1 of 1
[2025-07-03T05:04:59.001+0000] {taskinstance.py:2888} INFO - Executing <Task(PythonOperator): extract_raw_data> on 2025-07-02 07:58:00+00:00
[2025-07-03T05:04:59.012+0000] {warnings.py:112} WARNING - /home/***/.local/lib/python3.12/site-packages/***/task/task_runner/standard_task_runner.py:70: DeprecationWarning: This process (pid=122) is multi-threaded, use of fork() may lead to deadlocks in the child.
  pid = os.fork()

[2025-07-03T05:04:59.014+0000] {standard_task_runner.py:104} INFO - Running: ['***', 'tasks', 'run', 'extract_raw_data_pipeline', 'extract_raw_data', 'scheduled__2025-07-02T07:58:00+00:00', '--job-id', '6', '--raw', '--subdir', 'DAGS_FOLDER/driven_data_pipeline.py', '--cfg-path', '/tmp/tmpar4e769e']
[2025-07-03T05:04:59.015+0000] {standard_task_runner.py:72} INFO - Started process 131 to run task
[2025-07-03T05:04:59.015+0000] {standard_task_runner.py:105} INFO - Job 6: Subtask extract_raw_data
[2025-07-03T05:04:59.088+0000] {task_command.py:467} INFO - Running <TaskInstance: extract_raw_data_pipeline.extract_raw_data scheduled__2025-07-02T07:58:00+00:00 [running]> on host 74cc1e0326f4
[2025-07-03T05:04:59.172+0000] {taskinstance.py:3131} INFO - Exporting env vars: AIRFLOW_CTX_DAG_OWNER='***' AIRFLOW_CTX_DAG_ID='extract_raw_data_pipeline' AIRFLOW_CTX_TASK_ID='extract_raw_data' AIRFLOW_CTX_EXECUTION_DATE='2025-07-02T07:58:00+00:00' AIRFLOW_CTX_TRY_NUMBER='1' AIRFLOW_CTX_DAG_RUN_ID='scheduled__2025-07-02T07:58:00+00:00'
[2025-07-03T05:04:59.173+0000] {taskinstance.py:731} INFO - ::endgroup::
[2025-07-03T05:04:59.193+0000] {driven_data_pipeline.py:28} INFO - Created synthetic data for MX country code.
[2025-07-03T05:04:59.283+0000] {driven_data_pipeline.py:66} INFO - Written 100 records to the CSV file.
[2025-07-03T05:04:59.370+0000] {driven_data_pipeline.py:73} INFO - Added UUID to the dataset.
[2025-07-03T05:04:59.400+0000] {driven_data_pipeline.py:82} INFO - Updated accessed timestamp.
[2025-07-03T05:04:59.401+0000] {python.py:240} INFO - Done. Returned value was: None
[2025-07-03T05:04:59.412+0000] {taskinstance.py:340} INFO - ::group::Post task execution logs
[2025-07-03T05:04:59.413+0000] {taskinstance.py:352} INFO - Marking task as SUCCESS. dag_id=extract_raw_data_pipeline, task_id=extract_raw_data, run_id=scheduled__2025-07-02T07:58:00+00:00, execution_date=20250702T075800, start_date=20250703T050458, end_date=20250703T050459
[2025-07-03T05:04:59.481+0000] {local_task_job_runner.py:266} INFO - Task exited with return code 0
[2025-07-03T05:04:59.508+0000] {taskinstance.py:3900} INFO - 1 downstream tasks scheduled from follow-on schedule check
[2025-07-03T05:04:59.510+0000] {local_task_job_runner.py:245} INFO - ::endgroup::
[2025-07-03T05:31:06.005+0000] {local_task_job_runner.py:123} INFO - ::group::Pre task execution logs
[2025-07-03T05:31:06.063+0000] {taskinstance.py:2612} INFO - Dependencies all met for dep_context=non-requeueable deps ti=<TaskInstance: extract_raw_data_pipeline.extract_raw_data scheduled__2025-07-02T07:58:00+00:00 [queued]>
[2025-07-03T05:31:06.085+0000] {taskinstance.py:2612} INFO - Dependencies all met for dep_context=requeueable deps ti=<TaskInstance: extract_raw_data_pipeline.extract_raw_data scheduled__2025-07-02T07:58:00+00:00 [queued]>
[2025-07-03T05:31:06.086+0000] {taskinstance.py:2865} INFO - Starting attempt 1 of 1
[2025-07-03T05:31:06.114+0000] {taskinstance.py:2888} INFO - Executing <Task(PythonOperator): extract_raw_data> on 2025-07-02 07:58:00+00:00
[2025-07-03T05:31:06.128+0000] {warnings.py:112} WARNING - /home/***/.local/lib/python3.12/site-packages/***/task/task_runner/standard_task_runner.py:70: DeprecationWarning: This process (pid=126) is multi-threaded, use of fork() may lead to deadlocks in the child.
  pid = os.fork()

[2025-07-03T05:31:06.132+0000] {standard_task_runner.py:72} INFO - Started process 161 to run task
[2025-07-03T05:31:06.132+0000] {standard_task_runner.py:104} INFO - Running: ['***', 'tasks', 'run', 'extract_raw_data_pipeline', 'extract_raw_data', 'scheduled__2025-07-02T07:58:00+00:00', '--job-id', '6', '--raw', '--subdir', 'DAGS_FOLDER/driven_data_pipeline.py', '--cfg-path', '/tmp/tmpowcqw1xj']
[2025-07-03T05:31:06.133+0000] {standard_task_runner.py:105} INFO - Job 6: Subtask extract_raw_data
[2025-07-03T05:31:06.250+0000] {task_command.py:467} INFO - Running <TaskInstance: extract_raw_data_pipeline.extract_raw_data scheduled__2025-07-02T07:58:00+00:00 [running]> on host a16ad527543b
[2025-07-03T05:31:06.383+0000] {taskinstance.py:3131} INFO - Exporting env vars: AIRFLOW_CTX_DAG_OWNER='***' AIRFLOW_CTX_DAG_ID='extract_raw_data_pipeline' AIRFLOW_CTX_TASK_ID='extract_raw_data' AIRFLOW_CTX_EXECUTION_DATE='2025-07-02T07:58:00+00:00' AIRFLOW_CTX_TRY_NUMBER='1' AIRFLOW_CTX_DAG_RUN_ID='scheduled__2025-07-02T07:58:00+00:00'
[2025-07-03T05:31:06.386+0000] {taskinstance.py:731} INFO - ::endgroup::
[2025-07-03T05:31:06.408+0000] {driven_data_pipeline.py:28} INFO - Created synthetic data for MX country code.
[2025-07-03T05:31:06.533+0000] {driven_data_pipeline.py:66} INFO - Written 100 records to the CSV file.
[2025-07-03T05:31:06.589+0000] {driven_data_pipeline.py:73} INFO - Added UUID to the dataset.
[2025-07-03T05:31:06.632+0000] {driven_data_pipeline.py:82} INFO - Updated accessed timestamp.
[2025-07-03T05:31:06.633+0000] {python.py:240} INFO - Done. Returned value was: None
[2025-07-03T05:31:06.658+0000] {taskinstance.py:340} INFO - ::group::Post task execution logs
[2025-07-03T05:31:06.659+0000] {taskinstance.py:352} INFO - Marking task as SUCCESS. dag_id=extract_raw_data_pipeline, task_id=extract_raw_data, run_id=scheduled__2025-07-02T07:58:00+00:00, execution_date=20250702T075800, start_date=20250703T053106, end_date=20250703T053106
[2025-07-03T05:31:06.728+0000] {local_task_job_runner.py:266} INFO - Task exited with return code 0
[2025-07-03T05:31:06.768+0000] {taskinstance.py:3900} INFO - 0 downstream tasks scheduled from follow-on schedule check
[2025-07-03T05:31:06.772+0000] {local_task_job_runner.py:245} INFO - ::endgroup::
[2025-07-03T05:48:40.864+0000] {local_task_job_runner.py:123} INFO - ::group::Pre task execution logs
[2025-07-03T05:48:40.899+0000] {taskinstance.py:2612} INFO - Dependencies all met for dep_context=non-requeueable deps ti=<TaskInstance: extract_raw_data_pipeline.extract_raw_data scheduled__2025-07-02T07:58:00+00:00 [queued]>
[2025-07-03T05:48:40.912+0000] {taskinstance.py:2612} INFO - Dependencies all met for dep_context=requeueable deps ti=<TaskInstance: extract_raw_data_pipeline.extract_raw_data scheduled__2025-07-02T07:58:00+00:00 [queued]>
[2025-07-03T05:48:40.912+0000] {taskinstance.py:2865} INFO - Starting attempt 1 of 1
[2025-07-03T05:48:40.939+0000] {taskinstance.py:2888} INFO - Executing <Task(PythonOperator): extract_raw_data> on 2025-07-02 07:58:00+00:00
[2025-07-03T05:48:40.958+0000] {warnings.py:112} WARNING - /home/***/.local/lib/python3.12/site-packages/***/task/task_runner/standard_task_runner.py:70: DeprecationWarning: This process (pid=131) is multi-threaded, use of fork() may lead to deadlocks in the child.
  pid = os.fork()

[2025-07-03T05:48:40.965+0000] {standard_task_runner.py:104} INFO - Running: ['***', 'tasks', 'run', 'extract_raw_data_pipeline', 'extract_raw_data', 'scheduled__2025-07-02T07:58:00+00:00', '--job-id', '4', '--raw', '--subdir', 'DAGS_FOLDER/driven_data_pipeline.py', '--cfg-path', '/tmp/tmp1ure49v3']
[2025-07-03T05:48:40.967+0000] {standard_task_runner.py:72} INFO - Started process 139 to run task
[2025-07-03T05:48:40.967+0000] {standard_task_runner.py:105} INFO - Job 4: Subtask extract_raw_data
[2025-07-03T05:48:41.219+0000] {task_command.py:467} INFO - Running <TaskInstance: extract_raw_data_pipeline.extract_raw_data scheduled__2025-07-02T07:58:00+00:00 [running]> on host 384b142d1c6e
[2025-07-03T05:48:41.389+0000] {taskinstance.py:3131} INFO - Exporting env vars: AIRFLOW_CTX_DAG_OWNER='***' AIRFLOW_CTX_DAG_ID='extract_raw_data_pipeline' AIRFLOW_CTX_TASK_ID='extract_raw_data' AIRFLOW_CTX_EXECUTION_DATE='2025-07-02T07:58:00+00:00' AIRFLOW_CTX_TRY_NUMBER='1' AIRFLOW_CTX_DAG_RUN_ID='scheduled__2025-07-02T07:58:00+00:00'
[2025-07-03T05:48:41.390+0000] {taskinstance.py:731} INFO - ::endgroup::
[2025-07-03T05:48:41.455+0000] {driven_data_pipeline.py:28} INFO - Created synthetic data for MX country code.
[2025-07-03T05:48:41.590+0000] {driven_data_pipeline.py:66} INFO - Written 100 records to the CSV file.
[2025-07-03T05:48:41.868+0000] {driven_data_pipeline.py:73} INFO - Added UUID to the dataset.
[2025-07-03T05:48:41.919+0000] {driven_data_pipeline.py:82} INFO - Updated accessed timestamp.
[2025-07-03T05:48:41.920+0000] {python.py:240} INFO - Done. Returned value was: None
[2025-07-03T05:48:41.944+0000] {taskinstance.py:340} INFO - ::group::Post task execution logs
[2025-07-03T05:48:41.945+0000] {taskinstance.py:352} INFO - Marking task as SUCCESS. dag_id=extract_raw_data_pipeline, task_id=extract_raw_data, run_id=scheduled__2025-07-02T07:58:00+00:00, execution_date=20250702T075800, start_date=20250703T054840, end_date=20250703T054841
[2025-07-03T05:48:41.999+0000] {local_task_job_runner.py:266} INFO - Task exited with return code 0
[2025-07-03T05:48:42.038+0000] {taskinstance.py:3900} INFO - 0 downstream tasks scheduled from follow-on schedule check
[2025-07-03T05:48:42.042+0000] {local_task_job_runner.py:245} INFO - ::endgroup::
