[2025-07-03T04:49:09.281+0000] {local_task_job_runner.py:123} INFO - ::group::Pre task execution logs
[2025-07-03T04:49:09.313+0000] {taskinstance.py:2612} INFO - Dependencies all met for dep_context=non-requeueable deps ti=<TaskInstance: extract_raw_data_pipeline.create_raw_table manual__2025-07-03T04:49:02.537325+00:00 [queued]>
[2025-07-03T04:49:09.327+0000] {taskinstance.py:2612} INFO - Dependencies all met for dep_context=requeueable deps ti=<TaskInstance: extract_raw_data_pipeline.create_raw_table manual__2025-07-03T04:49:02.537325+00:00 [queued]>
[2025-07-03T04:49:09.328+0000] {taskinstance.py:2865} INFO - Starting attempt 1 of 1
[2025-07-03T04:49:09.348+0000] {taskinstance.py:2888} INFO - Executing <Task(SQLExecuteQueryOperator): create_raw_table> on 2025-07-03 04:49:02.537325+00:00
[2025-07-03T04:49:09.361+0000] {warnings.py:112} WARNING - /home/***/.local/lib/python3.12/site-packages/***/task/task_runner/standard_task_runner.py:70: DeprecationWarning: This process (pid=514) is multi-threaded, use of fork() may lead to deadlocks in the child.
  pid = os.fork()

[2025-07-03T04:49:09.365+0000] {standard_task_runner.py:72} INFO - Started process 516 to run task
[2025-07-03T04:49:09.367+0000] {standard_task_runner.py:104} INFO - Running: ['***', 'tasks', 'run', 'extract_raw_data_pipeline', 'create_raw_table', 'manual__2025-07-03T04:49:02.537325+00:00', '--job-id', '22', '--raw', '--subdir', 'DAGS_FOLDER/driven_data_pipeline.py', '--cfg-path', '/tmp/tmpccdj2zc5']
[2025-07-03T04:49:09.369+0000] {standard_task_runner.py:105} INFO - Job 22: Subtask create_raw_table
[2025-07-03T04:49:09.460+0000] {task_command.py:467} INFO - Running <TaskInstance: extract_raw_data_pipeline.create_raw_table manual__2025-07-03T04:49:02.537325+00:00 [running]> on host d1f480c47f95
[2025-07-03T04:49:09.601+0000] {taskinstance.py:3131} INFO - Exporting env vars: AIRFLOW_CTX_DAG_OWNER='***' AIRFLOW_CTX_DAG_ID='extract_raw_data_pipeline' AIRFLOW_CTX_TASK_ID='create_raw_table' AIRFLOW_CTX_EXECUTION_DATE='2025-07-03T04:49:02.537325+00:00' AIRFLOW_CTX_TRY_NUMBER='1' AIRFLOW_CTX_DAG_RUN_ID='manual__2025-07-03T04:49:02.537325+00:00'
[2025-07-03T04:49:09.606+0000] {taskinstance.py:731} INFO - ::endgroup::
[2025-07-03T04:49:09.629+0000] {sql.py:266} INFO - Executing: 
    CREATE TABLE IF NOT EXISTS driven_raw.raw_batch_data (
        person_name VARCHAR(150),
        user_name VARCHAR(150),
        email VARCHAR(150),
        personal_number VARCHAR(150),
        birth_date VARCHAR(150),
        address VARCHAR(150),
        phone VARCHAR(150),
        mac_address VARCHAR(150),
        ip_address VARCHAR(150),
        iban VARCHAR(150),
        accessed_at TIMESTAMP,
        session_duration INT,
        download_speed INT,
        upload_speed INT,
        consumed_traffic INT,
        unique_id VARCHAR(150)
    );
    
[2025-07-03T04:49:09.650+0000] {base.py:84} INFO - Retrieving connection 'postgres_conn'
[2025-07-03T04:49:09.679+0000] {base.py:84} INFO - Retrieving connection 'postgres_conn'
[2025-07-03T04:49:09.688+0000] {sql.py:509} INFO - Running statement: 
    CREATE TABLE IF NOT EXISTS driven_raw.raw_batch_data (
        person_name VARCHAR(150),
        user_name VARCHAR(150),
        email VARCHAR(150),
        personal_number VARCHAR(150),
        birth_date VARCHAR(150),
        address VARCHAR(150),
        phone VARCHAR(150),
        mac_address VARCHAR(150),
        ip_address VARCHAR(150),
        iban VARCHAR(150),
        accessed_at TIMESTAMP,
        session_duration INT,
        download_speed INT,
        upload_speed INT,
        consumed_traffic INT,
        unique_id VARCHAR(150)
    );
    , parameters: None
[2025-07-03T04:49:09.735+0000] {taskinstance.py:340} INFO - ::group::Post task execution logs
[2025-07-03T04:49:09.739+0000] {taskinstance.py:352} INFO - Marking task as SUCCESS. dag_id=extract_raw_data_pipeline, task_id=create_raw_table, run_id=manual__2025-07-03T04:49:02.537325+00:00, execution_date=20250703T044902, start_date=20250703T044909, end_date=20250703T044909
[2025-07-03T04:49:09.785+0000] {local_task_job_runner.py:266} INFO - Task exited with return code 0
[2025-07-03T04:49:09.828+0000] {taskinstance.py:3900} INFO - 1 downstream tasks scheduled from follow-on schedule check
[2025-07-03T04:49:09.831+0000] {local_task_job_runner.py:245} INFO - ::endgroup::
