[2025-07-07T03:12:23.574+0000] {local_task_job_runner.py:123} INFO - ::group::Pre task execution logs
[2025-07-07T03:12:23.618+0000] {taskinstance.py:2612} INFO - Dependencies all met for dep_context=non-requeueable deps ti=<TaskInstance: extract_raw_data_pipeline.create_raw_schema scheduled__2025-07-06T07:58:00+00:00 [queued]>
[2025-07-07T03:12:23.635+0000] {taskinstance.py:2612} INFO - Dependencies all met for dep_context=requeueable deps ti=<TaskInstance: extract_raw_data_pipeline.create_raw_schema scheduled__2025-07-06T07:58:00+00:00 [queued]>
[2025-07-07T03:12:23.636+0000] {taskinstance.py:2865} INFO - Starting attempt 1 of 1
[2025-07-07T03:12:23.659+0000] {taskinstance.py:2888} INFO - Executing <Task(SQLExecuteQueryOperator): create_raw_schema> on 2025-07-06 07:58:00+00:00
[2025-07-07T03:12:23.673+0000] {warnings.py:112} WARNING - /home/***/.local/lib/python3.12/site-packages/***/task/task_runner/standard_task_runner.py:70: DeprecationWarning: This process (pid=94) is multi-threaded, use of fork() may lead to deadlocks in the child.
  pid = os.fork()

[2025-07-07T03:12:23.676+0000] {standard_task_runner.py:104} INFO - Running: ['***', 'tasks', 'run', 'extract_raw_data_pipeline', 'create_raw_schema', 'scheduled__2025-07-06T07:58:00+00:00', '--job-id', '17', '--raw', '--subdir', 'DAGS_FOLDER/driven_data_pipeline.py', '--cfg-path', '/tmp/tmp6_oi7fjs']
[2025-07-07T03:12:23.676+0000] {standard_task_runner.py:72} INFO - Started process 135 to run task
[2025-07-07T03:12:23.677+0000] {standard_task_runner.py:105} INFO - Job 17: Subtask create_raw_schema
[2025-07-07T03:12:23.760+0000] {task_command.py:467} INFO - Running <TaskInstance: extract_raw_data_pipeline.create_raw_schema scheduled__2025-07-06T07:58:00+00:00 [running]> on host 4da7585f6ac4
[2025-07-07T03:12:23.889+0000] {taskinstance.py:3131} INFO - Exporting env vars: AIRFLOW_CTX_DAG_OWNER='***' AIRFLOW_CTX_DAG_ID='extract_raw_data_pipeline' AIRFLOW_CTX_TASK_ID='create_raw_schema' AIRFLOW_CTX_EXECUTION_DATE='2025-07-06T07:58:00+00:00' AIRFLOW_CTX_TRY_NUMBER='1' AIRFLOW_CTX_DAG_RUN_ID='scheduled__2025-07-06T07:58:00+00:00'
[2025-07-07T03:12:23.891+0000] {taskinstance.py:731} INFO - ::endgroup::
[2025-07-07T03:12:23.914+0000] {sql.py:266} INFO - Executing: CREATE SCHEMA IF NOT EXISTS driven_raw;
[2025-07-07T03:12:23.930+0000] {base.py:84} INFO - Retrieving connection 'postgres_conn'
[2025-07-07T03:12:23.961+0000] {base.py:84} INFO - Retrieving connection 'postgres_conn'
[2025-07-07T03:12:23.969+0000] {sql.py:509} INFO - Running statement: CREATE SCHEMA IF NOT EXISTS driven_raw;, parameters: None
[2025-07-07T03:12:23.987+0000] {taskinstance.py:340} INFO - ::group::Post task execution logs
[2025-07-07T03:12:23.988+0000] {taskinstance.py:352} INFO - Marking task as SUCCESS. dag_id=extract_raw_data_pipeline, task_id=create_raw_schema, run_id=scheduled__2025-07-06T07:58:00+00:00, execution_date=20250706T075800, start_date=20250707T031223, end_date=20250707T031223
[2025-07-07T03:12:24.064+0000] {local_task_job_runner.py:266} INFO - Task exited with return code 0
[2025-07-07T03:12:24.100+0000] {taskinstance.py:3900} INFO - 0 downstream tasks scheduled from follow-on schedule check
[2025-07-07T03:12:24.105+0000] {local_task_job_runner.py:245} INFO - ::endgroup::
[2025-07-07T03:22:09.651+0000] {local_task_job_runner.py:123} INFO - ::group::Pre task execution logs
[2025-07-07T03:22:09.718+0000] {taskinstance.py:2612} INFO - Dependencies all met for dep_context=non-requeueable deps ti=<TaskInstance: extract_raw_data_pipeline.create_raw_schema scheduled__2025-07-06T07:58:00+00:00 [queued]>
[2025-07-07T03:22:09.742+0000] {taskinstance.py:2612} INFO - Dependencies all met for dep_context=requeueable deps ti=<TaskInstance: extract_raw_data_pipeline.create_raw_schema scheduled__2025-07-06T07:58:00+00:00 [queued]>
[2025-07-07T03:22:09.745+0000] {taskinstance.py:2865} INFO - Starting attempt 1 of 1
[2025-07-07T03:22:09.775+0000] {taskinstance.py:2888} INFO - Executing <Task(SQLExecuteQueryOperator): create_raw_schema> on 2025-07-06 07:58:00+00:00
[2025-07-07T03:22:09.803+0000] {standard_task_runner.py:104} INFO - Running: ['***', 'tasks', 'run', 'extract_raw_data_pipeline', 'create_raw_schema', 'scheduled__2025-07-06T07:58:00+00:00', '--job-id', '5', '--raw', '--subdir', 'DAGS_FOLDER/driven_data_pipeline.py', '--cfg-path', '/tmp/tmppw8b1da3']
[2025-07-07T03:22:09.798+0000] {warnings.py:112} WARNING - /home/***/.local/lib/python3.12/site-packages/***/task/task_runner/standard_task_runner.py:70: DeprecationWarning: This process (pid=125) is multi-threaded, use of fork() may lead to deadlocks in the child.
  pid = os.fork()

[2025-07-07T03:22:09.807+0000] {standard_task_runner.py:105} INFO - Job 5: Subtask create_raw_schema
[2025-07-07T03:22:09.807+0000] {standard_task_runner.py:72} INFO - Started process 135 to run task
[2025-07-07T03:22:09.951+0000] {task_command.py:467} INFO - Running <TaskInstance: extract_raw_data_pipeline.create_raw_schema scheduled__2025-07-06T07:58:00+00:00 [running]> on host 5a1687b5f252
[2025-07-07T03:22:10.298+0000] {taskinstance.py:3131} INFO - Exporting env vars: AIRFLOW_CTX_DAG_OWNER='***' AIRFLOW_CTX_DAG_ID='extract_raw_data_pipeline' AIRFLOW_CTX_TASK_ID='create_raw_schema' AIRFLOW_CTX_EXECUTION_DATE='2025-07-06T07:58:00+00:00' AIRFLOW_CTX_TRY_NUMBER='1' AIRFLOW_CTX_DAG_RUN_ID='scheduled__2025-07-06T07:58:00+00:00'
[2025-07-07T03:22:10.302+0000] {taskinstance.py:731} INFO - ::endgroup::
[2025-07-07T03:22:10.330+0000] {sql.py:266} INFO - Executing: CREATE SCHEMA IF NOT EXISTS driven_raw;
[2025-07-07T03:22:10.353+0000] {base.py:84} INFO - Retrieving connection 'postgres_conn'
[2025-07-07T03:22:10.401+0000] {base.py:84} INFO - Retrieving connection 'postgres_conn'
[2025-07-07T03:22:10.412+0000] {sql.py:509} INFO - Running statement: CREATE SCHEMA IF NOT EXISTS driven_raw;, parameters: None
[2025-07-07T03:22:10.437+0000] {taskinstance.py:340} INFO - ::group::Post task execution logs
[2025-07-07T03:22:10.440+0000] {taskinstance.py:352} INFO - Marking task as SUCCESS. dag_id=extract_raw_data_pipeline, task_id=create_raw_schema, run_id=scheduled__2025-07-06T07:58:00+00:00, execution_date=20250706T075800, start_date=20250707T032209, end_date=20250707T032210
[2025-07-07T03:22:10.524+0000] {local_task_job_runner.py:266} INFO - Task exited with return code 0
[2025-07-07T03:22:10.558+0000] {taskinstance.py:3900} INFO - 0 downstream tasks scheduled from follow-on schedule check
[2025-07-07T03:22:10.560+0000] {local_task_job_runner.py:245} INFO - ::endgroup::
