[2025-07-03T04:06:55.226+0000] {local_task_job_runner.py:123} INFO - ::group::Pre task execution logs
[2025-07-03T04:06:55.299+0000] {taskinstance.py:2612} INFO - Dependencies all met for dep_context=non-requeueable deps ti=<TaskInstance: extract_raw_data_pipeline.create_raw_table scheduled__2025-07-02T07:58:00+00:00 [queued]>
[2025-07-03T04:06:55.327+0000] {taskinstance.py:2612} INFO - Dependencies all met for dep_context=requeueable deps ti=<TaskInstance: extract_raw_data_pipeline.create_raw_table scheduled__2025-07-02T07:58:00+00:00 [queued]>
[2025-07-03T04:06:55.329+0000] {taskinstance.py:2865} INFO - Starting attempt 1 of 1
[2025-07-03T04:06:55.366+0000] {taskinstance.py:2888} INFO - Executing <Task(SQLExecuteQueryOperator): create_raw_table> on 2025-07-02 07:58:00+00:00
[2025-07-03T04:06:55.387+0000] {warnings.py:112} WARNING - /home/***/.local/lib/python3.12/site-packages/***/task/task_runner/standard_task_runner.py:70: DeprecationWarning: This process (pid=183) is multi-threaded, use of fork() may lead to deadlocks in the child.
  pid = os.fork()

[2025-07-03T04:06:55.392+0000] {standard_task_runner.py:72} INFO - Started process 195 to run task
[2025-07-03T04:06:55.391+0000] {standard_task_runner.py:104} INFO - Running: ['***', 'tasks', 'run', 'extract_raw_data_pipeline', 'create_raw_table', 'scheduled__2025-07-02T07:58:00+00:00', '--job-id', '8', '--raw', '--subdir', 'DAGS_FOLDER/driven_data_pipeline.py', '--cfg-path', '/tmp/tmp4_scxkq3']
[2025-07-03T04:06:55.394+0000] {standard_task_runner.py:105} INFO - Job 8: Subtask create_raw_table
[2025-07-03T04:06:55.587+0000] {task_command.py:467} INFO - Running <TaskInstance: extract_raw_data_pipeline.create_raw_table scheduled__2025-07-02T07:58:00+00:00 [running]> on host d1f480c47f95
[2025-07-03T04:06:55.832+0000] {taskinstance.py:3131} INFO - Exporting env vars: AIRFLOW_CTX_DAG_OWNER='***' AIRFLOW_CTX_DAG_ID='extract_raw_data_pipeline' AIRFLOW_CTX_TASK_ID='create_raw_table' AIRFLOW_CTX_EXECUTION_DATE='2025-07-02T07:58:00+00:00' AIRFLOW_CTX_TRY_NUMBER='1' AIRFLOW_CTX_DAG_RUN_ID='scheduled__2025-07-02T07:58:00+00:00'
[2025-07-03T04:06:55.843+0000] {taskinstance.py:731} INFO - ::endgroup::
[2025-07-03T04:06:55.878+0000] {sql.py:266} INFO - Executing: 
    CREATE TABLE IF NOT EXISTS driven_raw.raw_batch_data (
        person_name VARCHAR(150),
        user_name VARCHAR(150),
        email VARCHAR(150),
        personal_number VARCHAR(150),
        birth_date VARCHAR(150),
        address VARCHAR(150),
        phone VARCHAR(150),
        mac_address VARCHAR(150),
        ip_address VARCHAR(150),
        iban VARCHAR(150),
        accessed_at TIMESTAMP,
        session_duration INT,
        download_speed INT,
        upload_speed INT,
        consumed_traffic INT,
        unique_id VARCHAR(150)
    );
    
[2025-07-03T04:06:55.918+0000] {base.py:84} INFO - Retrieving connection 'postgres_conn'
[2025-07-03T04:06:55.978+0000] {base.py:84} INFO - Retrieving connection 'postgres_conn'
[2025-07-03T04:06:55.995+0000] {sql.py:509} INFO - Running statement: 
    CREATE TABLE IF NOT EXISTS driven_raw.raw_batch_data (
        person_name VARCHAR(150),
        user_name VARCHAR(150),
        email VARCHAR(150),
        personal_number VARCHAR(150),
        birth_date VARCHAR(150),
        address VARCHAR(150),
        phone VARCHAR(150),
        mac_address VARCHAR(150),
        ip_address VARCHAR(150),
        iban VARCHAR(150),
        accessed_at TIMESTAMP,
        session_duration INT,
        download_speed INT,
        upload_speed INT,
        consumed_traffic INT,
        unique_id VARCHAR(150)
    );
    , parameters: None
[2025-07-03T04:06:56.029+0000] {taskinstance.py:340} INFO - ::group::Post task execution logs
[2025-07-03T04:06:56.031+0000] {taskinstance.py:352} INFO - Marking task as SUCCESS. dag_id=extract_raw_data_pipeline, task_id=create_raw_table, run_id=scheduled__2025-07-02T07:58:00+00:00, execution_date=20250702T075800, start_date=20250703T040655, end_date=20250703T040656
[2025-07-03T04:06:56.102+0000] {local_task_job_runner.py:266} INFO - Task exited with return code 0
[2025-07-03T04:06:56.153+0000] {taskinstance.py:3900} INFO - 1 downstream tasks scheduled from follow-on schedule check
[2025-07-03T04:06:56.157+0000] {local_task_job_runner.py:245} INFO - ::endgroup::
[2025-07-03T04:55:20.073+0000] {local_task_job_runner.py:123} INFO - ::group::Pre task execution logs
[2025-07-03T04:55:20.114+0000] {taskinstance.py:2612} INFO - Dependencies all met for dep_context=non-requeueable deps ti=<TaskInstance: extract_raw_data_pipeline.create_raw_table scheduled__2025-07-02T07:58:00+00:00 [queued]>
[2025-07-03T04:55:20.131+0000] {taskinstance.py:2612} INFO - Dependencies all met for dep_context=requeueable deps ti=<TaskInstance: extract_raw_data_pipeline.create_raw_table scheduled__2025-07-02T07:58:00+00:00 [queued]>
[2025-07-03T04:55:20.132+0000] {taskinstance.py:2865} INFO - Starting attempt 1 of 1
[2025-07-03T04:55:20.157+0000] {taskinstance.py:2888} INFO - Executing <Task(SQLExecuteQueryOperator): create_raw_table> on 2025-07-02 07:58:00+00:00
[2025-07-03T04:55:20.182+0000] {standard_task_runner.py:104} INFO - Running: ['***', 'tasks', 'run', 'extract_raw_data_pipeline', 'create_raw_table', 'scheduled__2025-07-02T07:58:00+00:00', '--job-id', '8', '--raw', '--subdir', 'DAGS_FOLDER/driven_data_pipeline.py', '--cfg-path', '/tmp/tmp7jokmr32']
[2025-07-03T04:55:20.197+0000] {standard_task_runner.py:105} INFO - Job 8: Subtask create_raw_table
[2025-07-03T04:55:20.178+0000] {warnings.py:112} WARNING - /home/***/.local/lib/python3.12/site-packages/***/task/task_runner/standard_task_runner.py:70: DeprecationWarning: This process (pid=154) is multi-threaded, use of fork() may lead to deadlocks in the child.
  pid = os.fork()

[2025-07-03T04:55:20.209+0000] {standard_task_runner.py:72} INFO - Started process 157 to run task
[2025-07-03T04:55:20.373+0000] {task_command.py:467} INFO - Running <TaskInstance: extract_raw_data_pipeline.create_raw_table scheduled__2025-07-02T07:58:00+00:00 [running]> on host b5e71f0a4cd6
[2025-07-03T04:55:20.531+0000] {taskinstance.py:3131} INFO - Exporting env vars: AIRFLOW_CTX_DAG_OWNER='***' AIRFLOW_CTX_DAG_ID='extract_raw_data_pipeline' AIRFLOW_CTX_TASK_ID='create_raw_table' AIRFLOW_CTX_EXECUTION_DATE='2025-07-02T07:58:00+00:00' AIRFLOW_CTX_TRY_NUMBER='1' AIRFLOW_CTX_DAG_RUN_ID='scheduled__2025-07-02T07:58:00+00:00'
[2025-07-03T04:55:20.532+0000] {taskinstance.py:731} INFO - ::endgroup::
[2025-07-03T04:55:20.556+0000] {sql.py:266} INFO - Executing: 
    CREATE TABLE IF NOT EXISTS driven_raw.raw_batch_data (
        person_name VARCHAR(150),
        user_name VARCHAR(150),
        email VARCHAR(150),
        personal_number VARCHAR(150),
        birth_date VARCHAR(150),
        address VARCHAR(150),
        phone VARCHAR(150),
        mac_address VARCHAR(150),
        ip_address VARCHAR(150),
        iban VARCHAR(150),
        accessed_at TIMESTAMP,
        session_duration INT,
        download_speed INT,
        upload_speed INT,
        consumed_traffic INT,
        unique_id VARCHAR(150)
    );
    
[2025-07-03T04:55:20.574+0000] {base.py:84} INFO - Retrieving connection 'postgres_conn'
[2025-07-03T04:55:20.595+0000] {base.py:84} INFO - Retrieving connection 'postgres_conn'
[2025-07-03T04:55:20.606+0000] {sql.py:509} INFO - Running statement: 
    CREATE TABLE IF NOT EXISTS driven_raw.raw_batch_data (
        person_name VARCHAR(150),
        user_name VARCHAR(150),
        email VARCHAR(150),
        personal_number VARCHAR(150),
        birth_date VARCHAR(150),
        address VARCHAR(150),
        phone VARCHAR(150),
        mac_address VARCHAR(150),
        ip_address VARCHAR(150),
        iban VARCHAR(150),
        accessed_at TIMESTAMP,
        session_duration INT,
        download_speed INT,
        upload_speed INT,
        consumed_traffic INT,
        unique_id VARCHAR(150)
    );
    , parameters: None
[2025-07-03T04:55:20.629+0000] {taskinstance.py:340} INFO - ::group::Post task execution logs
[2025-07-03T04:55:20.630+0000] {taskinstance.py:352} INFO - Marking task as SUCCESS. dag_id=extract_raw_data_pipeline, task_id=create_raw_table, run_id=scheduled__2025-07-02T07:58:00+00:00, execution_date=20250702T075800, start_date=20250703T045520, end_date=20250703T045520
[2025-07-03T04:55:20.673+0000] {local_task_job_runner.py:266} INFO - Task exited with return code 0
[2025-07-03T04:55:20.718+0000] {taskinstance.py:3900} INFO - 1 downstream tasks scheduled from follow-on schedule check
[2025-07-03T04:55:20.723+0000] {local_task_job_runner.py:245} INFO - ::endgroup::
