[2025-07-03T05:49:21.465+0000] {local_task_job_runner.py:123} INFO - ::group::Pre task execution logs
[2025-07-03T05:49:21.493+0000] {taskinstance.py:2612} INFO - Dependencies all met for dep_context=non-requeueable deps ti=<TaskInstance: extract_raw_data_pipeline.run_dbt_staging manual__2025-07-03T05:49:14.855032+00:00 [queued]>
[2025-07-03T05:49:21.502+0000] {taskinstance.py:2612} INFO - Dependencies all met for dep_context=requeueable deps ti=<TaskInstance: extract_raw_data_pipeline.run_dbt_staging manual__2025-07-03T05:49:14.855032+00:00 [queued]>
[2025-07-03T05:49:21.503+0000] {taskinstance.py:2865} INFO - Starting attempt 1 of 1
[2025-07-03T05:49:21.516+0000] {taskinstance.py:2888} INFO - Executing <Task(BashOperator): run_dbt_staging> on 2025-07-03 05:49:14.855032+00:00
[2025-07-03T05:49:21.526+0000] {warnings.py:112} WARNING - /home/***/.local/lib/python3.12/site-packages/***/task/task_runner/standard_task_runner.py:70: DeprecationWarning: This process (pid=305) is multi-threaded, use of fork() may lead to deadlocks in the child.
  pid = os.fork()

[2025-07-03T05:49:21.529+0000] {standard_task_runner.py:72} INFO - Started process 307 to run task
[2025-07-03T05:49:21.528+0000] {standard_task_runner.py:104} INFO - Running: ['***', 'tasks', 'run', 'extract_raw_data_pipeline', 'run_dbt_staging', 'manual__2025-07-03T05:49:14.855032+00:00', '--job-id', '18', '--raw', '--subdir', 'DAGS_FOLDER/driven_data_pipeline.py', '--cfg-path', '/tmp/tmppuln4fto']
[2025-07-03T05:49:21.529+0000] {standard_task_runner.py:105} INFO - Job 18: Subtask run_dbt_staging
[2025-07-03T05:49:21.589+0000] {task_command.py:467} INFO - Running <TaskInstance: extract_raw_data_pipeline.run_dbt_staging manual__2025-07-03T05:49:14.855032+00:00 [running]> on host 384b142d1c6e
[2025-07-03T05:49:21.668+0000] {taskinstance.py:3131} INFO - Exporting env vars: AIRFLOW_CTX_DAG_OWNER='***' AIRFLOW_CTX_DAG_ID='extract_raw_data_pipeline' AIRFLOW_CTX_TASK_ID='run_dbt_staging' AIRFLOW_CTX_EXECUTION_DATE='2025-07-03T05:49:14.855032+00:00' AIRFLOW_CTX_TRY_NUMBER='1' AIRFLOW_CTX_DAG_RUN_ID='manual__2025-07-03T05:49:14.855032+00:00'
[2025-07-03T05:49:21.669+0000] {taskinstance.py:731} INFO - ::endgroup::
[2025-07-03T05:49:21.681+0000] {subprocess.py:63} INFO - Tmp dir root location: /tmp
[2025-07-03T05:49:21.683+0000] {subprocess.py:75} INFO - Running command: ['/usr/bin/bash', '-c', 'cd /opt/***/dbt && dbt run --select tag:staging']
[2025-07-03T05:49:21.698+0000] {subprocess.py:86} INFO - Output:
[2025-07-03T05:49:23.732+0000] {subprocess.py:93} INFO - [0m05:49:23  Running with dbt=1.10.3
[2025-07-03T05:49:23.997+0000] {subprocess.py:93} INFO - [0m05:49:23  Registered adapter: postgres=1.9.0
[2025-07-03T05:49:24.429+0000] {subprocess.py:93} INFO - [0m05:49:24  Found 9 models, 11 sources, 433 macros
[2025-07-03T05:49:24.432+0000] {subprocess.py:93} INFO - [0m05:49:24
[2025-07-03T05:49:24.432+0000] {subprocess.py:93} INFO - [0m05:49:24  Concurrency: 1 threads (target='dev')
[2025-07-03T05:49:24.433+0000] {subprocess.py:93} INFO - [0m05:49:24
[2025-07-03T05:49:24.568+0000] {subprocess.py:93} INFO - [0m05:49:24  1 of 5 START sql table model driven_staging.dim_address ........................ [RUN]
[2025-07-03T05:49:24.700+0000] {subprocess.py:93} INFO - [0m05:49:24  1 of 5 OK created sql table model driven_staging.dim_address ................... [[32mSELECT 300[0m in 0.13s]
[2025-07-03T05:49:24.702+0000] {subprocess.py:93} INFO - [0m05:49:24  2 of 5 START sql table model driven_staging.dim_date ........................... [RUN]
[2025-07-03T05:49:24.759+0000] {subprocess.py:93} INFO - [0m05:49:24  2 of 5 OK created sql table model driven_staging.dim_date ...................... [[32mSELECT 300[0m in 0.06s]
[2025-07-03T05:49:24.762+0000] {subprocess.py:93} INFO - [0m05:49:24  3 of 5 START sql table model driven_staging.dim_finance ........................ [RUN]
[2025-07-03T05:49:24.818+0000] {subprocess.py:93} INFO - [0m05:49:24  3 of 5 OK created sql table model driven_staging.dim_finance ................... [[32mSELECT 300[0m in 0.05s]
[2025-07-03T05:49:24.820+0000] {subprocess.py:93} INFO - [0m05:49:24  4 of 5 START sql table model driven_staging.dim_person ......................... [RUN]
[2025-07-03T05:49:24.891+0000] {subprocess.py:93} INFO - [0m05:49:24  4 of 5 OK created sql table model driven_staging.dim_person .................... [[32mSELECT 300[0m in 0.07s]
[2025-07-03T05:49:24.894+0000] {subprocess.py:93} INFO - [0m05:49:24  5 of 5 START sql table model driven_staging.fact_network_usage ................. [RUN]
[2025-07-03T05:49:24.974+0000] {subprocess.py:93} INFO - [0m05:49:24  5 of 5 OK created sql table model driven_staging.fact_network_usage ............ [[32mSELECT 300[0m in 0.08s]
[2025-07-03T05:49:24.997+0000] {subprocess.py:93} INFO - [0m05:49:24
[2025-07-03T05:49:24.998+0000] {subprocess.py:93} INFO - [0m05:49:24  Finished running 5 table models in 0 hours 0 minutes and 0.56 seconds (0.56s).
[2025-07-03T05:49:25.058+0000] {subprocess.py:93} INFO - [0m05:49:25
[2025-07-03T05:49:25.058+0000] {subprocess.py:93} INFO - [0m05:49:25  [32mCompleted successfully[0m
[2025-07-03T05:49:25.059+0000] {subprocess.py:93} INFO - [0m05:49:25
[2025-07-03T05:49:25.059+0000] {subprocess.py:93} INFO - [0m05:49:25  Done. PASS=5 WARN=0 ERROR=0 SKIP=0 NO-OP=0 TOTAL=5
[2025-07-03T05:49:25.966+0000] {subprocess.py:97} INFO - Command exited with return code 0
[2025-07-03T05:49:25.994+0000] {taskinstance.py:340} INFO - ::group::Post task execution logs
[2025-07-03T05:49:25.994+0000] {taskinstance.py:352} INFO - Marking task as SUCCESS. dag_id=extract_raw_data_pipeline, task_id=run_dbt_staging, run_id=manual__2025-07-03T05:49:14.855032+00:00, execution_date=20250703T054914, start_date=20250703T054921, end_date=20250703T054925
[2025-07-03T05:49:26.039+0000] {local_task_job_runner.py:266} INFO - Task exited with return code 0
[2025-07-03T05:49:26.059+0000] {taskinstance.py:3900} INFO - 1 downstream tasks scheduled from follow-on schedule check
[2025-07-03T05:49:26.061+0000] {local_task_job_runner.py:245} INFO - ::endgroup::
