[2025-07-03T04:07:00.042+0000] {local_task_job_runner.py:123} INFO - ::group::Pre task execution logs
[2025-07-03T04:07:00.083+0000] {taskinstance.py:2612} INFO - Dependencies all met for dep_context=non-requeueable deps ti=<TaskInstance: extract_raw_data_pipeline.load_raw_data scheduled__2025-07-02T07:58:00+00:00 [queued]>
[2025-07-03T04:07:00.099+0000] {taskinstance.py:2612} INFO - Dependencies all met for dep_context=requeueable deps ti=<TaskInstance: extract_raw_data_pipeline.load_raw_data scheduled__2025-07-02T07:58:00+00:00 [queued]>
[2025-07-03T04:07:00.100+0000] {taskinstance.py:2865} INFO - Starting attempt 1 of 1
[2025-07-03T04:07:00.127+0000] {taskinstance.py:2888} INFO - Executing <Task(SQLExecuteQueryOperator): load_raw_data> on 2025-07-02 07:58:00+00:00
[2025-07-03T04:07:00.147+0000] {warnings.py:112} WARNING - /home/***/.local/lib/python3.12/site-packages/***/task/task_runner/standard_task_runner.py:70: DeprecationWarning: This process (pid=199) is multi-threaded, use of fork() may lead to deadlocks in the child.
  pid = os.fork()

[2025-07-03T04:07:00.154+0000] {standard_task_runner.py:104} INFO - Running: ['***', 'tasks', 'run', 'extract_raw_data_pipeline', 'load_raw_data', 'scheduled__2025-07-02T07:58:00+00:00', '--job-id', '10', '--raw', '--subdir', 'DAGS_FOLDER/driven_data_pipeline.py', '--cfg-path', '/tmp/tmpjvrja4rp']
[2025-07-03T04:07:00.162+0000] {standard_task_runner.py:72} INFO - Started process 202 to run task
[2025-07-03T04:07:00.162+0000] {standard_task_runner.py:105} INFO - Job 10: Subtask load_raw_data
[2025-07-03T04:07:00.341+0000] {task_command.py:467} INFO - Running <TaskInstance: extract_raw_data_pipeline.load_raw_data scheduled__2025-07-02T07:58:00+00:00 [running]> on host d1f480c47f95
[2025-07-03T04:07:00.559+0000] {taskinstance.py:3131} INFO - Exporting env vars: AIRFLOW_CTX_DAG_OWNER='***' AIRFLOW_CTX_DAG_ID='extract_raw_data_pipeline' AIRFLOW_CTX_TASK_ID='load_raw_data' AIRFLOW_CTX_EXECUTION_DATE='2025-07-02T07:58:00+00:00' AIRFLOW_CTX_TRY_NUMBER='1' AIRFLOW_CTX_DAG_RUN_ID='scheduled__2025-07-02T07:58:00+00:00'
[2025-07-03T04:07:00.563+0000] {taskinstance.py:731} INFO - ::endgroup::
[2025-07-03T04:07:00.591+0000] {sql.py:266} INFO - Executing: 
    COPY driven_raw.raw_batch_data(
        person_name, user_name, email, personal_number, birth_date,
        address, phone, mac_address, ip_address, iban, accessed_at,
        session_duration, download_speed, upload_speed, consumed_traffic,
        unique_id
    )
    FROM '/opt/data/raw_data.csv'
    DELIMITER ','
    CSV HEADER;
    
[2025-07-03T04:07:00.614+0000] {base.py:84} INFO - Retrieving connection 'postgres_conn'
[2025-07-03T04:07:00.633+0000] {base.py:84} INFO - Retrieving connection 'postgres_conn'
[2025-07-03T04:07:00.646+0000] {sql.py:509} INFO - Running statement: 
    COPY driven_raw.raw_batch_data(
        person_name, user_name, email, personal_number, birth_date,
        address, phone, mac_address, ip_address, iban, accessed_at,
        session_duration, download_speed, upload_speed, consumed_traffic,
        unique_id
    )
    FROM '/opt/data/raw_data.csv'
    DELIMITER ','
    CSV HEADER;
    , parameters: None
[2025-07-03T04:07:00.666+0000] {sql.py:518} INFO - Rows affected: 100
[2025-07-03T04:07:00.698+0000] {taskinstance.py:340} INFO - ::group::Post task execution logs
[2025-07-03T04:07:00.699+0000] {taskinstance.py:352} INFO - Marking task as SUCCESS. dag_id=extract_raw_data_pipeline, task_id=load_raw_data, run_id=scheduled__2025-07-02T07:58:00+00:00, execution_date=20250702T075800, start_date=20250703T040700, end_date=20250703T040700
[2025-07-03T04:07:00.751+0000] {local_task_job_runner.py:266} INFO - Task exited with return code 0
[2025-07-03T04:07:00.795+0000] {taskinstance.py:3900} INFO - 1 downstream tasks scheduled from follow-on schedule check
[2025-07-03T04:07:00.800+0000] {local_task_job_runner.py:245} INFO - ::endgroup::
[2025-07-03T04:19:41.285+0000] {local_task_job_runner.py:123} INFO - ::group::Pre task execution logs
[2025-07-03T04:19:41.304+0000] {taskinstance.py:2612} INFO - Dependencies all met for dep_context=non-requeueable deps ti=<TaskInstance: extract_raw_data_pipeline.load_raw_data scheduled__2025-07-02T07:58:00+00:00 [queued]>
[2025-07-03T04:19:41.312+0000] {taskinstance.py:2612} INFO - Dependencies all met for dep_context=requeueable deps ti=<TaskInstance: extract_raw_data_pipeline.load_raw_data scheduled__2025-07-02T07:58:00+00:00 [queued]>
[2025-07-03T04:19:41.312+0000] {taskinstance.py:2865} INFO - Starting attempt 1 of 1
[2025-07-03T04:19:41.325+0000] {taskinstance.py:2888} INFO - Executing <Task(SQLExecuteQueryOperator): load_raw_data> on 2025-07-02 07:58:00+00:00
[2025-07-03T04:19:41.335+0000] {warnings.py:112} WARNING - /home/***/.local/lib/python3.12/site-packages/***/task/task_runner/standard_task_runner.py:70: DeprecationWarning: This process (pid=202) is multi-threaded, use of fork() may lead to deadlocks in the child.
  pid = os.fork()

[2025-07-03T04:19:41.339+0000] {standard_task_runner.py:72} INFO - Started process 205 to run task
[2025-07-03T04:19:41.339+0000] {standard_task_runner.py:104} INFO - Running: ['***', 'tasks', 'run', 'extract_raw_data_pipeline', 'load_raw_data', 'scheduled__2025-07-02T07:58:00+00:00', '--job-id', '9', '--raw', '--subdir', 'DAGS_FOLDER/driven_data_pipeline.py', '--cfg-path', '/tmp/tmp3do1iuzv']
[2025-07-03T04:19:41.340+0000] {standard_task_runner.py:105} INFO - Job 9: Subtask load_raw_data
[2025-07-03T04:19:41.409+0000] {task_command.py:467} INFO - Running <TaskInstance: extract_raw_data_pipeline.load_raw_data scheduled__2025-07-02T07:58:00+00:00 [running]> on host 679dc5825cd9
[2025-07-03T04:19:41.489+0000] {taskinstance.py:3131} INFO - Exporting env vars: AIRFLOW_CTX_DAG_OWNER='***' AIRFLOW_CTX_DAG_ID='extract_raw_data_pipeline' AIRFLOW_CTX_TASK_ID='load_raw_data' AIRFLOW_CTX_EXECUTION_DATE='2025-07-02T07:58:00+00:00' AIRFLOW_CTX_TRY_NUMBER='1' AIRFLOW_CTX_DAG_RUN_ID='scheduled__2025-07-02T07:58:00+00:00'
[2025-07-03T04:19:41.491+0000] {taskinstance.py:731} INFO - ::endgroup::
[2025-07-03T04:19:41.503+0000] {sql.py:266} INFO - Executing: 
    COPY driven_raw.raw_batch_data(
        person_name, user_name, email, personal_number, birth_date,
        address, phone, mac_address, ip_address, iban, accessed_at,
        session_duration, download_speed, upload_speed, consumed_traffic,
        unique_id
    )
    FROM '/opt/data/raw_data.csv'
    DELIMITER ','
    CSV HEADER;
    
[2025-07-03T04:19:41.513+0000] {base.py:84} INFO - Retrieving connection 'postgres_conn'
[2025-07-03T04:19:41.525+0000] {base.py:84} INFO - Retrieving connection 'postgres_conn'
[2025-07-03T04:19:41.531+0000] {sql.py:509} INFO - Running statement: 
    COPY driven_raw.raw_batch_data(
        person_name, user_name, email, personal_number, birth_date,
        address, phone, mac_address, ip_address, iban, accessed_at,
        session_duration, download_speed, upload_speed, consumed_traffic,
        unique_id
    )
    FROM '/opt/data/raw_data.csv'
    DELIMITER ','
    CSV HEADER;
    , parameters: None
[2025-07-03T04:19:41.537+0000] {sql.py:518} INFO - Rows affected: 100
[2025-07-03T04:19:41.552+0000] {taskinstance.py:340} INFO - ::group::Post task execution logs
[2025-07-03T04:19:41.553+0000] {taskinstance.py:352} INFO - Marking task as SUCCESS. dag_id=extract_raw_data_pipeline, task_id=load_raw_data, run_id=scheduled__2025-07-02T07:58:00+00:00, execution_date=20250702T075800, start_date=20250703T041941, end_date=20250703T041941
[2025-07-03T04:19:41.595+0000] {local_task_job_runner.py:266} INFO - Task exited with return code 0
[2025-07-03T04:19:41.622+0000] {taskinstance.py:3900} INFO - 1 downstream tasks scheduled from follow-on schedule check
[2025-07-03T04:19:41.625+0000] {local_task_job_runner.py:245} INFO - ::endgroup::
[2025-07-03T04:52:35.076+0000] {local_task_job_runner.py:123} INFO - ::group::Pre task execution logs
[2025-07-03T04:52:35.099+0000] {taskinstance.py:2612} INFO - Dependencies all met for dep_context=non-requeueable deps ti=<TaskInstance: extract_raw_data_pipeline.load_raw_data scheduled__2025-07-02T07:58:00+00:00 [queued]>
[2025-07-03T04:52:35.109+0000] {taskinstance.py:2612} INFO - Dependencies all met for dep_context=requeueable deps ti=<TaskInstance: extract_raw_data_pipeline.load_raw_data scheduled__2025-07-02T07:58:00+00:00 [queued]>
[2025-07-03T04:52:35.111+0000] {taskinstance.py:2865} INFO - Starting attempt 1 of 1
[2025-07-03T04:52:35.127+0000] {taskinstance.py:2888} INFO - Executing <Task(SQLExecuteQueryOperator): load_raw_data> on 2025-07-02 07:58:00+00:00
[2025-07-03T04:52:35.139+0000] {warnings.py:112} WARNING - /home/***/.local/lib/python3.12/site-packages/***/task/task_runner/standard_task_runner.py:70: DeprecationWarning: This process (pid=179) is multi-threaded, use of fork() may lead to deadlocks in the child.
  pid = os.fork()

[2025-07-03T04:52:35.141+0000] {standard_task_runner.py:72} INFO - Started process 181 to run task
[2025-07-03T04:52:35.142+0000] {standard_task_runner.py:104} INFO - Running: ['***', 'tasks', 'run', 'extract_raw_data_pipeline', 'load_raw_data', 'scheduled__2025-07-02T07:58:00+00:00', '--job-id', '9', '--raw', '--subdir', 'DAGS_FOLDER/driven_data_pipeline.py', '--cfg-path', '/tmp/tmpt0429jty']
[2025-07-03T04:52:35.143+0000] {standard_task_runner.py:105} INFO - Job 9: Subtask load_raw_data
[2025-07-03T04:52:35.230+0000] {task_command.py:467} INFO - Running <TaskInstance: extract_raw_data_pipeline.load_raw_data scheduled__2025-07-02T07:58:00+00:00 [running]> on host 62959f25eb14
[2025-07-03T04:52:35.332+0000] {taskinstance.py:3131} INFO - Exporting env vars: AIRFLOW_CTX_DAG_OWNER='***' AIRFLOW_CTX_DAG_ID='extract_raw_data_pipeline' AIRFLOW_CTX_TASK_ID='load_raw_data' AIRFLOW_CTX_EXECUTION_DATE='2025-07-02T07:58:00+00:00' AIRFLOW_CTX_TRY_NUMBER='1' AIRFLOW_CTX_DAG_RUN_ID='scheduled__2025-07-02T07:58:00+00:00'
[2025-07-03T04:52:35.338+0000] {taskinstance.py:731} INFO - ::endgroup::
[2025-07-03T04:52:35.359+0000] {sql.py:266} INFO - Executing: 
    COPY driven_raw.raw_batch_data(
        person_name, user_name, email, personal_number, birth_date,
        address, phone, mac_address, ip_address, iban, accessed_at,
        session_duration, download_speed, upload_speed, consumed_traffic,
        unique_id
    )
    FROM '/opt/data/raw_data.csv'
    DELIMITER ','
    CSV HEADER;
    
[2025-07-03T04:52:35.374+0000] {base.py:84} INFO - Retrieving connection 'postgres_conn'
[2025-07-03T04:52:35.389+0000] {base.py:84} INFO - Retrieving connection 'postgres_conn'
[2025-07-03T04:52:35.398+0000] {sql.py:509} INFO - Running statement: 
    COPY driven_raw.raw_batch_data(
        person_name, user_name, email, personal_number, birth_date,
        address, phone, mac_address, ip_address, iban, accessed_at,
        session_duration, download_speed, upload_speed, consumed_traffic,
        unique_id
    )
    FROM '/opt/data/raw_data.csv'
    DELIMITER ','
    CSV HEADER;
    , parameters: None
[2025-07-03T04:52:35.404+0000] {taskinstance.py:3310} ERROR - Task failed with exception
Traceback (most recent call last):
  File "/home/airflow/.local/lib/python3.12/site-packages/airflow/models/taskinstance.py", line 767, in _execute_task
    result = _execute_callable(context=context, **execute_callable_kwargs)
             ^^^^^^^^^^^^^^^^^^^^^^^^^^^^^^^^^^^^^^^^^^^^^^^^^^^^^^^^^^^^^
  File "/home/airflow/.local/lib/python3.12/site-packages/airflow/models/taskinstance.py", line 733, in _execute_callable
    return ExecutionCallableRunner(
           ^^^^^^^^^^^^^^^^^^^^^^^^
  File "/home/airflow/.local/lib/python3.12/site-packages/airflow/utils/operator_helpers.py", line 252, in run
    return self.func(*args, **kwargs)
           ^^^^^^^^^^^^^^^^^^^^^^^^^^
  File "/home/airflow/.local/lib/python3.12/site-packages/airflow/models/baseoperator.py", line 406, in wrapper
    return func(self, *args, **kwargs)
           ^^^^^^^^^^^^^^^^^^^^^^^^^^^
  File "/home/airflow/.local/lib/python3.12/site-packages/airflow/providers/common/sql/operators/sql.py", line 272, in execute
    output = hook.run(
             ^^^^^^^^^
  File "/home/airflow/.local/lib/python3.12/site-packages/airflow/providers/common/sql/hooks/sql.py", line 456, in run
    self._run_command(cur, sql_statement, parameters)
  File "/home/airflow/.local/lib/python3.12/site-packages/airflow/providers/common/sql/hooks/sql.py", line 514, in _run_command
    cur.execute(sql_statement)
psycopg2.errors.UndefinedFile: could not open file "/opt/data/raw_data.csv" for reading: No such file or directory
HINT:  COPY FROM instructs the PostgreSQL server process to read a file. You may want a client-side facility such as psql's \copy.

[2025-07-03T04:52:35.420+0000] {taskinstance.py:1225} INFO - Marking task as FAILED. dag_id=extract_raw_data_pipeline, task_id=load_raw_data, run_id=scheduled__2025-07-02T07:58:00+00:00, execution_date=20250702T075800, start_date=20250703T045235, end_date=20250703T045235
[2025-07-03T04:52:35.441+0000] {taskinstance.py:340} INFO - ::group::Post task execution logs
[2025-07-03T04:52:35.442+0000] {standard_task_runner.py:124} ERROR - Failed to execute job 9 for task load_raw_data (could not open file "/opt/data/raw_data.csv" for reading: No such file or directory
HINT:  COPY FROM instructs the PostgreSQL server process to read a file. You may want a client-side facility such as psql's \copy.
; 181)
Traceback (most recent call last):
  File "/home/airflow/.local/lib/python3.12/site-packages/airflow/task/task_runner/standard_task_runner.py", line 117, in _start_by_fork
    ret = args.func(args, dag=self.dag)
          ^^^^^^^^^^^^^^^^^^^^^^^^^^^^^
  File "/home/airflow/.local/lib/python3.12/site-packages/airflow/cli/cli_config.py", line 49, in command
    return func(*args, **kwargs)
           ^^^^^^^^^^^^^^^^^^^^^
  File "/home/airflow/.local/lib/python3.12/site-packages/airflow/utils/cli.py", line 115, in wrapper
    return f(*args, **kwargs)
           ^^^^^^^^^^^^^^^^^^
  File "/home/airflow/.local/lib/python3.12/site-packages/airflow/cli/commands/task_command.py", line 483, in task_run
    task_return_code = _run_task_by_selected_method(args, _dag, ti)
                       ^^^^^^^^^^^^^^^^^^^^^^^^^^^^^^^^^^^^^^^^^^^^
  File "/home/airflow/.local/lib/python3.12/site-packages/airflow/cli/commands/task_command.py", line 256, in _run_task_by_selected_method
    return _run_raw_task(args, ti)
           ^^^^^^^^^^^^^^^^^^^^^^^
  File "/home/airflow/.local/lib/python3.12/site-packages/airflow/cli/commands/task_command.py", line 341, in _run_raw_task
    return ti._run_raw_task(
           ^^^^^^^^^^^^^^^^^
  File "/home/airflow/.local/lib/python3.12/site-packages/airflow/utils/session.py", line 97, in wrapper
    return func(*args, session=session, **kwargs)
           ^^^^^^^^^^^^^^^^^^^^^^^^^^^^^^^^^^^^^^
  File "/home/airflow/.local/lib/python3.12/site-packages/airflow/models/taskinstance.py", line 3004, in _run_raw_task
    return _run_raw_task(
           ^^^^^^^^^^^^^^
  File "/home/airflow/.local/lib/python3.12/site-packages/airflow/models/taskinstance.py", line 273, in _run_raw_task
    TaskInstance._execute_task_with_callbacks(
  File "/home/airflow/.local/lib/python3.12/site-packages/airflow/models/taskinstance.py", line 3158, in _execute_task_with_callbacks
    result = self._execute_task(context, task_orig)
             ^^^^^^^^^^^^^^^^^^^^^^^^^^^^^^^^^^^^^^
  File "/home/airflow/.local/lib/python3.12/site-packages/airflow/models/taskinstance.py", line 3182, in _execute_task
    return _execute_task(self, context, task_orig)
           ^^^^^^^^^^^^^^^^^^^^^^^^^^^^^^^^^^^^^^^
  File "/home/airflow/.local/lib/python3.12/site-packages/airflow/models/taskinstance.py", line 767, in _execute_task
    result = _execute_callable(context=context, **execute_callable_kwargs)
             ^^^^^^^^^^^^^^^^^^^^^^^^^^^^^^^^^^^^^^^^^^^^^^^^^^^^^^^^^^^^^
  File "/home/airflow/.local/lib/python3.12/site-packages/airflow/models/taskinstance.py", line 733, in _execute_callable
    return ExecutionCallableRunner(
           ^^^^^^^^^^^^^^^^^^^^^^^^
  File "/home/airflow/.local/lib/python3.12/site-packages/airflow/utils/operator_helpers.py", line 252, in run
    return self.func(*args, **kwargs)
           ^^^^^^^^^^^^^^^^^^^^^^^^^^
  File "/home/airflow/.local/lib/python3.12/site-packages/airflow/models/baseoperator.py", line 406, in wrapper
    return func(self, *args, **kwargs)
           ^^^^^^^^^^^^^^^^^^^^^^^^^^^
  File "/home/airflow/.local/lib/python3.12/site-packages/airflow/providers/common/sql/operators/sql.py", line 272, in execute
    output = hook.run(
             ^^^^^^^^^
  File "/home/airflow/.local/lib/python3.12/site-packages/airflow/providers/common/sql/hooks/sql.py", line 456, in run
    self._run_command(cur, sql_statement, parameters)
  File "/home/airflow/.local/lib/python3.12/site-packages/airflow/providers/common/sql/hooks/sql.py", line 514, in _run_command
    cur.execute(sql_statement)
psycopg2.errors.UndefinedFile: could not open file "/opt/data/raw_data.csv" for reading: No such file or directory
HINT:  COPY FROM instructs the PostgreSQL server process to read a file. You may want a client-side facility such as psql's \copy.

[2025-07-03T04:52:35.479+0000] {local_task_job_runner.py:266} INFO - Task exited with return code 1
[2025-07-03T04:52:35.522+0000] {taskinstance.py:3900} INFO - 0 downstream tasks scheduled from follow-on schedule check
[2025-07-03T04:52:35.531+0000] {local_task_job_runner.py:245} INFO - ::endgroup::
[2025-07-03T04:57:02.403+0000] {local_task_job_runner.py:123} INFO - ::group::Pre task execution logs
[2025-07-03T04:57:02.431+0000] {taskinstance.py:2612} INFO - Dependencies all met for dep_context=non-requeueable deps ti=<TaskInstance: extract_raw_data_pipeline.load_raw_data scheduled__2025-07-02T07:58:00+00:00 [queued]>
[2025-07-03T04:57:02.441+0000] {taskinstance.py:2612} INFO - Dependencies all met for dep_context=requeueable deps ti=<TaskInstance: extract_raw_data_pipeline.load_raw_data scheduled__2025-07-02T07:58:00+00:00 [queued]>
[2025-07-03T04:57:02.442+0000] {taskinstance.py:2865} INFO - Starting attempt 1 of 1
[2025-07-03T04:57:02.458+0000] {taskinstance.py:2888} INFO - Executing <Task(SQLExecuteQueryOperator): load_raw_data> on 2025-07-02 07:58:00+00:00
[2025-07-03T04:57:02.470+0000] {warnings.py:112} WARNING - /home/***/.local/lib/python3.12/site-packages/***/task/task_runner/standard_task_runner.py:70: DeprecationWarning: This process (pid=173) is multi-threaded, use of fork() may lead to deadlocks in the child.
  pid = os.fork()

[2025-07-03T04:57:02.473+0000] {standard_task_runner.py:72} INFO - Started process 175 to run task
[2025-07-03T04:57:02.473+0000] {standard_task_runner.py:104} INFO - Running: ['***', 'tasks', 'run', 'extract_raw_data_pipeline', 'load_raw_data', 'scheduled__2025-07-02T07:58:00+00:00', '--job-id', '9', '--raw', '--subdir', 'DAGS_FOLDER/driven_data_pipeline.py', '--cfg-path', '/tmp/tmpw_jq1ybw']
[2025-07-03T04:57:02.476+0000] {standard_task_runner.py:105} INFO - Job 9: Subtask load_raw_data
[2025-07-03T04:57:02.576+0000] {task_command.py:467} INFO - Running <TaskInstance: extract_raw_data_pipeline.load_raw_data scheduled__2025-07-02T07:58:00+00:00 [running]> on host 2487b648c76a
[2025-07-03T04:57:02.707+0000] {taskinstance.py:3131} INFO - Exporting env vars: AIRFLOW_CTX_DAG_OWNER='***' AIRFLOW_CTX_DAG_ID='extract_raw_data_pipeline' AIRFLOW_CTX_TASK_ID='load_raw_data' AIRFLOW_CTX_EXECUTION_DATE='2025-07-02T07:58:00+00:00' AIRFLOW_CTX_TRY_NUMBER='1' AIRFLOW_CTX_DAG_RUN_ID='scheduled__2025-07-02T07:58:00+00:00'
[2025-07-03T04:57:02.709+0000] {taskinstance.py:731} INFO - ::endgroup::
[2025-07-03T04:57:02.734+0000] {sql.py:266} INFO - Executing: 
    COPY driven_raw.raw_batch_data(
        person_name, user_name, email, personal_number, birth_date,
        address, phone, mac_address, ip_address, iban, accessed_at,
        session_duration, download_speed, upload_speed, consumed_traffic,
        unique_id
    )
    FROM '/opt/data/raw_data.csv'
    DELIMITER ','
    CSV HEADER;
    
[2025-07-03T04:57:02.755+0000] {base.py:84} INFO - Retrieving connection 'postgres_conn'
[2025-07-03T04:57:02.793+0000] {base.py:84} INFO - Retrieving connection 'postgres_conn'
[2025-07-03T04:57:02.802+0000] {sql.py:509} INFO - Running statement: 
    COPY driven_raw.raw_batch_data(
        person_name, user_name, email, personal_number, birth_date,
        address, phone, mac_address, ip_address, iban, accessed_at,
        session_duration, download_speed, upload_speed, consumed_traffic,
        unique_id
    )
    FROM '/opt/data/raw_data.csv'
    DELIMITER ','
    CSV HEADER;
    , parameters: None
[2025-07-03T04:57:02.808+0000] {taskinstance.py:3310} ERROR - Task failed with exception
Traceback (most recent call last):
  File "/home/airflow/.local/lib/python3.12/site-packages/airflow/models/taskinstance.py", line 767, in _execute_task
    result = _execute_callable(context=context, **execute_callable_kwargs)
             ^^^^^^^^^^^^^^^^^^^^^^^^^^^^^^^^^^^^^^^^^^^^^^^^^^^^^^^^^^^^^
  File "/home/airflow/.local/lib/python3.12/site-packages/airflow/models/taskinstance.py", line 733, in _execute_callable
    return ExecutionCallableRunner(
           ^^^^^^^^^^^^^^^^^^^^^^^^
  File "/home/airflow/.local/lib/python3.12/site-packages/airflow/utils/operator_helpers.py", line 252, in run
    return self.func(*args, **kwargs)
           ^^^^^^^^^^^^^^^^^^^^^^^^^^
  File "/home/airflow/.local/lib/python3.12/site-packages/airflow/models/baseoperator.py", line 406, in wrapper
    return func(self, *args, **kwargs)
           ^^^^^^^^^^^^^^^^^^^^^^^^^^^
  File "/home/airflow/.local/lib/python3.12/site-packages/airflow/providers/common/sql/operators/sql.py", line 272, in execute
    output = hook.run(
             ^^^^^^^^^
  File "/home/airflow/.local/lib/python3.12/site-packages/airflow/providers/common/sql/hooks/sql.py", line 456, in run
    self._run_command(cur, sql_statement, parameters)
  File "/home/airflow/.local/lib/python3.12/site-packages/airflow/providers/common/sql/hooks/sql.py", line 514, in _run_command
    cur.execute(sql_statement)
psycopg2.errors.UndefinedFile: could not open file "/opt/data/raw_data.csv" for reading: No such file or directory
HINT:  COPY FROM instructs the PostgreSQL server process to read a file. You may want a client-side facility such as psql's \copy.

[2025-07-03T04:57:02.832+0000] {taskinstance.py:1225} INFO - Marking task as FAILED. dag_id=extract_raw_data_pipeline, task_id=load_raw_data, run_id=scheduled__2025-07-02T07:58:00+00:00, execution_date=20250702T075800, start_date=20250703T045702, end_date=20250703T045702
[2025-07-03T04:57:02.856+0000] {taskinstance.py:340} INFO - ::group::Post task execution logs
[2025-07-03T04:57:02.858+0000] {standard_task_runner.py:124} ERROR - Failed to execute job 9 for task load_raw_data (could not open file "/opt/data/raw_data.csv" for reading: No such file or directory
HINT:  COPY FROM instructs the PostgreSQL server process to read a file. You may want a client-side facility such as psql's \copy.
; 175)
Traceback (most recent call last):
  File "/home/airflow/.local/lib/python3.12/site-packages/airflow/task/task_runner/standard_task_runner.py", line 117, in _start_by_fork
    ret = args.func(args, dag=self.dag)
          ^^^^^^^^^^^^^^^^^^^^^^^^^^^^^
  File "/home/airflow/.local/lib/python3.12/site-packages/airflow/cli/cli_config.py", line 49, in command
    return func(*args, **kwargs)
           ^^^^^^^^^^^^^^^^^^^^^
  File "/home/airflow/.local/lib/python3.12/site-packages/airflow/utils/cli.py", line 115, in wrapper
    return f(*args, **kwargs)
           ^^^^^^^^^^^^^^^^^^
  File "/home/airflow/.local/lib/python3.12/site-packages/airflow/cli/commands/task_command.py", line 483, in task_run
    task_return_code = _run_task_by_selected_method(args, _dag, ti)
                       ^^^^^^^^^^^^^^^^^^^^^^^^^^^^^^^^^^^^^^^^^^^^
  File "/home/airflow/.local/lib/python3.12/site-packages/airflow/cli/commands/task_command.py", line 256, in _run_task_by_selected_method
    return _run_raw_task(args, ti)
           ^^^^^^^^^^^^^^^^^^^^^^^
  File "/home/airflow/.local/lib/python3.12/site-packages/airflow/cli/commands/task_command.py", line 341, in _run_raw_task
    return ti._run_raw_task(
           ^^^^^^^^^^^^^^^^^
  File "/home/airflow/.local/lib/python3.12/site-packages/airflow/utils/session.py", line 97, in wrapper
    return func(*args, session=session, **kwargs)
           ^^^^^^^^^^^^^^^^^^^^^^^^^^^^^^^^^^^^^^
  File "/home/airflow/.local/lib/python3.12/site-packages/airflow/models/taskinstance.py", line 3004, in _run_raw_task
    return _run_raw_task(
           ^^^^^^^^^^^^^^
  File "/home/airflow/.local/lib/python3.12/site-packages/airflow/models/taskinstance.py", line 273, in _run_raw_task
    TaskInstance._execute_task_with_callbacks(
  File "/home/airflow/.local/lib/python3.12/site-packages/airflow/models/taskinstance.py", line 3158, in _execute_task_with_callbacks
    result = self._execute_task(context, task_orig)
             ^^^^^^^^^^^^^^^^^^^^^^^^^^^^^^^^^^^^^^
  File "/home/airflow/.local/lib/python3.12/site-packages/airflow/models/taskinstance.py", line 3182, in _execute_task
    return _execute_task(self, context, task_orig)
           ^^^^^^^^^^^^^^^^^^^^^^^^^^^^^^^^^^^^^^^
  File "/home/airflow/.local/lib/python3.12/site-packages/airflow/models/taskinstance.py", line 767, in _execute_task
    result = _execute_callable(context=context, **execute_callable_kwargs)
             ^^^^^^^^^^^^^^^^^^^^^^^^^^^^^^^^^^^^^^^^^^^^^^^^^^^^^^^^^^^^^
  File "/home/airflow/.local/lib/python3.12/site-packages/airflow/models/taskinstance.py", line 733, in _execute_callable
    return ExecutionCallableRunner(
           ^^^^^^^^^^^^^^^^^^^^^^^^
  File "/home/airflow/.local/lib/python3.12/site-packages/airflow/utils/operator_helpers.py", line 252, in run
    return self.func(*args, **kwargs)
           ^^^^^^^^^^^^^^^^^^^^^^^^^^
  File "/home/airflow/.local/lib/python3.12/site-packages/airflow/models/baseoperator.py", line 406, in wrapper
    return func(self, *args, **kwargs)
           ^^^^^^^^^^^^^^^^^^^^^^^^^^^
  File "/home/airflow/.local/lib/python3.12/site-packages/airflow/providers/common/sql/operators/sql.py", line 272, in execute
    output = hook.run(
             ^^^^^^^^^
  File "/home/airflow/.local/lib/python3.12/site-packages/airflow/providers/common/sql/hooks/sql.py", line 456, in run
    self._run_command(cur, sql_statement, parameters)
  File "/home/airflow/.local/lib/python3.12/site-packages/airflow/providers/common/sql/hooks/sql.py", line 514, in _run_command
    cur.execute(sql_statement)
psycopg2.errors.UndefinedFile: could not open file "/opt/data/raw_data.csv" for reading: No such file or directory
HINT:  COPY FROM instructs the PostgreSQL server process to read a file. You may want a client-side facility such as psql's \copy.

[2025-07-03T04:57:02.933+0000] {local_task_job_runner.py:266} INFO - Task exited with return code 1
[2025-07-03T04:57:02.965+0000] {taskinstance.py:3900} INFO - 0 downstream tasks scheduled from follow-on schedule check
[2025-07-03T04:57:02.975+0000] {local_task_job_runner.py:245} INFO - ::endgroup::
[2025-07-03T05:05:02.348+0000] {local_task_job_runner.py:123} INFO - ::group::Pre task execution logs
[2025-07-03T05:05:02.368+0000] {taskinstance.py:2612} INFO - Dependencies all met for dep_context=non-requeueable deps ti=<TaskInstance: extract_raw_data_pipeline.load_raw_data scheduled__2025-07-02T07:58:00+00:00 [queued]>
[2025-07-03T05:05:02.376+0000] {taskinstance.py:2612} INFO - Dependencies all met for dep_context=requeueable deps ti=<TaskInstance: extract_raw_data_pipeline.load_raw_data scheduled__2025-07-02T07:58:00+00:00 [queued]>
[2025-07-03T05:05:02.377+0000] {taskinstance.py:2865} INFO - Starting attempt 1 of 1
[2025-07-03T05:05:02.390+0000] {taskinstance.py:2888} INFO - Executing <Task(SQLExecuteQueryOperator): load_raw_data> on 2025-07-02 07:58:00+00:00
[2025-07-03T05:05:02.399+0000] {warnings.py:112} WARNING - /home/***/.local/lib/python3.12/site-packages/***/task/task_runner/standard_task_runner.py:70: DeprecationWarning: This process (pid=153) is multi-threaded, use of fork() may lead to deadlocks in the child.
  pid = os.fork()

[2025-07-03T05:05:02.401+0000] {standard_task_runner.py:72} INFO - Started process 155 to run task
[2025-07-03T05:05:02.401+0000] {standard_task_runner.py:104} INFO - Running: ['***', 'tasks', 'run', 'extract_raw_data_pipeline', 'load_raw_data', 'scheduled__2025-07-02T07:58:00+00:00', '--job-id', '8', '--raw', '--subdir', 'DAGS_FOLDER/driven_data_pipeline.py', '--cfg-path', '/tmp/tmpa438gfzu']
[2025-07-03T05:05:02.403+0000] {standard_task_runner.py:105} INFO - Job 8: Subtask load_raw_data
[2025-07-03T05:05:02.474+0000] {task_command.py:467} INFO - Running <TaskInstance: extract_raw_data_pipeline.load_raw_data scheduled__2025-07-02T07:58:00+00:00 [running]> on host 74cc1e0326f4
[2025-07-03T05:05:02.557+0000] {taskinstance.py:3131} INFO - Exporting env vars: AIRFLOW_CTX_DAG_OWNER='***' AIRFLOW_CTX_DAG_ID='extract_raw_data_pipeline' AIRFLOW_CTX_TASK_ID='load_raw_data' AIRFLOW_CTX_EXECUTION_DATE='2025-07-02T07:58:00+00:00' AIRFLOW_CTX_TRY_NUMBER='1' AIRFLOW_CTX_DAG_RUN_ID='scheduled__2025-07-02T07:58:00+00:00'
[2025-07-03T05:05:02.558+0000] {taskinstance.py:731} INFO - ::endgroup::
[2025-07-03T05:05:02.571+0000] {sql.py:266} INFO - Executing: 
    COPY driven_raw.raw_batch_data(
        person_name, user_name, email, personal_number, birth_date,
        address, phone, mac_address, ip_address, iban, accessed_at,
        session_duration, download_speed, upload_speed, consumed_traffic,
        unique_id
    )
    FROM '/opt/data/raw_data.csv'
    DELIMITER ','
    CSV HEADER;
    
[2025-07-03T05:05:02.581+0000] {base.py:84} INFO - Retrieving connection 'postgres_conn'
[2025-07-03T05:05:02.592+0000] {base.py:84} INFO - Retrieving connection 'postgres_conn'
[2025-07-03T05:05:02.597+0000] {sql.py:509} INFO - Running statement: 
    COPY driven_raw.raw_batch_data(
        person_name, user_name, email, personal_number, birth_date,
        address, phone, mac_address, ip_address, iban, accessed_at,
        session_duration, download_speed, upload_speed, consumed_traffic,
        unique_id
    )
    FROM '/opt/data/raw_data.csv'
    DELIMITER ','
    CSV HEADER;
    , parameters: None
[2025-07-03T05:05:02.611+0000] {sql.py:518} INFO - Rows affected: 100
[2025-07-03T05:05:02.625+0000] {taskinstance.py:340} INFO - ::group::Post task execution logs
[2025-07-03T05:05:02.625+0000] {taskinstance.py:352} INFO - Marking task as SUCCESS. dag_id=extract_raw_data_pipeline, task_id=load_raw_data, run_id=scheduled__2025-07-02T07:58:00+00:00, execution_date=20250702T075800, start_date=20250703T050502, end_date=20250703T050502
[2025-07-03T05:05:02.657+0000] {local_task_job_runner.py:266} INFO - Task exited with return code 0
[2025-07-03T05:05:02.684+0000] {taskinstance.py:3900} INFO - 1 downstream tasks scheduled from follow-on schedule check
[2025-07-03T05:05:02.686+0000] {local_task_job_runner.py:245} INFO - ::endgroup::
[2025-07-03T05:31:10.302+0000] {local_task_job_runner.py:123} INFO - ::group::Pre task execution logs
[2025-07-03T05:31:10.335+0000] {taskinstance.py:2612} INFO - Dependencies all met for dep_context=non-requeueable deps ti=<TaskInstance: extract_raw_data_pipeline.load_raw_data scheduled__2025-07-02T07:58:00+00:00 [queued]>
[2025-07-03T05:31:10.368+0000] {taskinstance.py:2612} INFO - Dependencies all met for dep_context=requeueable deps ti=<TaskInstance: extract_raw_data_pipeline.load_raw_data scheduled__2025-07-02T07:58:00+00:00 [queued]>
[2025-07-03T05:31:10.370+0000] {taskinstance.py:2865} INFO - Starting attempt 1 of 1
[2025-07-03T05:31:10.405+0000] {taskinstance.py:2888} INFO - Executing <Task(SQLExecuteQueryOperator): load_raw_data> on 2025-07-02 07:58:00+00:00
[2025-07-03T05:31:10.432+0000] {warnings.py:112} WARNING - /home/***/.local/lib/python3.12/site-packages/***/task/task_runner/standard_task_runner.py:70: DeprecationWarning: This process (pid=187) is multi-threaded, use of fork() may lead to deadlocks in the child.
  pid = os.fork()

[2025-07-03T05:31:10.438+0000] {standard_task_runner.py:72} INFO - Started process 191 to run task
[2025-07-03T05:31:10.438+0000] {standard_task_runner.py:104} INFO - Running: ['***', 'tasks', 'run', 'extract_raw_data_pipeline', 'load_raw_data', 'scheduled__2025-07-02T07:58:00+00:00', '--job-id', '9', '--raw', '--subdir', 'DAGS_FOLDER/driven_data_pipeline.py', '--cfg-path', '/tmp/tmp1b2n90oh']
[2025-07-03T05:31:10.442+0000] {standard_task_runner.py:105} INFO - Job 9: Subtask load_raw_data
[2025-07-03T05:31:10.668+0000] {task_command.py:467} INFO - Running <TaskInstance: extract_raw_data_pipeline.load_raw_data scheduled__2025-07-02T07:58:00+00:00 [running]> on host a16ad527543b
[2025-07-03T05:31:10.807+0000] {taskinstance.py:3131} INFO - Exporting env vars: AIRFLOW_CTX_DAG_OWNER='***' AIRFLOW_CTX_DAG_ID='extract_raw_data_pipeline' AIRFLOW_CTX_TASK_ID='load_raw_data' AIRFLOW_CTX_EXECUTION_DATE='2025-07-02T07:58:00+00:00' AIRFLOW_CTX_TRY_NUMBER='1' AIRFLOW_CTX_DAG_RUN_ID='scheduled__2025-07-02T07:58:00+00:00'
[2025-07-03T05:31:10.809+0000] {taskinstance.py:731} INFO - ::endgroup::
[2025-07-03T05:31:10.832+0000] {sql.py:266} INFO - Executing: 
    COPY driven_raw.raw_batch_data(
        person_name, user_name, email, personal_number, birth_date,
        address, phone, mac_address, ip_address, iban, accessed_at,
        session_duration, download_speed, upload_speed, consumed_traffic,
        unique_id
    )
    FROM '/opt/data/raw_data.csv'
    DELIMITER ','
    CSV HEADER;
    
[2025-07-03T05:31:10.848+0000] {base.py:84} INFO - Retrieving connection 'postgres_conn'
[2025-07-03T05:31:10.863+0000] {base.py:84} INFO - Retrieving connection 'postgres_conn'
[2025-07-03T05:31:10.876+0000] {sql.py:509} INFO - Running statement: 
    COPY driven_raw.raw_batch_data(
        person_name, user_name, email, personal_number, birth_date,
        address, phone, mac_address, ip_address, iban, accessed_at,
        session_duration, download_speed, upload_speed, consumed_traffic,
        unique_id
    )
    FROM '/opt/data/raw_data.csv'
    DELIMITER ','
    CSV HEADER;
    , parameters: None
[2025-07-03T05:31:10.900+0000] {sql.py:518} INFO - Rows affected: 100
[2025-07-03T05:31:10.918+0000] {taskinstance.py:340} INFO - ::group::Post task execution logs
[2025-07-03T05:31:10.919+0000] {taskinstance.py:352} INFO - Marking task as SUCCESS. dag_id=extract_raw_data_pipeline, task_id=load_raw_data, run_id=scheduled__2025-07-02T07:58:00+00:00, execution_date=20250702T075800, start_date=20250703T053110, end_date=20250703T053110
[2025-07-03T05:31:10.981+0000] {local_task_job_runner.py:266} INFO - Task exited with return code 0
[2025-07-03T05:31:11.020+0000] {taskinstance.py:3900} INFO - 1 downstream tasks scheduled from follow-on schedule check
[2025-07-03T05:31:11.023+0000] {local_task_job_runner.py:245} INFO - ::endgroup::
[2025-07-03T05:48:46.502+0000] {local_task_job_runner.py:123} INFO - ::group::Pre task execution logs
[2025-07-03T05:48:46.532+0000] {taskinstance.py:2612} INFO - Dependencies all met for dep_context=non-requeueable deps ti=<TaskInstance: extract_raw_data_pipeline.load_raw_data scheduled__2025-07-02T07:58:00+00:00 [queued]>
[2025-07-03T05:48:46.550+0000] {taskinstance.py:2612} INFO - Dependencies all met for dep_context=requeueable deps ti=<TaskInstance: extract_raw_data_pipeline.load_raw_data scheduled__2025-07-02T07:58:00+00:00 [queued]>
[2025-07-03T05:48:46.551+0000] {taskinstance.py:2865} INFO - Starting attempt 1 of 1
[2025-07-03T05:48:46.568+0000] {taskinstance.py:2888} INFO - Executing <Task(SQLExecuteQueryOperator): load_raw_data> on 2025-07-02 07:58:00+00:00
[2025-07-03T05:48:46.580+0000] {warnings.py:112} WARNING - /home/***/.local/lib/python3.12/site-packages/***/task/task_runner/standard_task_runner.py:70: DeprecationWarning: This process (pid=187) is multi-threaded, use of fork() may lead to deadlocks in the child.
  pid = os.fork()

[2025-07-03T05:48:46.585+0000] {standard_task_runner.py:72} INFO - Started process 189 to run task
[2025-07-03T05:48:46.585+0000] {standard_task_runner.py:104} INFO - Running: ['***', 'tasks', 'run', 'extract_raw_data_pipeline', 'load_raw_data', 'scheduled__2025-07-02T07:58:00+00:00', '--job-id', '9', '--raw', '--subdir', 'DAGS_FOLDER/driven_data_pipeline.py', '--cfg-path', '/tmp/tmpxxfuxxmr']
[2025-07-03T05:48:46.587+0000] {standard_task_runner.py:105} INFO - Job 9: Subtask load_raw_data
[2025-07-03T05:48:46.703+0000] {task_command.py:467} INFO - Running <TaskInstance: extract_raw_data_pipeline.load_raw_data scheduled__2025-07-02T07:58:00+00:00 [running]> on host 384b142d1c6e
[2025-07-03T05:48:46.815+0000] {taskinstance.py:3131} INFO - Exporting env vars: AIRFLOW_CTX_DAG_OWNER='***' AIRFLOW_CTX_DAG_ID='extract_raw_data_pipeline' AIRFLOW_CTX_TASK_ID='load_raw_data' AIRFLOW_CTX_EXECUTION_DATE='2025-07-02T07:58:00+00:00' AIRFLOW_CTX_TRY_NUMBER='1' AIRFLOW_CTX_DAG_RUN_ID='scheduled__2025-07-02T07:58:00+00:00'
[2025-07-03T05:48:46.822+0000] {taskinstance.py:731} INFO - ::endgroup::
[2025-07-03T05:48:46.843+0000] {sql.py:266} INFO - Executing: 
    COPY driven_raw.raw_batch_data(
        person_name, user_name, email, personal_number, birth_date,
        address, phone, mac_address, ip_address, iban, accessed_at,
        session_duration, download_speed, upload_speed, consumed_traffic,
        unique_id
    )
    FROM '/opt/data/raw_data.csv'
    DELIMITER ','
    CSV HEADER;
    
[2025-07-03T05:48:46.855+0000] {base.py:84} INFO - Retrieving connection 'postgres_conn'
[2025-07-03T05:48:46.871+0000] {base.py:84} INFO - Retrieving connection 'postgres_conn'
[2025-07-03T05:48:46.879+0000] {sql.py:509} INFO - Running statement: 
    COPY driven_raw.raw_batch_data(
        person_name, user_name, email, personal_number, birth_date,
        address, phone, mac_address, ip_address, iban, accessed_at,
        session_duration, download_speed, upload_speed, consumed_traffic,
        unique_id
    )
    FROM '/opt/data/raw_data.csv'
    DELIMITER ','
    CSV HEADER;
    , parameters: None
[2025-07-03T05:48:46.914+0000] {sql.py:518} INFO - Rows affected: 100
[2025-07-03T05:48:46.931+0000] {taskinstance.py:340} INFO - ::group::Post task execution logs
[2025-07-03T05:48:46.931+0000] {taskinstance.py:352} INFO - Marking task as SUCCESS. dag_id=extract_raw_data_pipeline, task_id=load_raw_data, run_id=scheduled__2025-07-02T07:58:00+00:00, execution_date=20250702T075800, start_date=20250703T054846, end_date=20250703T054846
[2025-07-03T05:48:46.962+0000] {local_task_job_runner.py:266} INFO - Task exited with return code 0
[2025-07-03T05:48:46.993+0000] {taskinstance.py:3900} INFO - 1 downstream tasks scheduled from follow-on schedule check
[2025-07-03T05:48:46.995+0000] {local_task_job_runner.py:245} INFO - ::endgroup::
