[2025-07-03T05:49:27.466+0000] {local_task_job_runner.py:123} INFO - ::group::Pre task execution logs
[2025-07-03T05:49:27.482+0000] {taskinstance.py:2612} INFO - Dependencies all met for dep_context=non-requeueable deps ti=<TaskInstance: extract_raw_data_pipeline.run_dbt_trusted manual__2025-07-03T05:49:14.855032+00:00 [queued]>
[2025-07-03T05:49:27.490+0000] {taskinstance.py:2612} INFO - Dependencies all met for dep_context=requeueable deps ti=<TaskInstance: extract_raw_data_pipeline.run_dbt_trusted manual__2025-07-03T05:49:14.855032+00:00 [queued]>
[2025-07-03T05:49:27.490+0000] {taskinstance.py:2865} INFO - Starting attempt 1 of 1
[2025-07-03T05:49:27.501+0000] {taskinstance.py:2888} INFO - Executing <Task(BashOperator): run_dbt_trusted> on 2025-07-03 05:49:14.855032+00:00
[2025-07-03T05:49:27.509+0000] {warnings.py:112} WARNING - /home/***/.local/lib/python3.12/site-packages/***/task/task_runner/standard_task_runner.py:70: DeprecationWarning: This process (pid=318) is multi-threaded, use of fork() may lead to deadlocks in the child.
  pid = os.fork()

[2025-07-03T05:49:27.511+0000] {standard_task_runner.py:72} INFO - Started process 320 to run task
[2025-07-03T05:49:27.511+0000] {standard_task_runner.py:104} INFO - Running: ['***', 'tasks', 'run', 'extract_raw_data_pipeline', 'run_dbt_trusted', 'manual__2025-07-03T05:49:14.855032+00:00', '--job-id', '19', '--raw', '--subdir', 'DAGS_FOLDER/driven_data_pipeline.py', '--cfg-path', '/tmp/tmpgi7naz3k']
[2025-07-03T05:49:27.512+0000] {standard_task_runner.py:105} INFO - Job 19: Subtask run_dbt_trusted
[2025-07-03T05:49:27.602+0000] {task_command.py:467} INFO - Running <TaskInstance: extract_raw_data_pipeline.run_dbt_trusted manual__2025-07-03T05:49:14.855032+00:00 [running]> on host 384b142d1c6e
[2025-07-03T05:49:27.721+0000] {taskinstance.py:3131} INFO - Exporting env vars: AIRFLOW_CTX_DAG_OWNER='***' AIRFLOW_CTX_DAG_ID='extract_raw_data_pipeline' AIRFLOW_CTX_TASK_ID='run_dbt_trusted' AIRFLOW_CTX_EXECUTION_DATE='2025-07-03T05:49:14.855032+00:00' AIRFLOW_CTX_TRY_NUMBER='1' AIRFLOW_CTX_DAG_RUN_ID='manual__2025-07-03T05:49:14.855032+00:00'
[2025-07-03T05:49:27.722+0000] {taskinstance.py:731} INFO - ::endgroup::
[2025-07-03T05:49:27.736+0000] {subprocess.py:63} INFO - Tmp dir root location: /tmp
[2025-07-03T05:49:27.738+0000] {subprocess.py:75} INFO - Running command: ['/usr/bin/bash', '-c', 'cd /opt/***/dbt && dbt run --select tag:trusted']
[2025-07-03T05:49:27.754+0000] {subprocess.py:86} INFO - Output:
[2025-07-03T05:49:29.743+0000] {subprocess.py:93} INFO - [0m05:49:29  Running with dbt=1.10.3
[2025-07-03T05:49:30.016+0000] {subprocess.py:93} INFO - [0m05:49:30  Registered adapter: postgres=1.9.0
[2025-07-03T05:49:30.463+0000] {subprocess.py:93} INFO - [0m05:49:30  Found 9 models, 11 sources, 433 macros
[2025-07-03T05:49:30.466+0000] {subprocess.py:93} INFO - [0m05:49:30
[2025-07-03T05:49:30.467+0000] {subprocess.py:93} INFO - [0m05:49:30  Concurrency: 1 threads (target='dev')
[2025-07-03T05:49:30.467+0000] {subprocess.py:93} INFO - [0m05:49:30
[2025-07-03T05:49:30.591+0000] {subprocess.py:93} INFO - [0m05:49:30  1 of 4 START sql table model driven_trusted.non_pii_data ....................... [RUN]
[2025-07-03T05:49:30.742+0000] {subprocess.py:93} INFO - [0m05:49:30  1 of 4 OK created sql table model driven_trusted.non_pii_data .................. [[32mSELECT 3300[0m in 0.15s]
[2025-07-03T05:49:30.744+0000] {subprocess.py:93} INFO - [0m05:49:30  2 of 4 START sql table model driven_trusted.payment_data ....................... [RUN]
[2025-07-03T05:49:30.819+0000] {subprocess.py:93} INFO - [0m05:49:30  2 of 4 OK created sql table model driven_trusted.payment_data .................. [[32mSELECT 500[0m in 0.07s]
[2025-07-03T05:49:30.821+0000] {subprocess.py:93} INFO - [0m05:49:30  3 of 4 START sql table model driven_trusted.pii_data ........................... [RUN]
[2025-07-03T05:49:30.900+0000] {subprocess.py:93} INFO - [0m05:49:30  3 of 4 OK created sql table model driven_trusted.pii_data ...................... [[32mSELECT 3300[0m in 0.08s]
[2025-07-03T05:49:30.902+0000] {subprocess.py:93} INFO - [0m05:49:30  4 of 4 START sql table model driven_trusted.technical_data ..................... [RUN]
[2025-07-03T05:49:30.962+0000] {subprocess.py:93} INFO - [0m05:49:30  4 of 4 OK created sql table model driven_trusted.technical_data ................ [[32mSELECT 500[0m in 0.06s]
[2025-07-03T05:49:30.975+0000] {subprocess.py:93} INFO - [0m05:49:30
[2025-07-03T05:49:30.976+0000] {subprocess.py:93} INFO - [0m05:49:30  Finished running 4 table models in 0 hours 0 minutes and 0.51 seconds (0.51s).
[2025-07-03T05:49:31.039+0000] {subprocess.py:93} INFO - [0m05:49:31
[2025-07-03T05:49:31.040+0000] {subprocess.py:93} INFO - [0m05:49:31  [32mCompleted successfully[0m
[2025-07-03T05:49:31.041+0000] {subprocess.py:93} INFO - [0m05:49:31
[2025-07-03T05:49:31.041+0000] {subprocess.py:93} INFO - [0m05:49:31  Done. PASS=4 WARN=0 ERROR=0 SKIP=0 NO-OP=0 TOTAL=4
[2025-07-03T05:49:31.979+0000] {subprocess.py:97} INFO - Command exited with return code 0
[2025-07-03T05:49:32.006+0000] {taskinstance.py:340} INFO - ::group::Post task execution logs
[2025-07-03T05:49:32.007+0000] {taskinstance.py:352} INFO - Marking task as SUCCESS. dag_id=extract_raw_data_pipeline, task_id=run_dbt_trusted, run_id=manual__2025-07-03T05:49:14.855032+00:00, execution_date=20250703T054914, start_date=20250703T054927, end_date=20250703T054932
[2025-07-03T05:49:32.061+0000] {local_task_job_runner.py:266} INFO - Task exited with return code 0
[2025-07-03T05:49:32.078+0000] {taskinstance.py:3900} INFO - 0 downstream tasks scheduled from follow-on schedule check
[2025-07-03T05:49:32.081+0000] {local_task_job_runner.py:245} INFO - ::endgroup::
