[2025-06-30T19:28:23.609+0000] {processor.py:186} INFO - Started process (PID=914) to work on /opt/airflow/dags/drive_data_pipeline.py
[2025-06-30T19:28:23.616+0000] {processor.py:914} INFO - Processing file /opt/airflow/dags/drive_data_pipeline.py for tasks to queue
[2025-06-30T19:28:23.707+0000] {logging_mixin.py:190} INFO - [2025-06-30T19:28:23.696+0000] {dagbag.py:588} INFO - Filling up the DagBag from /opt/airflow/dags/drive_data_pipeline.py
[2025-06-30T19:28:23.875+0000] {logging_mixin.py:190} INFO - [2025-06-30T19:28:23.821+0000] {dagbag.py:387} ERROR - Failed to import: /opt/airflow/dags/drive_data_pipeline.py
Traceback (most recent call last):
  File "/home/airflow/.local/lib/python3.12/site-packages/airflow/models/dagbag.py", line 383, in parse
    loader.exec_module(new_module)
  File "<frozen importlib._bootstrap_external>", line 995, in exec_module
  File "<frozen importlib._bootstrap>", line 488, in _call_with_frames_removed
  File "/opt/airflow/dags/drive_data_pipeline.py", line 5, in <module>
    import polars as pl
ModuleNotFoundError: No module named 'polars'
[2025-06-30T19:28:23.882+0000] {processor.py:927} WARNING - No viable dags retrieved from /opt/airflow/dags/drive_data_pipeline.py
[2025-06-30T19:28:24.070+0000] {processor.py:208} INFO - Processing /opt/airflow/dags/drive_data_pipeline.py took 0.590 seconds
[2025-06-30T19:28:54.315+0000] {processor.py:186} INFO - Started process (PID=921) to work on /opt/airflow/dags/drive_data_pipeline.py
[2025-06-30T19:28:54.318+0000] {processor.py:914} INFO - Processing file /opt/airflow/dags/drive_data_pipeline.py for tasks to queue
[2025-06-30T19:28:54.325+0000] {logging_mixin.py:190} INFO - [2025-06-30T19:28:54.324+0000] {dagbag.py:588} INFO - Filling up the DagBag from /opt/airflow/dags/drive_data_pipeline.py
[2025-06-30T19:28:54.359+0000] {logging_mixin.py:190} INFO - [2025-06-30T19:28:54.352+0000] {dagbag.py:387} ERROR - Failed to import: /opt/airflow/dags/drive_data_pipeline.py
Traceback (most recent call last):
  File "/home/airflow/.local/lib/python3.12/site-packages/airflow/models/dagbag.py", line 383, in parse
    loader.exec_module(new_module)
  File "<frozen importlib._bootstrap_external>", line 995, in exec_module
  File "<frozen importlib._bootstrap>", line 488, in _call_with_frames_removed
  File "/opt/airflow/dags/drive_data_pipeline.py", line 5, in <module>
    import polars as pl
ModuleNotFoundError: No module named 'polars'
[2025-06-30T19:28:54.361+0000] {processor.py:927} WARNING - No viable dags retrieved from /opt/airflow/dags/drive_data_pipeline.py
[2025-06-30T19:28:58.209+0000] {processor.py:208} INFO - Processing /opt/airflow/dags/drive_data_pipeline.py took 3.911 seconds
[2025-06-30T19:29:28.851+0000] {processor.py:186} INFO - Started process (PID=928) to work on /opt/airflow/dags/drive_data_pipeline.py
[2025-06-30T19:29:28.853+0000] {processor.py:914} INFO - Processing file /opt/airflow/dags/drive_data_pipeline.py for tasks to queue
[2025-06-30T19:29:28.860+0000] {logging_mixin.py:190} INFO - [2025-06-30T19:29:28.860+0000] {dagbag.py:588} INFO - Filling up the DagBag from /opt/airflow/dags/drive_data_pipeline.py
[2025-06-30T19:29:28.894+0000] {logging_mixin.py:190} INFO - [2025-06-30T19:29:28.887+0000] {dagbag.py:387} ERROR - Failed to import: /opt/airflow/dags/drive_data_pipeline.py
Traceback (most recent call last):
  File "/home/airflow/.local/lib/python3.12/site-packages/airflow/models/dagbag.py", line 383, in parse
    loader.exec_module(new_module)
  File "<frozen importlib._bootstrap_external>", line 995, in exec_module
  File "<frozen importlib._bootstrap>", line 488, in _call_with_frames_removed
  File "/opt/airflow/dags/drive_data_pipeline.py", line 5, in <module>
    import polars as pl
ModuleNotFoundError: No module named 'polars'
[2025-06-30T19:29:28.896+0000] {processor.py:927} WARNING - No viable dags retrieved from /opt/airflow/dags/drive_data_pipeline.py
[2025-06-30T19:29:28.931+0000] {processor.py:208} INFO - Processing /opt/airflow/dags/drive_data_pipeline.py took 0.094 seconds
[2025-06-30T19:29:59.141+0000] {processor.py:186} INFO - Started process (PID=935) to work on /opt/airflow/dags/drive_data_pipeline.py
[2025-06-30T19:29:59.143+0000] {processor.py:914} INFO - Processing file /opt/airflow/dags/drive_data_pipeline.py for tasks to queue
[2025-06-30T19:29:59.150+0000] {logging_mixin.py:190} INFO - [2025-06-30T19:29:59.149+0000] {dagbag.py:588} INFO - Filling up the DagBag from /opt/airflow/dags/drive_data_pipeline.py
[2025-06-30T19:29:59.188+0000] {logging_mixin.py:190} INFO - [2025-06-30T19:29:59.181+0000] {dagbag.py:387} ERROR - Failed to import: /opt/airflow/dags/drive_data_pipeline.py
Traceback (most recent call last):
  File "/home/airflow/.local/lib/python3.12/site-packages/airflow/models/dagbag.py", line 383, in parse
    loader.exec_module(new_module)
  File "<frozen importlib._bootstrap_external>", line 995, in exec_module
  File "<frozen importlib._bootstrap>", line 488, in _call_with_frames_removed
  File "/opt/airflow/dags/drive_data_pipeline.py", line 5, in <module>
    import polars as pl
ModuleNotFoundError: No module named 'polars'
[2025-06-30T19:29:59.191+0000] {processor.py:927} WARNING - No viable dags retrieved from /opt/airflow/dags/drive_data_pipeline.py
[2025-06-30T19:29:59.224+0000] {processor.py:208} INFO - Processing /opt/airflow/dags/drive_data_pipeline.py took 0.095 seconds
[2025-06-30T19:30:29.500+0000] {processor.py:186} INFO - Started process (PID=942) to work on /opt/airflow/dags/drive_data_pipeline.py
[2025-06-30T19:30:29.502+0000] {processor.py:914} INFO - Processing file /opt/airflow/dags/drive_data_pipeline.py for tasks to queue
[2025-06-30T19:30:29.506+0000] {logging_mixin.py:190} INFO - [2025-06-30T19:30:29.506+0000] {dagbag.py:588} INFO - Filling up the DagBag from /opt/airflow/dags/drive_data_pipeline.py
[2025-06-30T19:30:29.535+0000] {logging_mixin.py:190} INFO - [2025-06-30T19:30:29.529+0000] {dagbag.py:387} ERROR - Failed to import: /opt/airflow/dags/drive_data_pipeline.py
Traceback (most recent call last):
  File "/home/airflow/.local/lib/python3.12/site-packages/airflow/models/dagbag.py", line 383, in parse
    loader.exec_module(new_module)
  File "<frozen importlib._bootstrap_external>", line 995, in exec_module
  File "<frozen importlib._bootstrap>", line 488, in _call_with_frames_removed
  File "/opt/airflow/dags/drive_data_pipeline.py", line 5, in <module>
    import polars as pl
ModuleNotFoundError: No module named 'polars'
[2025-06-30T19:30:29.537+0000] {processor.py:927} WARNING - No viable dags retrieved from /opt/airflow/dags/drive_data_pipeline.py
[2025-06-30T19:30:29.565+0000] {processor.py:208} INFO - Processing /opt/airflow/dags/drive_data_pipeline.py took 0.074 seconds
[2025-06-30T19:30:59.849+0000] {processor.py:186} INFO - Started process (PID=949) to work on /opt/airflow/dags/drive_data_pipeline.py
[2025-06-30T19:30:59.850+0000] {processor.py:914} INFO - Processing file /opt/airflow/dags/drive_data_pipeline.py for tasks to queue
[2025-06-30T19:30:59.856+0000] {logging_mixin.py:190} INFO - [2025-06-30T19:30:59.856+0000] {dagbag.py:588} INFO - Filling up the DagBag from /opt/airflow/dags/drive_data_pipeline.py
[2025-06-30T19:30:59.885+0000] {logging_mixin.py:190} INFO - [2025-06-30T19:30:59.880+0000] {dagbag.py:387} ERROR - Failed to import: /opt/airflow/dags/drive_data_pipeline.py
Traceback (most recent call last):
  File "/home/airflow/.local/lib/python3.12/site-packages/airflow/models/dagbag.py", line 383, in parse
    loader.exec_module(new_module)
  File "<frozen importlib._bootstrap_external>", line 995, in exec_module
  File "<frozen importlib._bootstrap>", line 488, in _call_with_frames_removed
  File "/opt/airflow/dags/drive_data_pipeline.py", line 5, in <module>
    import polars as pl
ModuleNotFoundError: No module named 'polars'
[2025-06-30T19:30:59.887+0000] {processor.py:927} WARNING - No viable dags retrieved from /opt/airflow/dags/drive_data_pipeline.py
[2025-06-30T19:30:59.917+0000] {processor.py:208} INFO - Processing /opt/airflow/dags/drive_data_pipeline.py took 0.079 seconds
[2025-06-30T19:31:30.196+0000] {processor.py:186} INFO - Started process (PID=956) to work on /opt/airflow/dags/drive_data_pipeline.py
[2025-06-30T19:31:30.199+0000] {processor.py:914} INFO - Processing file /opt/airflow/dags/drive_data_pipeline.py for tasks to queue
[2025-06-30T19:31:30.207+0000] {logging_mixin.py:190} INFO - [2025-06-30T19:31:30.207+0000] {dagbag.py:588} INFO - Filling up the DagBag from /opt/airflow/dags/drive_data_pipeline.py
[2025-06-30T19:31:30.244+0000] {logging_mixin.py:190} INFO - [2025-06-30T19:31:30.237+0000] {dagbag.py:387} ERROR - Failed to import: /opt/airflow/dags/drive_data_pipeline.py
Traceback (most recent call last):
  File "/home/airflow/.local/lib/python3.12/site-packages/airflow/models/dagbag.py", line 383, in parse
    loader.exec_module(new_module)
  File "<frozen importlib._bootstrap_external>", line 995, in exec_module
  File "<frozen importlib._bootstrap>", line 488, in _call_with_frames_removed
  File "/opt/airflow/dags/drive_data_pipeline.py", line 5, in <module>
    import polars as pl
ModuleNotFoundError: No module named 'polars'
[2025-06-30T19:31:30.248+0000] {processor.py:927} WARNING - No viable dags retrieved from /opt/airflow/dags/drive_data_pipeline.py
[2025-06-30T19:31:30.278+0000] {processor.py:208} INFO - Processing /opt/airflow/dags/drive_data_pipeline.py took 0.097 seconds
[2025-06-30T19:32:00.534+0000] {processor.py:186} INFO - Started process (PID=963) to work on /opt/airflow/dags/drive_data_pipeline.py
[2025-06-30T19:32:00.536+0000] {processor.py:914} INFO - Processing file /opt/airflow/dags/drive_data_pipeline.py for tasks to queue
[2025-06-30T19:32:00.544+0000] {logging_mixin.py:190} INFO - [2025-06-30T19:32:00.543+0000] {dagbag.py:588} INFO - Filling up the DagBag from /opt/airflow/dags/drive_data_pipeline.py
[2025-06-30T19:32:00.575+0000] {logging_mixin.py:190} INFO - [2025-06-30T19:32:00.570+0000] {dagbag.py:387} ERROR - Failed to import: /opt/airflow/dags/drive_data_pipeline.py
Traceback (most recent call last):
  File "/home/airflow/.local/lib/python3.12/site-packages/airflow/models/dagbag.py", line 383, in parse
    loader.exec_module(new_module)
  File "<frozen importlib._bootstrap_external>", line 995, in exec_module
  File "<frozen importlib._bootstrap>", line 488, in _call_with_frames_removed
  File "/opt/airflow/dags/drive_data_pipeline.py", line 5, in <module>
    import polars as pl
ModuleNotFoundError: No module named 'polars'
[2025-06-30T19:32:00.577+0000] {processor.py:927} WARNING - No viable dags retrieved from /opt/airflow/dags/drive_data_pipeline.py
[2025-06-30T19:32:00.616+0000] {processor.py:208} INFO - Processing /opt/airflow/dags/drive_data_pipeline.py took 0.098 seconds
[2025-06-30T19:32:30.857+0000] {processor.py:186} INFO - Started process (PID=970) to work on /opt/airflow/dags/drive_data_pipeline.py
[2025-06-30T19:32:30.860+0000] {processor.py:914} INFO - Processing file /opt/airflow/dags/drive_data_pipeline.py for tasks to queue
[2025-06-30T19:32:30.864+0000] {logging_mixin.py:190} INFO - [2025-06-30T19:32:30.864+0000] {dagbag.py:588} INFO - Filling up the DagBag from /opt/airflow/dags/drive_data_pipeline.py
[2025-06-30T19:32:30.892+0000] {logging_mixin.py:190} INFO - [2025-06-30T19:32:30.886+0000] {dagbag.py:387} ERROR - Failed to import: /opt/airflow/dags/drive_data_pipeline.py
Traceback (most recent call last):
  File "/home/airflow/.local/lib/python3.12/site-packages/airflow/models/dagbag.py", line 383, in parse
    loader.exec_module(new_module)
  File "<frozen importlib._bootstrap_external>", line 995, in exec_module
  File "<frozen importlib._bootstrap>", line 488, in _call_with_frames_removed
  File "/opt/airflow/dags/drive_data_pipeline.py", line 5, in <module>
    import polars as pl
ModuleNotFoundError: No module named 'polars'
[2025-06-30T19:32:30.895+0000] {processor.py:927} WARNING - No viable dags retrieved from /opt/airflow/dags/drive_data_pipeline.py
[2025-06-30T19:32:30.922+0000] {processor.py:208} INFO - Processing /opt/airflow/dags/drive_data_pipeline.py took 0.074 seconds
[2025-06-30T19:33:01.238+0000] {processor.py:186} INFO - Started process (PID=977) to work on /opt/airflow/dags/drive_data_pipeline.py
[2025-06-30T19:33:01.241+0000] {processor.py:914} INFO - Processing file /opt/airflow/dags/drive_data_pipeline.py for tasks to queue
[2025-06-30T19:33:01.248+0000] {logging_mixin.py:190} INFO - [2025-06-30T19:33:01.247+0000] {dagbag.py:588} INFO - Filling up the DagBag from /opt/airflow/dags/drive_data_pipeline.py
[2025-06-30T19:33:01.282+0000] {logging_mixin.py:190} INFO - [2025-06-30T19:33:01.275+0000] {dagbag.py:387} ERROR - Failed to import: /opt/airflow/dags/drive_data_pipeline.py
Traceback (most recent call last):
  File "/home/airflow/.local/lib/python3.12/site-packages/airflow/models/dagbag.py", line 383, in parse
    loader.exec_module(new_module)
  File "<frozen importlib._bootstrap_external>", line 995, in exec_module
  File "<frozen importlib._bootstrap>", line 488, in _call_with_frames_removed
  File "/opt/airflow/dags/drive_data_pipeline.py", line 5, in <module>
    import polars as pl
ModuleNotFoundError: No module named 'polars'
[2025-06-30T19:33:01.285+0000] {processor.py:927} WARNING - No viable dags retrieved from /opt/airflow/dags/drive_data_pipeline.py
[2025-06-30T19:33:01.330+0000] {processor.py:208} INFO - Processing /opt/airflow/dags/drive_data_pipeline.py took 0.107 seconds
[2025-06-30T19:33:31.576+0000] {processor.py:186} INFO - Started process (PID=984) to work on /opt/airflow/dags/drive_data_pipeline.py
[2025-06-30T19:33:31.578+0000] {processor.py:914} INFO - Processing file /opt/airflow/dags/drive_data_pipeline.py for tasks to queue
[2025-06-30T19:33:31.585+0000] {logging_mixin.py:190} INFO - [2025-06-30T19:33:31.584+0000] {dagbag.py:588} INFO - Filling up the DagBag from /opt/airflow/dags/drive_data_pipeline.py
[2025-06-30T19:33:31.619+0000] {logging_mixin.py:190} INFO - [2025-06-30T19:33:31.611+0000] {dagbag.py:387} ERROR - Failed to import: /opt/airflow/dags/drive_data_pipeline.py
Traceback (most recent call last):
  File "/home/airflow/.local/lib/python3.12/site-packages/airflow/models/dagbag.py", line 383, in parse
    loader.exec_module(new_module)
  File "<frozen importlib._bootstrap_external>", line 995, in exec_module
  File "<frozen importlib._bootstrap>", line 488, in _call_with_frames_removed
  File "/opt/airflow/dags/drive_data_pipeline.py", line 5, in <module>
    import polars as pl
ModuleNotFoundError: No module named 'polars'
[2025-06-30T19:33:31.621+0000] {processor.py:927} WARNING - No viable dags retrieved from /opt/airflow/dags/drive_data_pipeline.py
[2025-06-30T19:33:31.656+0000] {processor.py:208} INFO - Processing /opt/airflow/dags/drive_data_pipeline.py took 0.096 seconds
[2025-06-30T19:34:01.946+0000] {processor.py:186} INFO - Started process (PID=991) to work on /opt/airflow/dags/drive_data_pipeline.py
[2025-06-30T19:34:01.948+0000] {processor.py:914} INFO - Processing file /opt/airflow/dags/drive_data_pipeline.py for tasks to queue
[2025-06-30T19:34:01.953+0000] {logging_mixin.py:190} INFO - [2025-06-30T19:34:01.952+0000] {dagbag.py:588} INFO - Filling up the DagBag from /opt/airflow/dags/drive_data_pipeline.py
[2025-06-30T19:34:01.982+0000] {logging_mixin.py:190} INFO - [2025-06-30T19:34:01.976+0000] {dagbag.py:387} ERROR - Failed to import: /opt/airflow/dags/drive_data_pipeline.py
Traceback (most recent call last):
  File "/home/airflow/.local/lib/python3.12/site-packages/airflow/models/dagbag.py", line 383, in parse
    loader.exec_module(new_module)
  File "<frozen importlib._bootstrap_external>", line 995, in exec_module
  File "<frozen importlib._bootstrap>", line 488, in _call_with_frames_removed
  File "/opt/airflow/dags/drive_data_pipeline.py", line 5, in <module>
    import polars as pl
ModuleNotFoundError: No module named 'polars'
[2025-06-30T19:34:01.984+0000] {processor.py:927} WARNING - No viable dags retrieved from /opt/airflow/dags/drive_data_pipeline.py
[2025-06-30T19:34:02.016+0000] {processor.py:208} INFO - Processing /opt/airflow/dags/drive_data_pipeline.py took 0.082 seconds
[2025-06-30T19:34:32.275+0000] {processor.py:186} INFO - Started process (PID=998) to work on /opt/airflow/dags/drive_data_pipeline.py
[2025-06-30T19:34:32.277+0000] {processor.py:914} INFO - Processing file /opt/airflow/dags/drive_data_pipeline.py for tasks to queue
[2025-06-30T19:34:32.282+0000] {logging_mixin.py:190} INFO - [2025-06-30T19:34:32.282+0000] {dagbag.py:588} INFO - Filling up the DagBag from /opt/airflow/dags/drive_data_pipeline.py
[2025-06-30T19:34:32.311+0000] {logging_mixin.py:190} INFO - [2025-06-30T19:34:32.304+0000] {dagbag.py:387} ERROR - Failed to import: /opt/airflow/dags/drive_data_pipeline.py
Traceback (most recent call last):
  File "/home/airflow/.local/lib/python3.12/site-packages/airflow/models/dagbag.py", line 383, in parse
    loader.exec_module(new_module)
  File "<frozen importlib._bootstrap_external>", line 995, in exec_module
  File "<frozen importlib._bootstrap>", line 488, in _call_with_frames_removed
  File "/opt/airflow/dags/drive_data_pipeline.py", line 5, in <module>
    import polars as pl
ModuleNotFoundError: No module named 'polars'
[2025-06-30T19:34:32.316+0000] {processor.py:927} WARNING - No viable dags retrieved from /opt/airflow/dags/drive_data_pipeline.py
[2025-06-30T19:34:32.349+0000] {processor.py:208} INFO - Processing /opt/airflow/dags/drive_data_pipeline.py took 0.083 seconds
[2025-06-30T19:35:02.668+0000] {processor.py:186} INFO - Started process (PID=1005) to work on /opt/airflow/dags/drive_data_pipeline.py
[2025-06-30T19:35:02.670+0000] {processor.py:914} INFO - Processing file /opt/airflow/dags/drive_data_pipeline.py for tasks to queue
[2025-06-30T19:35:02.676+0000] {logging_mixin.py:190} INFO - [2025-06-30T19:35:02.675+0000] {dagbag.py:588} INFO - Filling up the DagBag from /opt/airflow/dags/drive_data_pipeline.py
[2025-06-30T19:35:02.703+0000] {logging_mixin.py:190} INFO - [2025-06-30T19:35:02.698+0000] {dagbag.py:387} ERROR - Failed to import: /opt/airflow/dags/drive_data_pipeline.py
Traceback (most recent call last):
  File "/home/airflow/.local/lib/python3.12/site-packages/airflow/models/dagbag.py", line 383, in parse
    loader.exec_module(new_module)
  File "<frozen importlib._bootstrap_external>", line 995, in exec_module
  File "<frozen importlib._bootstrap>", line 488, in _call_with_frames_removed
  File "/opt/airflow/dags/drive_data_pipeline.py", line 5, in <module>
    import polars as pl
ModuleNotFoundError: No module named 'polars'
[2025-06-30T19:35:02.706+0000] {processor.py:927} WARNING - No viable dags retrieved from /opt/airflow/dags/drive_data_pipeline.py
[2025-06-30T19:35:02.739+0000] {processor.py:208} INFO - Processing /opt/airflow/dags/drive_data_pipeline.py took 0.082 seconds
[2025-06-30T19:35:32.978+0000] {processor.py:186} INFO - Started process (PID=1012) to work on /opt/airflow/dags/drive_data_pipeline.py
[2025-06-30T19:35:32.980+0000] {processor.py:914} INFO - Processing file /opt/airflow/dags/drive_data_pipeline.py for tasks to queue
[2025-06-30T19:35:32.984+0000] {logging_mixin.py:190} INFO - [2025-06-30T19:35:32.984+0000] {dagbag.py:588} INFO - Filling up the DagBag from /opt/airflow/dags/drive_data_pipeline.py
[2025-06-30T19:35:33.020+0000] {logging_mixin.py:190} INFO - [2025-06-30T19:35:33.012+0000] {dagbag.py:387} ERROR - Failed to import: /opt/airflow/dags/drive_data_pipeline.py
Traceback (most recent call last):
  File "/home/airflow/.local/lib/python3.12/site-packages/airflow/models/dagbag.py", line 383, in parse
    loader.exec_module(new_module)
  File "<frozen importlib._bootstrap_external>", line 995, in exec_module
  File "<frozen importlib._bootstrap>", line 488, in _call_with_frames_removed
  File "/opt/airflow/dags/drive_data_pipeline.py", line 5, in <module>
    import polars as pl
ModuleNotFoundError: No module named 'polars'
[2025-06-30T19:35:33.023+0000] {processor.py:927} WARNING - No viable dags retrieved from /opt/airflow/dags/drive_data_pipeline.py
[2025-06-30T19:35:33.049+0000] {processor.py:208} INFO - Processing /opt/airflow/dags/drive_data_pipeline.py took 0.081 seconds
[2025-06-30T19:36:03.329+0000] {processor.py:186} INFO - Started process (PID=1019) to work on /opt/airflow/dags/drive_data_pipeline.py
[2025-06-30T19:36:03.330+0000] {processor.py:914} INFO - Processing file /opt/airflow/dags/drive_data_pipeline.py for tasks to queue
[2025-06-30T19:36:03.334+0000] {logging_mixin.py:190} INFO - [2025-06-30T19:36:03.334+0000] {dagbag.py:588} INFO - Filling up the DagBag from /opt/airflow/dags/drive_data_pipeline.py
[2025-06-30T19:36:03.361+0000] {logging_mixin.py:190} INFO - [2025-06-30T19:36:03.356+0000] {dagbag.py:387} ERROR - Failed to import: /opt/airflow/dags/drive_data_pipeline.py
Traceback (most recent call last):
  File "/home/airflow/.local/lib/python3.12/site-packages/airflow/models/dagbag.py", line 383, in parse
    loader.exec_module(new_module)
  File "<frozen importlib._bootstrap_external>", line 995, in exec_module
  File "<frozen importlib._bootstrap>", line 488, in _call_with_frames_removed
  File "/opt/airflow/dags/drive_data_pipeline.py", line 5, in <module>
    import polars as pl
ModuleNotFoundError: No module named 'polars'
[2025-06-30T19:36:03.363+0000] {processor.py:927} WARNING - No viable dags retrieved from /opt/airflow/dags/drive_data_pipeline.py
[2025-06-30T19:36:03.392+0000] {processor.py:208} INFO - Processing /opt/airflow/dags/drive_data_pipeline.py took 0.071 seconds
[2025-06-30T19:36:33.621+0000] {processor.py:186} INFO - Started process (PID=1026) to work on /opt/airflow/dags/drive_data_pipeline.py
[2025-06-30T19:36:33.623+0000] {processor.py:914} INFO - Processing file /opt/airflow/dags/drive_data_pipeline.py for tasks to queue
[2025-06-30T19:36:33.627+0000] {logging_mixin.py:190} INFO - [2025-06-30T19:36:33.626+0000] {dagbag.py:588} INFO - Filling up the DagBag from /opt/airflow/dags/drive_data_pipeline.py
[2025-06-30T19:36:33.655+0000] {logging_mixin.py:190} INFO - [2025-06-30T19:36:33.648+0000] {dagbag.py:387} ERROR - Failed to import: /opt/airflow/dags/drive_data_pipeline.py
Traceback (most recent call last):
  File "/home/airflow/.local/lib/python3.12/site-packages/airflow/models/dagbag.py", line 383, in parse
    loader.exec_module(new_module)
  File "<frozen importlib._bootstrap_external>", line 995, in exec_module
  File "<frozen importlib._bootstrap>", line 488, in _call_with_frames_removed
  File "/opt/airflow/dags/drive_data_pipeline.py", line 5, in <module>
    import polars as pl
ModuleNotFoundError: No module named 'polars'
[2025-06-30T19:36:33.657+0000] {processor.py:927} WARNING - No viable dags retrieved from /opt/airflow/dags/drive_data_pipeline.py
[2025-06-30T19:36:33.688+0000] {processor.py:208} INFO - Processing /opt/airflow/dags/drive_data_pipeline.py took 0.075 seconds
[2025-06-30T19:37:04.009+0000] {processor.py:186} INFO - Started process (PID=1034) to work on /opt/airflow/dags/drive_data_pipeline.py
[2025-06-30T19:37:04.010+0000] {processor.py:914} INFO - Processing file /opt/airflow/dags/drive_data_pipeline.py for tasks to queue
[2025-06-30T19:37:04.014+0000] {logging_mixin.py:190} INFO - [2025-06-30T19:37:04.013+0000] {dagbag.py:588} INFO - Filling up the DagBag from /opt/airflow/dags/drive_data_pipeline.py
[2025-06-30T19:37:04.042+0000] {logging_mixin.py:190} INFO - [2025-06-30T19:37:04.036+0000] {dagbag.py:387} ERROR - Failed to import: /opt/airflow/dags/drive_data_pipeline.py
Traceback (most recent call last):
  File "/home/airflow/.local/lib/python3.12/site-packages/airflow/models/dagbag.py", line 383, in parse
    loader.exec_module(new_module)
  File "<frozen importlib._bootstrap_external>", line 995, in exec_module
  File "<frozen importlib._bootstrap>", line 488, in _call_with_frames_removed
  File "/opt/airflow/dags/drive_data_pipeline.py", line 5, in <module>
    import polars as pl
ModuleNotFoundError: No module named 'polars'
[2025-06-30T19:37:04.045+0000] {processor.py:927} WARNING - No viable dags retrieved from /opt/airflow/dags/drive_data_pipeline.py
[2025-06-30T19:37:04.072+0000] {processor.py:208} INFO - Processing /opt/airflow/dags/drive_data_pipeline.py took 0.072 seconds
[2025-06-30T19:37:34.326+0000] {processor.py:186} INFO - Started process (PID=1041) to work on /opt/airflow/dags/drive_data_pipeline.py
[2025-06-30T19:37:34.327+0000] {processor.py:914} INFO - Processing file /opt/airflow/dags/drive_data_pipeline.py for tasks to queue
[2025-06-30T19:37:34.331+0000] {logging_mixin.py:190} INFO - [2025-06-30T19:37:34.331+0000] {dagbag.py:588} INFO - Filling up the DagBag from /opt/airflow/dags/drive_data_pipeline.py
[2025-06-30T19:37:34.360+0000] {logging_mixin.py:190} INFO - [2025-06-30T19:37:34.355+0000] {dagbag.py:387} ERROR - Failed to import: /opt/airflow/dags/drive_data_pipeline.py
Traceback (most recent call last):
  File "/home/airflow/.local/lib/python3.12/site-packages/airflow/models/dagbag.py", line 383, in parse
    loader.exec_module(new_module)
  File "<frozen importlib._bootstrap_external>", line 995, in exec_module
  File "<frozen importlib._bootstrap>", line 488, in _call_with_frames_removed
  File "/opt/airflow/dags/drive_data_pipeline.py", line 5, in <module>
    import polars as pl
ModuleNotFoundError: No module named 'polars'
[2025-06-30T19:37:34.362+0000] {processor.py:927} WARNING - No viable dags retrieved from /opt/airflow/dags/drive_data_pipeline.py
[2025-06-30T19:37:34.393+0000] {processor.py:208} INFO - Processing /opt/airflow/dags/drive_data_pipeline.py took 0.077 seconds
[2025-06-30T19:38:04.742+0000] {processor.py:186} INFO - Started process (PID=1049) to work on /opt/airflow/dags/drive_data_pipeline.py
[2025-06-30T19:38:04.744+0000] {processor.py:914} INFO - Processing file /opt/airflow/dags/drive_data_pipeline.py for tasks to queue
[2025-06-30T19:38:04.750+0000] {logging_mixin.py:190} INFO - [2025-06-30T19:38:04.749+0000] {dagbag.py:588} INFO - Filling up the DagBag from /opt/airflow/dags/drive_data_pipeline.py
[2025-06-30T19:38:04.782+0000] {logging_mixin.py:190} INFO - [2025-06-30T19:38:04.774+0000] {dagbag.py:387} ERROR - Failed to import: /opt/airflow/dags/drive_data_pipeline.py
Traceback (most recent call last):
  File "/home/airflow/.local/lib/python3.12/site-packages/airflow/models/dagbag.py", line 383, in parse
    loader.exec_module(new_module)
  File "<frozen importlib._bootstrap_external>", line 995, in exec_module
  File "<frozen importlib._bootstrap>", line 488, in _call_with_frames_removed
  File "/opt/airflow/dags/drive_data_pipeline.py", line 5, in <module>
    import polars as pl
ModuleNotFoundError: No module named 'polars'
[2025-06-30T19:38:04.785+0000] {processor.py:927} WARNING - No viable dags retrieved from /opt/airflow/dags/drive_data_pipeline.py
[2025-06-30T19:38:04.823+0000] {processor.py:208} INFO - Processing /opt/airflow/dags/drive_data_pipeline.py took 0.093 seconds
[2025-06-30T19:38:35.079+0000] {processor.py:186} INFO - Started process (PID=1056) to work on /opt/airflow/dags/drive_data_pipeline.py
[2025-06-30T19:38:35.083+0000] {processor.py:914} INFO - Processing file /opt/airflow/dags/drive_data_pipeline.py for tasks to queue
[2025-06-30T19:38:35.088+0000] {logging_mixin.py:190} INFO - [2025-06-30T19:38:35.087+0000] {dagbag.py:588} INFO - Filling up the DagBag from /opt/airflow/dags/drive_data_pipeline.py
[2025-06-30T19:38:35.124+0000] {logging_mixin.py:190} INFO - [2025-06-30T19:38:35.117+0000] {dagbag.py:387} ERROR - Failed to import: /opt/airflow/dags/drive_data_pipeline.py
Traceback (most recent call last):
  File "/home/airflow/.local/lib/python3.12/site-packages/airflow/models/dagbag.py", line 383, in parse
    loader.exec_module(new_module)
  File "<frozen importlib._bootstrap_external>", line 995, in exec_module
  File "<frozen importlib._bootstrap>", line 488, in _call_with_frames_removed
  File "/opt/airflow/dags/drive_data_pipeline.py", line 5, in <module>
    import polars as pl
ModuleNotFoundError: No module named 'polars'
[2025-06-30T19:38:35.128+0000] {processor.py:927} WARNING - No viable dags retrieved from /opt/airflow/dags/drive_data_pipeline.py
[2025-06-30T19:38:35.158+0000] {processor.py:208} INFO - Processing /opt/airflow/dags/drive_data_pipeline.py took 0.090 seconds
[2025-06-30T19:39:05.415+0000] {processor.py:186} INFO - Started process (PID=1063) to work on /opt/airflow/dags/drive_data_pipeline.py
[2025-06-30T19:39:05.417+0000] {processor.py:914} INFO - Processing file /opt/airflow/dags/drive_data_pipeline.py for tasks to queue
[2025-06-30T19:39:05.421+0000] {logging_mixin.py:190} INFO - [2025-06-30T19:39:05.420+0000] {dagbag.py:588} INFO - Filling up the DagBag from /opt/airflow/dags/drive_data_pipeline.py
[2025-06-30T19:39:05.446+0000] {logging_mixin.py:190} INFO - [2025-06-30T19:39:05.441+0000] {dagbag.py:387} ERROR - Failed to import: /opt/airflow/dags/drive_data_pipeline.py
Traceback (most recent call last):
  File "/home/airflow/.local/lib/python3.12/site-packages/airflow/models/dagbag.py", line 383, in parse
    loader.exec_module(new_module)
  File "<frozen importlib._bootstrap_external>", line 995, in exec_module
  File "<frozen importlib._bootstrap>", line 488, in _call_with_frames_removed
  File "/opt/airflow/dags/drive_data_pipeline.py", line 5, in <module>
    import polars as pl
ModuleNotFoundError: No module named 'polars'
[2025-06-30T19:39:05.448+0000] {processor.py:927} WARNING - No viable dags retrieved from /opt/airflow/dags/drive_data_pipeline.py
[2025-06-30T19:39:05.476+0000] {processor.py:208} INFO - Processing /opt/airflow/dags/drive_data_pipeline.py took 0.070 seconds
[2025-06-30T19:39:35.754+0000] {processor.py:186} INFO - Started process (PID=1070) to work on /opt/airflow/dags/drive_data_pipeline.py
[2025-06-30T19:39:35.755+0000] {processor.py:914} INFO - Processing file /opt/airflow/dags/drive_data_pipeline.py for tasks to queue
[2025-06-30T19:39:35.759+0000] {logging_mixin.py:190} INFO - [2025-06-30T19:39:35.759+0000] {dagbag.py:588} INFO - Filling up the DagBag from /opt/airflow/dags/drive_data_pipeline.py
[2025-06-30T19:39:35.784+0000] {logging_mixin.py:190} INFO - [2025-06-30T19:39:35.779+0000] {dagbag.py:387} ERROR - Failed to import: /opt/airflow/dags/drive_data_pipeline.py
Traceback (most recent call last):
  File "/home/airflow/.local/lib/python3.12/site-packages/airflow/models/dagbag.py", line 383, in parse
    loader.exec_module(new_module)
  File "<frozen importlib._bootstrap_external>", line 995, in exec_module
  File "<frozen importlib._bootstrap>", line 488, in _call_with_frames_removed
  File "/opt/airflow/dags/drive_data_pipeline.py", line 5, in <module>
    import polars as pl
ModuleNotFoundError: No module named 'polars'
[2025-06-30T19:39:35.786+0000] {processor.py:927} WARNING - No viable dags retrieved from /opt/airflow/dags/drive_data_pipeline.py
[2025-06-30T19:39:35.823+0000] {processor.py:208} INFO - Processing /opt/airflow/dags/drive_data_pipeline.py took 0.079 seconds
[2025-06-30T19:40:06.050+0000] {processor.py:186} INFO - Started process (PID=1077) to work on /opt/airflow/dags/drive_data_pipeline.py
[2025-06-30T19:40:06.052+0000] {processor.py:914} INFO - Processing file /opt/airflow/dags/drive_data_pipeline.py for tasks to queue
[2025-06-30T19:40:06.056+0000] {logging_mixin.py:190} INFO - [2025-06-30T19:40:06.056+0000] {dagbag.py:588} INFO - Filling up the DagBag from /opt/airflow/dags/drive_data_pipeline.py
[2025-06-30T19:40:06.082+0000] {logging_mixin.py:190} INFO - [2025-06-30T19:40:06.077+0000] {dagbag.py:387} ERROR - Failed to import: /opt/airflow/dags/drive_data_pipeline.py
Traceback (most recent call last):
  File "/home/airflow/.local/lib/python3.12/site-packages/airflow/models/dagbag.py", line 383, in parse
    loader.exec_module(new_module)
  File "<frozen importlib._bootstrap_external>", line 995, in exec_module
  File "<frozen importlib._bootstrap>", line 488, in _call_with_frames_removed
  File "/opt/airflow/dags/drive_data_pipeline.py", line 5, in <module>
    import polars as pl
ModuleNotFoundError: No module named 'polars'
[2025-06-30T19:40:06.084+0000] {processor.py:927} WARNING - No viable dags retrieved from /opt/airflow/dags/drive_data_pipeline.py
[2025-06-30T19:40:06.112+0000] {processor.py:208} INFO - Processing /opt/airflow/dags/drive_data_pipeline.py took 0.072 seconds
[2025-06-30T19:40:36.376+0000] {processor.py:186} INFO - Started process (PID=1085) to work on /opt/airflow/dags/drive_data_pipeline.py
[2025-06-30T19:40:36.378+0000] {processor.py:914} INFO - Processing file /opt/airflow/dags/drive_data_pipeline.py for tasks to queue
[2025-06-30T19:40:36.381+0000] {logging_mixin.py:190} INFO - [2025-06-30T19:40:36.381+0000] {dagbag.py:588} INFO - Filling up the DagBag from /opt/airflow/dags/drive_data_pipeline.py
[2025-06-30T19:40:36.408+0000] {logging_mixin.py:190} INFO - [2025-06-30T19:40:36.403+0000] {dagbag.py:387} ERROR - Failed to import: /opt/airflow/dags/drive_data_pipeline.py
Traceback (most recent call last):
  File "/home/airflow/.local/lib/python3.12/site-packages/airflow/models/dagbag.py", line 383, in parse
    loader.exec_module(new_module)
  File "<frozen importlib._bootstrap_external>", line 995, in exec_module
  File "<frozen importlib._bootstrap>", line 488, in _call_with_frames_removed
  File "/opt/airflow/dags/drive_data_pipeline.py", line 5, in <module>
    import polars as pl
ModuleNotFoundError: No module named 'polars'
[2025-06-30T19:40:36.409+0000] {processor.py:927} WARNING - No viable dags retrieved from /opt/airflow/dags/drive_data_pipeline.py
[2025-06-30T19:40:36.433+0000] {processor.py:208} INFO - Processing /opt/airflow/dags/drive_data_pipeline.py took 0.064 seconds
[2025-06-30T19:41:06.680+0000] {processor.py:186} INFO - Started process (PID=1092) to work on /opt/airflow/dags/drive_data_pipeline.py
[2025-06-30T19:41:06.682+0000] {processor.py:914} INFO - Processing file /opt/airflow/dags/drive_data_pipeline.py for tasks to queue
[2025-06-30T19:41:06.688+0000] {logging_mixin.py:190} INFO - [2025-06-30T19:41:06.687+0000] {dagbag.py:588} INFO - Filling up the DagBag from /opt/airflow/dags/drive_data_pipeline.py
[2025-06-30T19:41:06.712+0000] {logging_mixin.py:190} INFO - [2025-06-30T19:41:06.708+0000] {dagbag.py:387} ERROR - Failed to import: /opt/airflow/dags/drive_data_pipeline.py
Traceback (most recent call last):
  File "/home/airflow/.local/lib/python3.12/site-packages/airflow/models/dagbag.py", line 383, in parse
    loader.exec_module(new_module)
  File "<frozen importlib._bootstrap_external>", line 995, in exec_module
  File "<frozen importlib._bootstrap>", line 488, in _call_with_frames_removed
  File "/opt/airflow/dags/drive_data_pipeline.py", line 5, in <module>
    import polars as pl
ModuleNotFoundError: No module named 'polars'
[2025-06-30T19:41:06.714+0000] {processor.py:927} WARNING - No viable dags retrieved from /opt/airflow/dags/drive_data_pipeline.py
[2025-06-30T19:41:06.741+0000] {processor.py:208} INFO - Processing /opt/airflow/dags/drive_data_pipeline.py took 0.070 seconds
[2025-06-30T19:41:36.985+0000] {processor.py:186} INFO - Started process (PID=1099) to work on /opt/airflow/dags/drive_data_pipeline.py
[2025-06-30T19:41:36.987+0000] {processor.py:914} INFO - Processing file /opt/airflow/dags/drive_data_pipeline.py for tasks to queue
[2025-06-30T19:41:36.990+0000] {logging_mixin.py:190} INFO - [2025-06-30T19:41:36.990+0000] {dagbag.py:588} INFO - Filling up the DagBag from /opt/airflow/dags/drive_data_pipeline.py
[2025-06-30T19:41:37.019+0000] {logging_mixin.py:190} INFO - [2025-06-30T19:41:37.014+0000] {dagbag.py:387} ERROR - Failed to import: /opt/airflow/dags/drive_data_pipeline.py
Traceback (most recent call last):
  File "/home/airflow/.local/lib/python3.12/site-packages/airflow/models/dagbag.py", line 383, in parse
    loader.exec_module(new_module)
  File "<frozen importlib._bootstrap_external>", line 995, in exec_module
  File "<frozen importlib._bootstrap>", line 488, in _call_with_frames_removed
  File "/opt/airflow/dags/drive_data_pipeline.py", line 5, in <module>
    import polars as pl
ModuleNotFoundError: No module named 'polars'
[2025-06-30T19:41:37.021+0000] {processor.py:927} WARNING - No viable dags retrieved from /opt/airflow/dags/drive_data_pipeline.py
[2025-06-30T19:41:37.047+0000] {processor.py:208} INFO - Processing /opt/airflow/dags/drive_data_pipeline.py took 0.070 seconds
[2025-06-30T19:42:07.371+0000] {processor.py:186} INFO - Started process (PID=1106) to work on /opt/airflow/dags/drive_data_pipeline.py
[2025-06-30T19:42:07.374+0000] {processor.py:914} INFO - Processing file /opt/airflow/dags/drive_data_pipeline.py for tasks to queue
[2025-06-30T19:42:07.377+0000] {logging_mixin.py:190} INFO - [2025-06-30T19:42:07.377+0000] {dagbag.py:588} INFO - Filling up the DagBag from /opt/airflow/dags/drive_data_pipeline.py
[2025-06-30T19:42:07.415+0000] {logging_mixin.py:190} INFO - [2025-06-30T19:42:07.401+0000] {dagbag.py:387} ERROR - Failed to import: /opt/airflow/dags/drive_data_pipeline.py
Traceback (most recent call last):
  File "/home/airflow/.local/lib/python3.12/site-packages/airflow/models/dagbag.py", line 383, in parse
    loader.exec_module(new_module)
  File "<frozen importlib._bootstrap_external>", line 995, in exec_module
  File "<frozen importlib._bootstrap>", line 488, in _call_with_frames_removed
  File "/opt/airflow/dags/drive_data_pipeline.py", line 5, in <module>
    import polars as pl
ModuleNotFoundError: No module named 'polars'
[2025-06-30T19:42:07.417+0000] {processor.py:927} WARNING - No viable dags retrieved from /opt/airflow/dags/drive_data_pipeline.py
[2025-06-30T19:42:07.450+0000] {processor.py:208} INFO - Processing /opt/airflow/dags/drive_data_pipeline.py took 0.088 seconds
[2025-06-30T19:42:37.657+0000] {processor.py:186} INFO - Started process (PID=1113) to work on /opt/airflow/dags/drive_data_pipeline.py
[2025-06-30T19:42:37.659+0000] {processor.py:914} INFO - Processing file /opt/airflow/dags/drive_data_pipeline.py for tasks to queue
[2025-06-30T19:42:37.664+0000] {logging_mixin.py:190} INFO - [2025-06-30T19:42:37.664+0000] {dagbag.py:588} INFO - Filling up the DagBag from /opt/airflow/dags/drive_data_pipeline.py
[2025-06-30T19:42:37.700+0000] {logging_mixin.py:190} INFO - [2025-06-30T19:42:37.691+0000] {dagbag.py:387} ERROR - Failed to import: /opt/airflow/dags/drive_data_pipeline.py
Traceback (most recent call last):
  File "/home/airflow/.local/lib/python3.12/site-packages/airflow/models/dagbag.py", line 383, in parse
    loader.exec_module(new_module)
  File "<frozen importlib._bootstrap_external>", line 995, in exec_module
  File "<frozen importlib._bootstrap>", line 488, in _call_with_frames_removed
  File "/opt/airflow/dags/drive_data_pipeline.py", line 5, in <module>
    import polars as pl
ModuleNotFoundError: No module named 'polars'
[2025-06-30T19:42:37.702+0000] {processor.py:927} WARNING - No viable dags retrieved from /opt/airflow/dags/drive_data_pipeline.py
[2025-06-30T19:42:37.735+0000] {processor.py:208} INFO - Processing /opt/airflow/dags/drive_data_pipeline.py took 0.089 seconds
[2025-06-30T19:43:08.092+0000] {processor.py:186} INFO - Started process (PID=1120) to work on /opt/airflow/dags/drive_data_pipeline.py
[2025-06-30T19:43:08.094+0000] {processor.py:914} INFO - Processing file /opt/airflow/dags/drive_data_pipeline.py for tasks to queue
[2025-06-30T19:43:08.101+0000] {logging_mixin.py:190} INFO - [2025-06-30T19:43:08.099+0000] {dagbag.py:588} INFO - Filling up the DagBag from /opt/airflow/dags/drive_data_pipeline.py
[2025-06-30T19:43:08.141+0000] {logging_mixin.py:190} INFO - [2025-06-30T19:43:08.129+0000] {dagbag.py:387} ERROR - Failed to import: /opt/airflow/dags/drive_data_pipeline.py
Traceback (most recent call last):
  File "/home/airflow/.local/lib/python3.12/site-packages/airflow/models/dagbag.py", line 383, in parse
    loader.exec_module(new_module)
  File "<frozen importlib._bootstrap_external>", line 995, in exec_module
  File "<frozen importlib._bootstrap>", line 488, in _call_with_frames_removed
  File "/opt/airflow/dags/drive_data_pipeline.py", line 5, in <module>
    import polars as pl
ModuleNotFoundError: No module named 'polars'
[2025-06-30T19:43:08.143+0000] {processor.py:927} WARNING - No viable dags retrieved from /opt/airflow/dags/drive_data_pipeline.py
[2025-06-30T19:43:08.183+0000] {processor.py:208} INFO - Processing /opt/airflow/dags/drive_data_pipeline.py took 0.104 seconds
[2025-06-30T19:43:38.483+0000] {processor.py:186} INFO - Started process (PID=1127) to work on /opt/airflow/dags/drive_data_pipeline.py
[2025-06-30T19:43:38.485+0000] {processor.py:914} INFO - Processing file /opt/airflow/dags/drive_data_pipeline.py for tasks to queue
[2025-06-30T19:43:38.490+0000] {logging_mixin.py:190} INFO - [2025-06-30T19:43:38.489+0000] {dagbag.py:588} INFO - Filling up the DagBag from /opt/airflow/dags/drive_data_pipeline.py
[2025-06-30T19:43:38.519+0000] {logging_mixin.py:190} INFO - [2025-06-30T19:43:38.512+0000] {dagbag.py:387} ERROR - Failed to import: /opt/airflow/dags/drive_data_pipeline.py
Traceback (most recent call last):
  File "/home/airflow/.local/lib/python3.12/site-packages/airflow/models/dagbag.py", line 383, in parse
    loader.exec_module(new_module)
  File "<frozen importlib._bootstrap_external>", line 995, in exec_module
  File "<frozen importlib._bootstrap>", line 488, in _call_with_frames_removed
  File "/opt/airflow/dags/drive_data_pipeline.py", line 5, in <module>
    import polars as pl
ModuleNotFoundError: No module named 'polars'
[2025-06-30T19:43:38.522+0000] {processor.py:927} WARNING - No viable dags retrieved from /opt/airflow/dags/drive_data_pipeline.py
[2025-06-30T19:43:38.558+0000] {processor.py:208} INFO - Processing /opt/airflow/dags/drive_data_pipeline.py took 0.087 seconds
[2025-06-30T19:44:08.914+0000] {processor.py:186} INFO - Started process (PID=1134) to work on /opt/airflow/dags/drive_data_pipeline.py
[2025-06-30T19:44:08.917+0000] {processor.py:914} INFO - Processing file /opt/airflow/dags/drive_data_pipeline.py for tasks to queue
[2025-06-30T19:44:08.923+0000] {logging_mixin.py:190} INFO - [2025-06-30T19:44:08.922+0000] {dagbag.py:588} INFO - Filling up the DagBag from /opt/airflow/dags/drive_data_pipeline.py
[2025-06-30T19:44:08.962+0000] {logging_mixin.py:190} INFO - [2025-06-30T19:44:08.952+0000] {dagbag.py:387} ERROR - Failed to import: /opt/airflow/dags/drive_data_pipeline.py
Traceback (most recent call last):
  File "/home/airflow/.local/lib/python3.12/site-packages/airflow/models/dagbag.py", line 383, in parse
    loader.exec_module(new_module)
  File "<frozen importlib._bootstrap_external>", line 995, in exec_module
  File "<frozen importlib._bootstrap>", line 488, in _call_with_frames_removed
  File "/opt/airflow/dags/drive_data_pipeline.py", line 5, in <module>
    import polars as pl
ModuleNotFoundError: No module named 'polars'
[2025-06-30T19:44:08.965+0000] {processor.py:927} WARNING - No viable dags retrieved from /opt/airflow/dags/drive_data_pipeline.py
[2025-06-30T19:44:09.019+0000] {processor.py:208} INFO - Processing /opt/airflow/dags/drive_data_pipeline.py took 0.118 seconds
[2025-06-30T19:44:39.235+0000] {processor.py:186} INFO - Started process (PID=1141) to work on /opt/airflow/dags/drive_data_pipeline.py
[2025-06-30T19:44:39.238+0000] {processor.py:914} INFO - Processing file /opt/airflow/dags/drive_data_pipeline.py for tasks to queue
[2025-06-30T19:44:39.243+0000] {logging_mixin.py:190} INFO - [2025-06-30T19:44:39.242+0000] {dagbag.py:588} INFO - Filling up the DagBag from /opt/airflow/dags/drive_data_pipeline.py
[2025-06-30T19:44:39.275+0000] {logging_mixin.py:190} INFO - [2025-06-30T19:44:39.267+0000] {dagbag.py:387} ERROR - Failed to import: /opt/airflow/dags/drive_data_pipeline.py
Traceback (most recent call last):
  File "/home/airflow/.local/lib/python3.12/site-packages/airflow/models/dagbag.py", line 383, in parse
    loader.exec_module(new_module)
  File "<frozen importlib._bootstrap_external>", line 995, in exec_module
  File "<frozen importlib._bootstrap>", line 488, in _call_with_frames_removed
  File "/opt/airflow/dags/drive_data_pipeline.py", line 5, in <module>
    import polars as pl
ModuleNotFoundError: No module named 'polars'
[2025-06-30T19:44:39.278+0000] {processor.py:927} WARNING - No viable dags retrieved from /opt/airflow/dags/drive_data_pipeline.py
[2025-06-30T19:44:39.320+0000] {processor.py:208} INFO - Processing /opt/airflow/dags/drive_data_pipeline.py took 0.097 seconds
[2025-06-30T19:45:09.644+0000] {processor.py:186} INFO - Started process (PID=1148) to work on /opt/airflow/dags/drive_data_pipeline.py
[2025-06-30T19:45:09.648+0000] {processor.py:914} INFO - Processing file /opt/airflow/dags/drive_data_pipeline.py for tasks to queue
[2025-06-30T19:45:09.655+0000] {logging_mixin.py:190} INFO - [2025-06-30T19:45:09.654+0000] {dagbag.py:588} INFO - Filling up the DagBag from /opt/airflow/dags/drive_data_pipeline.py
[2025-06-30T19:45:09.704+0000] {logging_mixin.py:190} INFO - [2025-06-30T19:45:09.693+0000] {dagbag.py:387} ERROR - Failed to import: /opt/airflow/dags/drive_data_pipeline.py
Traceback (most recent call last):
  File "/home/airflow/.local/lib/python3.12/site-packages/airflow/models/dagbag.py", line 383, in parse
    loader.exec_module(new_module)
  File "<frozen importlib._bootstrap_external>", line 995, in exec_module
  File "<frozen importlib._bootstrap>", line 488, in _call_with_frames_removed
  File "/opt/airflow/dags/drive_data_pipeline.py", line 5, in <module>
    import polars as pl
ModuleNotFoundError: No module named 'polars'
[2025-06-30T19:45:09.707+0000] {processor.py:927} WARNING - No viable dags retrieved from /opt/airflow/dags/drive_data_pipeline.py
[2025-06-30T19:45:09.758+0000] {processor.py:208} INFO - Processing /opt/airflow/dags/drive_data_pipeline.py took 0.131 seconds
[2025-06-30T19:45:39.931+0000] {processor.py:186} INFO - Started process (PID=1155) to work on /opt/airflow/dags/drive_data_pipeline.py
[2025-06-30T19:45:39.933+0000] {processor.py:914} INFO - Processing file /opt/airflow/dags/drive_data_pipeline.py for tasks to queue
[2025-06-30T19:45:39.938+0000] {logging_mixin.py:190} INFO - [2025-06-30T19:45:39.937+0000] {dagbag.py:588} INFO - Filling up the DagBag from /opt/airflow/dags/drive_data_pipeline.py
[2025-06-30T19:45:39.966+0000] {logging_mixin.py:190} INFO - [2025-06-30T19:45:39.959+0000] {dagbag.py:387} ERROR - Failed to import: /opt/airflow/dags/drive_data_pipeline.py
Traceback (most recent call last):
  File "/home/airflow/.local/lib/python3.12/site-packages/airflow/models/dagbag.py", line 383, in parse
    loader.exec_module(new_module)
  File "<frozen importlib._bootstrap_external>", line 995, in exec_module
  File "<frozen importlib._bootstrap>", line 488, in _call_with_frames_removed
  File "/opt/airflow/dags/drive_data_pipeline.py", line 5, in <module>
    import polars as pl
ModuleNotFoundError: No module named 'polars'
[2025-06-30T19:45:39.968+0000] {processor.py:927} WARNING - No viable dags retrieved from /opt/airflow/dags/drive_data_pipeline.py
[2025-06-30T19:45:40.000+0000] {processor.py:208} INFO - Processing /opt/airflow/dags/drive_data_pipeline.py took 0.081 seconds
[2025-06-30T19:46:10.201+0000] {processor.py:186} INFO - Started process (PID=1162) to work on /opt/airflow/dags/drive_data_pipeline.py
[2025-06-30T19:46:10.203+0000] {processor.py:914} INFO - Processing file /opt/airflow/dags/drive_data_pipeline.py for tasks to queue
[2025-06-30T19:46:10.208+0000] {logging_mixin.py:190} INFO - [2025-06-30T19:46:10.206+0000] {dagbag.py:588} INFO - Filling up the DagBag from /opt/airflow/dags/drive_data_pipeline.py
[2025-06-30T19:46:10.236+0000] {logging_mixin.py:190} INFO - [2025-06-30T19:46:10.229+0000] {dagbag.py:387} ERROR - Failed to import: /opt/airflow/dags/drive_data_pipeline.py
Traceback (most recent call last):
  File "/home/airflow/.local/lib/python3.12/site-packages/airflow/models/dagbag.py", line 383, in parse
    loader.exec_module(new_module)
  File "<frozen importlib._bootstrap_external>", line 995, in exec_module
  File "<frozen importlib._bootstrap>", line 488, in _call_with_frames_removed
  File "/opt/airflow/dags/drive_data_pipeline.py", line 5, in <module>
    import polars as pl
ModuleNotFoundError: No module named 'polars'
[2025-06-30T19:46:10.238+0000] {processor.py:927} WARNING - No viable dags retrieved from /opt/airflow/dags/drive_data_pipeline.py
[2025-06-30T19:46:10.270+0000] {processor.py:208} INFO - Processing /opt/airflow/dags/drive_data_pipeline.py took 0.080 seconds
[2025-06-30T19:46:40.582+0000] {processor.py:186} INFO - Started process (PID=1168) to work on /opt/airflow/dags/drive_data_pipeline.py
[2025-06-30T19:46:40.584+0000] {processor.py:914} INFO - Processing file /opt/airflow/dags/drive_data_pipeline.py for tasks to queue
[2025-06-30T19:46:40.590+0000] {logging_mixin.py:190} INFO - [2025-06-30T19:46:40.588+0000] {dagbag.py:588} INFO - Filling up the DagBag from /opt/airflow/dags/drive_data_pipeline.py
[2025-06-30T19:46:40.620+0000] {logging_mixin.py:190} INFO - [2025-06-30T19:46:40.613+0000] {dagbag.py:387} ERROR - Failed to import: /opt/airflow/dags/drive_data_pipeline.py
Traceback (most recent call last):
  File "/home/airflow/.local/lib/python3.12/site-packages/airflow/models/dagbag.py", line 383, in parse
    loader.exec_module(new_module)
  File "<frozen importlib._bootstrap_external>", line 995, in exec_module
  File "<frozen importlib._bootstrap>", line 488, in _call_with_frames_removed
  File "/opt/airflow/dags/drive_data_pipeline.py", line 5, in <module>
    import polars as pl
ModuleNotFoundError: No module named 'polars'
[2025-06-30T19:46:40.622+0000] {processor.py:927} WARNING - No viable dags retrieved from /opt/airflow/dags/drive_data_pipeline.py
[2025-06-30T19:46:40.657+0000] {processor.py:208} INFO - Processing /opt/airflow/dags/drive_data_pipeline.py took 0.086 seconds
[2025-06-30T19:47:10.988+0000] {processor.py:186} INFO - Started process (PID=1175) to work on /opt/airflow/dags/drive_data_pipeline.py
[2025-06-30T19:47:10.990+0000] {processor.py:914} INFO - Processing file /opt/airflow/dags/drive_data_pipeline.py for tasks to queue
[2025-06-30T19:47:10.994+0000] {logging_mixin.py:190} INFO - [2025-06-30T19:47:10.993+0000] {dagbag.py:588} INFO - Filling up the DagBag from /opt/airflow/dags/drive_data_pipeline.py
[2025-06-30T19:47:11.019+0000] {logging_mixin.py:190} INFO - [2025-06-30T19:47:11.011+0000] {dagbag.py:387} ERROR - Failed to import: /opt/airflow/dags/drive_data_pipeline.py
Traceback (most recent call last):
  File "/home/airflow/.local/lib/python3.12/site-packages/airflow/models/dagbag.py", line 383, in parse
    loader.exec_module(new_module)
  File "<frozen importlib._bootstrap_external>", line 995, in exec_module
  File "<frozen importlib._bootstrap>", line 488, in _call_with_frames_removed
  File "/opt/airflow/dags/drive_data_pipeline.py", line 5, in <module>
    import polars as pl
ModuleNotFoundError: No module named 'polars'
[2025-06-30T19:47:11.021+0000] {processor.py:927} WARNING - No viable dags retrieved from /opt/airflow/dags/drive_data_pipeline.py
[2025-06-30T19:47:11.053+0000] {processor.py:208} INFO - Processing /opt/airflow/dags/drive_data_pipeline.py took 0.076 seconds
[2025-06-30T19:47:41.327+0000] {processor.py:186} INFO - Started process (PID=1182) to work on /opt/airflow/dags/drive_data_pipeline.py
[2025-06-30T19:47:41.330+0000] {processor.py:914} INFO - Processing file /opt/airflow/dags/drive_data_pipeline.py for tasks to queue
[2025-06-30T19:47:41.337+0000] {logging_mixin.py:190} INFO - [2025-06-30T19:47:41.335+0000] {dagbag.py:588} INFO - Filling up the DagBag from /opt/airflow/dags/drive_data_pipeline.py
[2025-06-30T19:47:41.370+0000] {logging_mixin.py:190} INFO - [2025-06-30T19:47:41.360+0000] {dagbag.py:387} ERROR - Failed to import: /opt/airflow/dags/drive_data_pipeline.py
Traceback (most recent call last):
  File "/home/airflow/.local/lib/python3.12/site-packages/airflow/models/dagbag.py", line 383, in parse
    loader.exec_module(new_module)
  File "<frozen importlib._bootstrap_external>", line 995, in exec_module
  File "<frozen importlib._bootstrap>", line 488, in _call_with_frames_removed
  File "/opt/airflow/dags/drive_data_pipeline.py", line 5, in <module>
    import polars as pl
ModuleNotFoundError: No module named 'polars'
[2025-06-30T19:47:41.372+0000] {processor.py:927} WARNING - No viable dags retrieved from /opt/airflow/dags/drive_data_pipeline.py
[2025-06-30T19:47:41.414+0000] {processor.py:208} INFO - Processing /opt/airflow/dags/drive_data_pipeline.py took 0.096 seconds
[2025-06-30T19:48:11.775+0000] {processor.py:186} INFO - Started process (PID=1190) to work on /opt/airflow/dags/drive_data_pipeline.py
[2025-06-30T19:48:11.779+0000] {processor.py:914} INFO - Processing file /opt/airflow/dags/drive_data_pipeline.py for tasks to queue
[2025-06-30T19:48:11.786+0000] {logging_mixin.py:190} INFO - [2025-06-30T19:48:11.783+0000] {dagbag.py:588} INFO - Filling up the DagBag from /opt/airflow/dags/drive_data_pipeline.py
[2025-06-30T19:48:11.832+0000] {logging_mixin.py:190} INFO - [2025-06-30T19:48:11.820+0000] {dagbag.py:387} ERROR - Failed to import: /opt/airflow/dags/drive_data_pipeline.py
Traceback (most recent call last):
  File "/home/airflow/.local/lib/python3.12/site-packages/airflow/models/dagbag.py", line 383, in parse
    loader.exec_module(new_module)
  File "<frozen importlib._bootstrap_external>", line 995, in exec_module
  File "<frozen importlib._bootstrap>", line 488, in _call_with_frames_removed
  File "/opt/airflow/dags/drive_data_pipeline.py", line 5, in <module>
    import polars as pl
ModuleNotFoundError: No module named 'polars'
[2025-06-30T19:48:11.835+0000] {processor.py:927} WARNING - No viable dags retrieved from /opt/airflow/dags/drive_data_pipeline.py
[2025-06-30T19:48:12.078+0000] {processor.py:208} INFO - Processing /opt/airflow/dags/drive_data_pipeline.py took 0.324 seconds
[2025-06-30T19:48:42.520+0000] {processor.py:186} INFO - Started process (PID=1197) to work on /opt/airflow/dags/drive_data_pipeline.py
[2025-06-30T19:48:42.522+0000] {processor.py:914} INFO - Processing file /opt/airflow/dags/drive_data_pipeline.py for tasks to queue
[2025-06-30T19:48:42.527+0000] {logging_mixin.py:190} INFO - [2025-06-30T19:48:42.525+0000] {dagbag.py:588} INFO - Filling up the DagBag from /opt/airflow/dags/drive_data_pipeline.py
[2025-06-30T19:48:42.555+0000] {logging_mixin.py:190} INFO - [2025-06-30T19:48:42.547+0000] {dagbag.py:387} ERROR - Failed to import: /opt/airflow/dags/drive_data_pipeline.py
Traceback (most recent call last):
  File "/home/airflow/.local/lib/python3.12/site-packages/airflow/models/dagbag.py", line 383, in parse
    loader.exec_module(new_module)
  File "<frozen importlib._bootstrap_external>", line 995, in exec_module
  File "<frozen importlib._bootstrap>", line 488, in _call_with_frames_removed
  File "/opt/airflow/dags/drive_data_pipeline.py", line 5, in <module>
    import polars as pl
ModuleNotFoundError: No module named 'polars'
[2025-06-30T19:48:42.557+0000] {processor.py:927} WARNING - No viable dags retrieved from /opt/airflow/dags/drive_data_pipeline.py
[2025-06-30T19:48:42.588+0000] {processor.py:208} INFO - Processing /opt/airflow/dags/drive_data_pipeline.py took 0.080 seconds
[2025-06-30T19:49:12.851+0000] {processor.py:186} INFO - Started process (PID=1204) to work on /opt/airflow/dags/drive_data_pipeline.py
[2025-06-30T19:49:12.853+0000] {processor.py:914} INFO - Processing file /opt/airflow/dags/drive_data_pipeline.py for tasks to queue
[2025-06-30T19:49:12.858+0000] {logging_mixin.py:190} INFO - [2025-06-30T19:49:12.857+0000] {dagbag.py:588} INFO - Filling up the DagBag from /opt/airflow/dags/drive_data_pipeline.py
[2025-06-30T19:49:12.889+0000] {logging_mixin.py:190} INFO - [2025-06-30T19:49:12.880+0000] {dagbag.py:387} ERROR - Failed to import: /opt/airflow/dags/drive_data_pipeline.py
Traceback (most recent call last):
  File "/home/airflow/.local/lib/python3.12/site-packages/airflow/models/dagbag.py", line 383, in parse
    loader.exec_module(new_module)
  File "<frozen importlib._bootstrap_external>", line 995, in exec_module
  File "<frozen importlib._bootstrap>", line 488, in _call_with_frames_removed
  File "/opt/airflow/dags/drive_data_pipeline.py", line 5, in <module>
    import polars as pl
ModuleNotFoundError: No module named 'polars'
[2025-06-30T19:49:12.891+0000] {processor.py:927} WARNING - No viable dags retrieved from /opt/airflow/dags/drive_data_pipeline.py
[2025-06-30T19:49:12.919+0000] {processor.py:208} INFO - Processing /opt/airflow/dags/drive_data_pipeline.py took 0.079 seconds
[2025-06-30T19:49:43.361+0000] {processor.py:186} INFO - Started process (PID=1211) to work on /opt/airflow/dags/drive_data_pipeline.py
[2025-06-30T19:49:43.363+0000] {processor.py:914} INFO - Processing file /opt/airflow/dags/drive_data_pipeline.py for tasks to queue
[2025-06-30T19:49:43.369+0000] {logging_mixin.py:190} INFO - [2025-06-30T19:49:43.366+0000] {dagbag.py:588} INFO - Filling up the DagBag from /opt/airflow/dags/drive_data_pipeline.py
[2025-06-30T19:49:43.405+0000] {logging_mixin.py:190} INFO - [2025-06-30T19:49:43.395+0000] {dagbag.py:387} ERROR - Failed to import: /opt/airflow/dags/drive_data_pipeline.py
Traceback (most recent call last):
  File "/home/airflow/.local/lib/python3.12/site-packages/airflow/models/dagbag.py", line 383, in parse
    loader.exec_module(new_module)
  File "<frozen importlib._bootstrap_external>", line 995, in exec_module
  File "<frozen importlib._bootstrap>", line 488, in _call_with_frames_removed
  File "/opt/airflow/dags/drive_data_pipeline.py", line 5, in <module>
    import polars as pl
ModuleNotFoundError: No module named 'polars'
[2025-06-30T19:49:43.407+0000] {processor.py:927} WARNING - No viable dags retrieved from /opt/airflow/dags/drive_data_pipeline.py
[2025-06-30T19:49:43.452+0000] {processor.py:208} INFO - Processing /opt/airflow/dags/drive_data_pipeline.py took 0.103 seconds
[2025-06-30T19:50:13.829+0000] {processor.py:186} INFO - Started process (PID=1218) to work on /opt/airflow/dags/drive_data_pipeline.py
[2025-06-30T19:50:13.831+0000] {processor.py:914} INFO - Processing file /opt/airflow/dags/drive_data_pipeline.py for tasks to queue
[2025-06-30T19:50:13.835+0000] {logging_mixin.py:190} INFO - [2025-06-30T19:50:13.834+0000] {dagbag.py:588} INFO - Filling up the DagBag from /opt/airflow/dags/drive_data_pipeline.py
[2025-06-30T19:50:13.872+0000] {logging_mixin.py:190} INFO - [2025-06-30T19:50:13.861+0000] {dagbag.py:387} ERROR - Failed to import: /opt/airflow/dags/drive_data_pipeline.py
Traceback (most recent call last):
  File "/home/airflow/.local/lib/python3.12/site-packages/airflow/models/dagbag.py", line 383, in parse
    loader.exec_module(new_module)
  File "<frozen importlib._bootstrap_external>", line 995, in exec_module
  File "<frozen importlib._bootstrap>", line 488, in _call_with_frames_removed
  File "/opt/airflow/dags/drive_data_pipeline.py", line 5, in <module>
    import polars as pl
ModuleNotFoundError: No module named 'polars'
[2025-06-30T19:50:13.874+0000] {processor.py:927} WARNING - No viable dags retrieved from /opt/airflow/dags/drive_data_pipeline.py
[2025-06-30T19:50:13.915+0000] {processor.py:208} INFO - Processing /opt/airflow/dags/drive_data_pipeline.py took 0.100 seconds
[2025-06-30T19:50:44.134+0000] {processor.py:186} INFO - Started process (PID=1226) to work on /opt/airflow/dags/drive_data_pipeline.py
[2025-06-30T19:50:44.136+0000] {processor.py:914} INFO - Processing file /opt/airflow/dags/drive_data_pipeline.py for tasks to queue
[2025-06-30T19:50:44.140+0000] {logging_mixin.py:190} INFO - [2025-06-30T19:50:44.139+0000] {dagbag.py:588} INFO - Filling up the DagBag from /opt/airflow/dags/drive_data_pipeline.py
[2025-06-30T19:50:44.169+0000] {logging_mixin.py:190} INFO - [2025-06-30T19:50:44.162+0000] {dagbag.py:387} ERROR - Failed to import: /opt/airflow/dags/drive_data_pipeline.py
Traceback (most recent call last):
  File "/home/airflow/.local/lib/python3.12/site-packages/airflow/models/dagbag.py", line 383, in parse
    loader.exec_module(new_module)
  File "<frozen importlib._bootstrap_external>", line 995, in exec_module
  File "<frozen importlib._bootstrap>", line 488, in _call_with_frames_removed
  File "/opt/airflow/dags/drive_data_pipeline.py", line 5, in <module>
    import polars as pl
ModuleNotFoundError: No module named 'polars'
[2025-06-30T19:50:44.171+0000] {processor.py:927} WARNING - No viable dags retrieved from /opt/airflow/dags/drive_data_pipeline.py
[2025-06-30T19:50:44.208+0000] {processor.py:208} INFO - Processing /opt/airflow/dags/drive_data_pipeline.py took 0.084 seconds
[2025-06-30T19:51:14.605+0000] {processor.py:186} INFO - Started process (PID=1233) to work on /opt/airflow/dags/drive_data_pipeline.py
[2025-06-30T19:51:14.609+0000] {processor.py:914} INFO - Processing file /opt/airflow/dags/drive_data_pipeline.py for tasks to queue
[2025-06-30T19:51:14.616+0000] {logging_mixin.py:190} INFO - [2025-06-30T19:51:14.614+0000] {dagbag.py:588} INFO - Filling up the DagBag from /opt/airflow/dags/drive_data_pipeline.py
[2025-06-30T19:51:14.671+0000] {logging_mixin.py:190} INFO - [2025-06-30T19:51:14.659+0000] {dagbag.py:387} ERROR - Failed to import: /opt/airflow/dags/drive_data_pipeline.py
Traceback (most recent call last):
  File "/home/airflow/.local/lib/python3.12/site-packages/airflow/models/dagbag.py", line 383, in parse
    loader.exec_module(new_module)
  File "<frozen importlib._bootstrap_external>", line 995, in exec_module
  File "<frozen importlib._bootstrap>", line 488, in _call_with_frames_removed
  File "/opt/airflow/dags/drive_data_pipeline.py", line 5, in <module>
    import polars as pl
ModuleNotFoundError: No module named 'polars'
[2025-06-30T19:51:14.673+0000] {processor.py:927} WARNING - No viable dags retrieved from /opt/airflow/dags/drive_data_pipeline.py
[2025-06-30T19:51:14.838+0000] {processor.py:208} INFO - Processing /opt/airflow/dags/drive_data_pipeline.py took 0.252 seconds
[2025-06-30T19:51:45.133+0000] {processor.py:186} INFO - Started process (PID=1240) to work on /opt/airflow/dags/drive_data_pipeline.py
[2025-06-30T19:51:45.135+0000] {processor.py:914} INFO - Processing file /opt/airflow/dags/drive_data_pipeline.py for tasks to queue
[2025-06-30T19:51:45.140+0000] {logging_mixin.py:190} INFO - [2025-06-30T19:51:45.138+0000] {dagbag.py:588} INFO - Filling up the DagBag from /opt/airflow/dags/drive_data_pipeline.py
[2025-06-30T19:51:45.170+0000] {logging_mixin.py:190} INFO - [2025-06-30T19:51:45.162+0000] {dagbag.py:387} ERROR - Failed to import: /opt/airflow/dags/drive_data_pipeline.py
Traceback (most recent call last):
  File "/home/airflow/.local/lib/python3.12/site-packages/airflow/models/dagbag.py", line 383, in parse
    loader.exec_module(new_module)
  File "<frozen importlib._bootstrap_external>", line 995, in exec_module
  File "<frozen importlib._bootstrap>", line 488, in _call_with_frames_removed
  File "/opt/airflow/dags/drive_data_pipeline.py", line 5, in <module>
    import polars as pl
ModuleNotFoundError: No module named 'polars'
[2025-06-30T19:51:45.172+0000] {processor.py:927} WARNING - No viable dags retrieved from /opt/airflow/dags/drive_data_pipeline.py
[2025-06-30T19:51:45.206+0000] {processor.py:208} INFO - Processing /opt/airflow/dags/drive_data_pipeline.py took 0.085 seconds
[2025-06-30T19:52:15.422+0000] {processor.py:186} INFO - Started process (PID=1247) to work on /opt/airflow/dags/drive_data_pipeline.py
[2025-06-30T19:52:15.424+0000] {processor.py:914} INFO - Processing file /opt/airflow/dags/drive_data_pipeline.py for tasks to queue
[2025-06-30T19:52:15.428+0000] {logging_mixin.py:190} INFO - [2025-06-30T19:52:15.427+0000] {dagbag.py:588} INFO - Filling up the DagBag from /opt/airflow/dags/drive_data_pipeline.py
[2025-06-30T19:52:15.458+0000] {logging_mixin.py:190} INFO - [2025-06-30T19:52:15.449+0000] {dagbag.py:387} ERROR - Failed to import: /opt/airflow/dags/drive_data_pipeline.py
Traceback (most recent call last):
  File "/home/airflow/.local/lib/python3.12/site-packages/airflow/models/dagbag.py", line 383, in parse
    loader.exec_module(new_module)
  File "<frozen importlib._bootstrap_external>", line 995, in exec_module
  File "<frozen importlib._bootstrap>", line 488, in _call_with_frames_removed
  File "/opt/airflow/dags/drive_data_pipeline.py", line 5, in <module>
    import polars as pl
ModuleNotFoundError: No module named 'polars'
[2025-06-30T19:52:15.460+0000] {processor.py:927} WARNING - No viable dags retrieved from /opt/airflow/dags/drive_data_pipeline.py
[2025-06-30T19:52:15.498+0000] {processor.py:208} INFO - Processing /opt/airflow/dags/drive_data_pipeline.py took 0.088 seconds
[2025-06-30T19:52:22.080+0000] {processor.py:186} INFO - Started process (PID=1255) to work on /opt/airflow/dags/drive_data_pipeline.py
[2025-06-30T19:52:22.082+0000] {processor.py:914} INFO - Processing file /opt/airflow/dags/drive_data_pipeline.py for tasks to queue
[2025-06-30T19:52:22.086+0000] {logging_mixin.py:190} INFO - [2025-06-30T19:52:22.086+0000] {dagbag.py:588} INFO - Filling up the DagBag from /opt/airflow/dags/drive_data_pipeline.py
[2025-06-30T19:52:22.165+0000] {logging_mixin.py:190} INFO - [2025-06-30T19:52:22.158+0000] {dagbag.py:387} ERROR - Failed to import: /opt/airflow/dags/drive_data_pipeline.py
Traceback (most recent call last):
  File "/home/airflow/.local/lib/python3.12/site-packages/airflow/models/dagbag.py", line 383, in parse
    loader.exec_module(new_module)
  File "<frozen importlib._bootstrap_external>", line 995, in exec_module
  File "<frozen importlib._bootstrap>", line 488, in _call_with_frames_removed
  File "/opt/airflow/dags/drive_data_pipeline.py", line 12, in <module>
    import polars as pl
ModuleNotFoundError: No module named 'polars'
[2025-06-30T19:52:22.167+0000] {processor.py:927} WARNING - No viable dags retrieved from /opt/airflow/dags/drive_data_pipeline.py
[2025-06-30T19:52:22.195+0000] {processor.py:208} INFO - Processing /opt/airflow/dags/drive_data_pipeline.py took 0.122 seconds
[2025-06-30T19:52:52.408+0000] {processor.py:186} INFO - Started process (PID=1262) to work on /opt/airflow/dags/drive_data_pipeline.py
[2025-06-30T19:52:52.410+0000] {processor.py:914} INFO - Processing file /opt/airflow/dags/drive_data_pipeline.py for tasks to queue
[2025-06-30T19:52:52.417+0000] {logging_mixin.py:190} INFO - [2025-06-30T19:52:52.414+0000] {dagbag.py:588} INFO - Filling up the DagBag from /opt/airflow/dags/drive_data_pipeline.py
[2025-06-30T19:52:52.459+0000] {logging_mixin.py:190} INFO - [2025-06-30T19:52:52.453+0000] {dagbag.py:387} ERROR - Failed to import: /opt/airflow/dags/drive_data_pipeline.py
Traceback (most recent call last):
  File "/home/airflow/.local/lib/python3.12/site-packages/airflow/models/dagbag.py", line 383, in parse
    loader.exec_module(new_module)
  File "<frozen importlib._bootstrap_external>", line 995, in exec_module
  File "<frozen importlib._bootstrap>", line 488, in _call_with_frames_removed
  File "/opt/airflow/dags/drive_data_pipeline.py", line 12, in <module>
    import polars as pl
ModuleNotFoundError: No module named 'polars'
[2025-06-30T19:52:52.461+0000] {processor.py:927} WARNING - No viable dags retrieved from /opt/airflow/dags/drive_data_pipeline.py
[2025-06-30T19:52:52.497+0000] {processor.py:208} INFO - Processing /opt/airflow/dags/drive_data_pipeline.py took 0.104 seconds
[2025-06-30T19:53:22.876+0000] {processor.py:186} INFO - Started process (PID=1269) to work on /opt/airflow/dags/drive_data_pipeline.py
[2025-06-30T19:53:22.877+0000] {processor.py:914} INFO - Processing file /opt/airflow/dags/drive_data_pipeline.py for tasks to queue
[2025-06-30T19:53:22.883+0000] {logging_mixin.py:190} INFO - [2025-06-30T19:53:22.882+0000] {dagbag.py:588} INFO - Filling up the DagBag from /opt/airflow/dags/drive_data_pipeline.py
[2025-06-30T19:53:22.932+0000] {logging_mixin.py:190} INFO - [2025-06-30T19:53:22.923+0000] {dagbag.py:387} ERROR - Failed to import: /opt/airflow/dags/drive_data_pipeline.py
Traceback (most recent call last):
  File "/home/airflow/.local/lib/python3.12/site-packages/airflow/models/dagbag.py", line 383, in parse
    loader.exec_module(new_module)
  File "<frozen importlib._bootstrap_external>", line 995, in exec_module
  File "<frozen importlib._bootstrap>", line 488, in _call_with_frames_removed
  File "/opt/airflow/dags/drive_data_pipeline.py", line 12, in <module>
    import polars as pl
ModuleNotFoundError: No module named 'polars'
[2025-06-30T19:53:22.936+0000] {processor.py:927} WARNING - No viable dags retrieved from /opt/airflow/dags/drive_data_pipeline.py
[2025-06-30T19:53:22.972+0000] {processor.py:208} INFO - Processing /opt/airflow/dags/drive_data_pipeline.py took 0.110 seconds
[2025-06-30T19:53:53.249+0000] {processor.py:186} INFO - Started process (PID=1276) to work on /opt/airflow/dags/drive_data_pipeline.py
[2025-06-30T19:53:53.253+0000] {processor.py:914} INFO - Processing file /opt/airflow/dags/drive_data_pipeline.py for tasks to queue
[2025-06-30T19:53:53.258+0000] {logging_mixin.py:190} INFO - [2025-06-30T19:53:53.257+0000] {dagbag.py:588} INFO - Filling up the DagBag from /opt/airflow/dags/drive_data_pipeline.py
[2025-06-30T19:53:53.307+0000] {logging_mixin.py:190} INFO - [2025-06-30T19:53:53.298+0000] {dagbag.py:387} ERROR - Failed to import: /opt/airflow/dags/drive_data_pipeline.py
Traceback (most recent call last):
  File "/home/airflow/.local/lib/python3.12/site-packages/airflow/models/dagbag.py", line 383, in parse
    loader.exec_module(new_module)
  File "<frozen importlib._bootstrap_external>", line 995, in exec_module
  File "<frozen importlib._bootstrap>", line 488, in _call_with_frames_removed
  File "/opt/airflow/dags/drive_data_pipeline.py", line 12, in <module>
    import polars as pl
ModuleNotFoundError: No module named 'polars'
[2025-06-30T19:53:53.309+0000] {processor.py:927} WARNING - No viable dags retrieved from /opt/airflow/dags/drive_data_pipeline.py
[2025-06-30T19:53:53.345+0000] {processor.py:208} INFO - Processing /opt/airflow/dags/drive_data_pipeline.py took 0.107 seconds
[2025-06-30T19:54:23.613+0000] {processor.py:186} INFO - Started process (PID=1283) to work on /opt/airflow/dags/drive_data_pipeline.py
[2025-06-30T19:54:23.617+0000] {processor.py:914} INFO - Processing file /opt/airflow/dags/drive_data_pipeline.py for tasks to queue
[2025-06-30T19:54:23.622+0000] {logging_mixin.py:190} INFO - [2025-06-30T19:54:23.621+0000] {dagbag.py:588} INFO - Filling up the DagBag from /opt/airflow/dags/drive_data_pipeline.py
[2025-06-30T19:54:23.663+0000] {logging_mixin.py:190} INFO - [2025-06-30T19:54:23.656+0000] {dagbag.py:387} ERROR - Failed to import: /opt/airflow/dags/drive_data_pipeline.py
Traceback (most recent call last):
  File "/home/airflow/.local/lib/python3.12/site-packages/airflow/models/dagbag.py", line 383, in parse
    loader.exec_module(new_module)
  File "<frozen importlib._bootstrap_external>", line 995, in exec_module
  File "<frozen importlib._bootstrap>", line 488, in _call_with_frames_removed
  File "/opt/airflow/dags/drive_data_pipeline.py", line 12, in <module>
    import polars as pl
ModuleNotFoundError: No module named 'polars'
[2025-06-30T19:54:23.664+0000] {processor.py:927} WARNING - No viable dags retrieved from /opt/airflow/dags/drive_data_pipeline.py
[2025-06-30T19:54:23.694+0000] {processor.py:208} INFO - Processing /opt/airflow/dags/drive_data_pipeline.py took 0.090 seconds
[2025-06-30T19:54:53.914+0000] {processor.py:186} INFO - Started process (PID=1291) to work on /opt/airflow/dags/drive_data_pipeline.py
[2025-06-30T19:54:53.920+0000] {processor.py:914} INFO - Processing file /opt/airflow/dags/drive_data_pipeline.py for tasks to queue
[2025-06-30T19:54:53.927+0000] {logging_mixin.py:190} INFO - [2025-06-30T19:54:53.924+0000] {dagbag.py:588} INFO - Filling up the DagBag from /opt/airflow/dags/drive_data_pipeline.py
[2025-06-30T19:54:53.994+0000] {logging_mixin.py:190} INFO - [2025-06-30T19:54:53.985+0000] {dagbag.py:387} ERROR - Failed to import: /opt/airflow/dags/drive_data_pipeline.py
Traceback (most recent call last):
  File "/home/airflow/.local/lib/python3.12/site-packages/airflow/models/dagbag.py", line 383, in parse
    loader.exec_module(new_module)
  File "<frozen importlib._bootstrap_external>", line 995, in exec_module
  File "<frozen importlib._bootstrap>", line 488, in _call_with_frames_removed
  File "/opt/airflow/dags/drive_data_pipeline.py", line 12, in <module>
    import polars as pl
ModuleNotFoundError: No module named 'polars'
[2025-06-30T19:54:53.996+0000] {processor.py:927} WARNING - No viable dags retrieved from /opt/airflow/dags/drive_data_pipeline.py
[2025-06-30T19:54:54.163+0000] {processor.py:208} INFO - Processing /opt/airflow/dags/drive_data_pipeline.py took 0.265 seconds
[2025-06-30T19:55:24.247+0000] {processor.py:186} INFO - Started process (PID=1298) to work on /opt/airflow/dags/drive_data_pipeline.py
[2025-06-30T19:55:24.249+0000] {processor.py:914} INFO - Processing file /opt/airflow/dags/drive_data_pipeline.py for tasks to queue
[2025-06-30T19:55:24.253+0000] {logging_mixin.py:190} INFO - [2025-06-30T19:55:24.252+0000] {dagbag.py:588} INFO - Filling up the DagBag from /opt/airflow/dags/drive_data_pipeline.py
[2025-06-30T19:55:24.291+0000] {logging_mixin.py:190} INFO - [2025-06-30T19:55:24.284+0000] {dagbag.py:387} ERROR - Failed to import: /opt/airflow/dags/drive_data_pipeline.py
Traceback (most recent call last):
  File "/home/airflow/.local/lib/python3.12/site-packages/airflow/models/dagbag.py", line 383, in parse
    loader.exec_module(new_module)
  File "<frozen importlib._bootstrap_external>", line 995, in exec_module
  File "<frozen importlib._bootstrap>", line 488, in _call_with_frames_removed
  File "/opt/airflow/dags/drive_data_pipeline.py", line 12, in <module>
    import polars as pl
ModuleNotFoundError: No module named 'polars'
[2025-06-30T19:55:24.293+0000] {processor.py:927} WARNING - No viable dags retrieved from /opt/airflow/dags/drive_data_pipeline.py
[2025-06-30T19:55:24.332+0000] {processor.py:208} INFO - Processing /opt/airflow/dags/drive_data_pipeline.py took 0.095 seconds
[2025-06-30T19:55:54.586+0000] {processor.py:186} INFO - Started process (PID=1306) to work on /opt/airflow/dags/drive_data_pipeline.py
[2025-06-30T19:55:54.588+0000] {processor.py:914} INFO - Processing file /opt/airflow/dags/drive_data_pipeline.py for tasks to queue
[2025-06-30T19:55:54.593+0000] {logging_mixin.py:190} INFO - [2025-06-30T19:55:54.592+0000] {dagbag.py:588} INFO - Filling up the DagBag from /opt/airflow/dags/drive_data_pipeline.py
[2025-06-30T19:55:54.635+0000] {logging_mixin.py:190} INFO - [2025-06-30T19:55:54.629+0000] {dagbag.py:387} ERROR - Failed to import: /opt/airflow/dags/drive_data_pipeline.py
Traceback (most recent call last):
  File "/home/airflow/.local/lib/python3.12/site-packages/airflow/models/dagbag.py", line 383, in parse
    loader.exec_module(new_module)
  File "<frozen importlib._bootstrap_external>", line 995, in exec_module
  File "<frozen importlib._bootstrap>", line 488, in _call_with_frames_removed
  File "/opt/airflow/dags/drive_data_pipeline.py", line 12, in <module>
    import polars as pl
ModuleNotFoundError: No module named 'polars'
[2025-06-30T19:55:54.637+0000] {processor.py:927} WARNING - No viable dags retrieved from /opt/airflow/dags/drive_data_pipeline.py
[2025-06-30T19:55:54.666+0000] {processor.py:208} INFO - Processing /opt/airflow/dags/drive_data_pipeline.py took 0.088 seconds
[2025-06-30T19:56:24.955+0000] {processor.py:186} INFO - Started process (PID=1313) to work on /opt/airflow/dags/drive_data_pipeline.py
[2025-06-30T19:56:24.957+0000] {processor.py:914} INFO - Processing file /opt/airflow/dags/drive_data_pipeline.py for tasks to queue
[2025-06-30T19:56:24.962+0000] {logging_mixin.py:190} INFO - [2025-06-30T19:56:24.961+0000] {dagbag.py:588} INFO - Filling up the DagBag from /opt/airflow/dags/drive_data_pipeline.py
[2025-06-30T19:56:25.037+0000] {logging_mixin.py:190} INFO - [2025-06-30T19:56:25.030+0000] {dagbag.py:387} ERROR - Failed to import: /opt/airflow/dags/drive_data_pipeline.py
Traceback (most recent call last):
  File "/home/airflow/.local/lib/python3.12/site-packages/airflow/models/dagbag.py", line 383, in parse
    loader.exec_module(new_module)
  File "<frozen importlib._bootstrap_external>", line 995, in exec_module
  File "<frozen importlib._bootstrap>", line 488, in _call_with_frames_removed
  File "/opt/airflow/dags/drive_data_pipeline.py", line 12, in <module>
    import polars as pl
ModuleNotFoundError: No module named 'polars'
[2025-06-30T19:56:25.040+0000] {processor.py:927} WARNING - No viable dags retrieved from /opt/airflow/dags/drive_data_pipeline.py
[2025-06-30T19:56:25.067+0000] {processor.py:208} INFO - Processing /opt/airflow/dags/drive_data_pipeline.py took 0.121 seconds
