[2025-07-07T03:22:25.945+0000] {local_task_job_runner.py:123} INFO - ::group::Pre task execution logs
[2025-07-07T03:22:25.965+0000] {taskinstance.py:2612} INFO - Dependencies all met for dep_context=non-requeueable deps ti=<TaskInstance: extract_raw_data_pipeline.run_dbt_trusted scheduled__2025-07-06T07:58:00+00:00 [queued]>
[2025-07-07T03:22:25.974+0000] {taskinstance.py:2612} INFO - Dependencies all met for dep_context=requeueable deps ti=<TaskInstance: extract_raw_data_pipeline.run_dbt_trusted scheduled__2025-07-06T07:58:00+00:00 [queued]>
[2025-07-07T03:22:25.975+0000] {taskinstance.py:2865} INFO - Starting attempt 1 of 1
[2025-07-07T03:22:25.987+0000] {taskinstance.py:2888} INFO - Executing <Task(BashOperator): run_dbt_trusted> on 2025-07-06 07:58:00+00:00
[2025-07-07T03:22:25.997+0000] {warnings.py:112} WARNING - /home/***/.local/lib/python3.12/site-packages/***/task/task_runner/standard_task_runner.py:70: DeprecationWarning: This process (pid=203) is multi-threaded, use of fork() may lead to deadlocks in the child.
  pid = os.fork()

[2025-07-07T03:22:25.999+0000] {standard_task_runner.py:72} INFO - Started process 205 to run task
[2025-07-07T03:22:26.000+0000] {standard_task_runner.py:104} INFO - Running: ['***', 'tasks', 'run', 'extract_raw_data_pipeline', 'run_dbt_trusted', 'scheduled__2025-07-06T07:58:00+00:00', '--job-id', '11', '--raw', '--subdir', 'DAGS_FOLDER/driven_data_pipeline.py', '--cfg-path', '/tmp/tmpdnfkl844']
[2025-07-07T03:22:26.001+0000] {standard_task_runner.py:105} INFO - Job 11: Subtask run_dbt_trusted
[2025-07-07T03:22:26.078+0000] {task_command.py:467} INFO - Running <TaskInstance: extract_raw_data_pipeline.run_dbt_trusted scheduled__2025-07-06T07:58:00+00:00 [running]> on host 5a1687b5f252
[2025-07-07T03:22:26.190+0000] {taskinstance.py:3131} INFO - Exporting env vars: AIRFLOW_CTX_DAG_OWNER='***' AIRFLOW_CTX_DAG_ID='extract_raw_data_pipeline' AIRFLOW_CTX_TASK_ID='run_dbt_trusted' AIRFLOW_CTX_EXECUTION_DATE='2025-07-06T07:58:00+00:00' AIRFLOW_CTX_TRY_NUMBER='1' AIRFLOW_CTX_DAG_RUN_ID='scheduled__2025-07-06T07:58:00+00:00'
[2025-07-07T03:22:26.193+0000] {taskinstance.py:731} INFO - ::endgroup::
[2025-07-07T03:22:26.212+0000] {subprocess.py:63} INFO - Tmp dir root location: /tmp
[2025-07-07T03:22:26.215+0000] {subprocess.py:75} INFO - Running command: ['/usr/bin/bash', '-c', 'cd /opt/***/dbt && dbt run --select tag:trusted']
[2025-07-07T03:22:26.237+0000] {subprocess.py:86} INFO - Output:
[2025-07-07T03:22:28.649+0000] {subprocess.py:93} INFO - [0m03:22:28  Running with dbt=1.10.3
[2025-07-07T03:22:28.924+0000] {subprocess.py:93} INFO - [0m03:22:28  Registered adapter: postgres=1.9.0
[2025-07-07T03:22:29.403+0000] {subprocess.py:93} INFO - [0m03:22:29  Found 9 models, 11 sources, 433 macros
[2025-07-07T03:22:29.407+0000] {subprocess.py:93} INFO - [0m03:22:29
[2025-07-07T03:22:29.408+0000] {subprocess.py:93} INFO - [0m03:22:29  Concurrency: 1 threads (target='dev')
[2025-07-07T03:22:29.408+0000] {subprocess.py:93} INFO - [0m03:22:29
[2025-07-07T03:22:29.571+0000] {subprocess.py:93} INFO - [0m03:22:29  1 of 4 START sql table model driven_trusted.non_pii_data ....................... [RUN]
[2025-07-07T03:22:29.727+0000] {subprocess.py:93} INFO - [0m03:22:29  1 of 4 OK created sql table model driven_trusted.non_pii_data .................. [[32mSELECT 100[0m in 0.15s]
[2025-07-07T03:22:29.729+0000] {subprocess.py:93} INFO - [0m03:22:29  2 of 4 START sql table model driven_trusted.payment_data ....................... [RUN]
[2025-07-07T03:22:29.802+0000] {subprocess.py:93} INFO - [0m03:22:29  2 of 4 OK created sql table model driven_trusted.payment_data .................. [[32mSELECT 100[0m in 0.07s]
[2025-07-07T03:22:29.804+0000] {subprocess.py:93} INFO - [0m03:22:29  3 of 4 START sql table model driven_trusted.pii_data ........................... [RUN]
[2025-07-07T03:22:29.884+0000] {subprocess.py:93} INFO - [0m03:22:29  3 of 4 OK created sql table model driven_trusted.pii_data ...................... [[32mSELECT 100[0m in 0.08s]
[2025-07-07T03:22:29.886+0000] {subprocess.py:93} INFO - [0m03:22:29  4 of 4 START sql table model driven_trusted.technical_data ..................... [RUN]
[2025-07-07T03:22:29.960+0000] {subprocess.py:93} INFO - [0m03:22:29  4 of 4 OK created sql table model driven_trusted.technical_data ................ [[32mSELECT 100[0m in 0.07s]
[2025-07-07T03:22:29.974+0000] {subprocess.py:93} INFO - [0m03:22:29
[2025-07-07T03:22:29.975+0000] {subprocess.py:93} INFO - [0m03:22:29  Finished running 4 table models in 0 hours 0 minutes and 0.56 seconds (0.56s).
[2025-07-07T03:22:30.026+0000] {subprocess.py:93} INFO - [0m03:22:30
[2025-07-07T03:22:30.027+0000] {subprocess.py:93} INFO - [0m03:22:30  [32mCompleted successfully[0m
[2025-07-07T03:22:30.027+0000] {subprocess.py:93} INFO - [0m03:22:30
[2025-07-07T03:22:30.028+0000] {subprocess.py:93} INFO - [0m03:22:30  Done. PASS=4 WARN=0 ERROR=0 SKIP=0 NO-OP=0 TOTAL=4
[2025-07-07T03:22:30.849+0000] {subprocess.py:97} INFO - Command exited with return code 0
[2025-07-07T03:22:30.879+0000] {taskinstance.py:340} INFO - ::group::Post task execution logs
[2025-07-07T03:22:30.880+0000] {taskinstance.py:352} INFO - Marking task as SUCCESS. dag_id=extract_raw_data_pipeline, task_id=run_dbt_trusted, run_id=scheduled__2025-07-06T07:58:00+00:00, execution_date=20250706T075800, start_date=20250707T032225, end_date=20250707T032230
[2025-07-07T03:22:30.912+0000] {local_task_job_runner.py:266} INFO - Task exited with return code 0
[2025-07-07T03:22:30.930+0000] {taskinstance.py:3900} INFO - 0 downstream tasks scheduled from follow-on schedule check
[2025-07-07T03:22:30.933+0000] {local_task_job_runner.py:245} INFO - ::endgroup::
